#
# There is insufficient memory for the Java Runtime Environment to continue.
# Native memory allocation (malloc) failed to allocate 1048576 bytes. Error detail: AllocateHeap
# Possible reasons:
#   The system is out of physical RAM or swap space
#   This process is running with CompressedOops enabled, and the Java Heap may be blocking the growth of the native heap
# Possible solutions:
#   Reduce memory load on the system
#   Increase physical memory or swap space
#   Check if swap backing store is full
#   Decrease Java heap size (-Xmx/-Xms)
#   Decrease number of Java threads
#   Decrease Java thread stack sizes (-Xss)
#   Set larger code cache with -XX:ReservedCodeCacheSize=
#   JVM is running with Unscaled Compressed Oops mode in which the Java heap is
#     placed in the first 4GB address space. The Java Heap base address is the
#     maximum limit for the native heap growth. Please use -XX:HeapBaseMinAddress
#     to set the Java Heap base and to place the Java Heap above 4GB virtual address.
# This output file may be truncated or incomplete.
#
#  Out of Memory Error (allocation.cpp:44), pid=13424, tid=18280
#
# JRE version:  (24.0.2+12) (build )
# Java VM: OpenJDK 64-Bit Server VM (24.0.2+12-FR, mixed mode, emulated-client, sharing, tiered, compressed oops, compressed class ptrs, g1 gc, windows-amd64)
# No core dump will be written. Minidumps are not enabled by default on client versions of Windows
#

---------------  S U M M A R Y ------------

Command Line: -XX:TieredStopAtLevel=1 -Dfile.encoding=windows-1252 -Duser.country=CO -Duser.language=es -Duser.variant com.gems.auth.AuthApplication

Host: AMD Ryzen 5 3450U with Radeon Vega Mobile Gfx  , 8 cores, 5G,  Windows 11 , 64 bit Build 26100 (10.0.26100.7019)
Time: Wed Nov 26 20:41:52 2025 Hora est. Pacífico, Sudamérica elapsed time: 2.119606 seconds (0d 0h 0m 2s)

---------------  T H R E A D  ---------------

Current thread (0x000001584b46dd90):  JavaThread "Unknown thread" [_thread_in_vm, id=18280, stack(0x00000051e7100000,0x00000051e7200000) (1024K)]

Stack: [0x00000051e7100000,0x00000051e7200000]
Native frames: (J=compiled Java code, j=interpreted, Vv=VM code, C=native code)
V  [jvm.dll+0x73c799]  (no source info available)
V  [jvm.dll+0x9758e8]  (no source info available)
V  [jvm.dll+0x977d54]  (no source info available)
V  [jvm.dll+0x9783a3]  (no source info available)
V  [jvm.dll+0x2b0ff6]  (no source info available)
V  [jvm.dll+0xc24b7]  (no source info available)
V  [jvm.dll+0x370e34]  (no source info available)
V  [jvm.dll+0x3683d2]  (no source info available)
V  [jvm.dll+0x938fb7]  (no source info available)
V  [jvm.dll+0x40330d]  (no source info available)
V  [jvm.dll+0x92123d]  (no source info available)
V  [jvm.dll+0x49d531]  (no source info available)
V  [jvm.dll+0x49f3b1]  (no source info available)
C  [jli.dll+0x52ea]  (no source info available)
C  [ucrtbase.dll+0x37b0]  (no source info available)
C  [KERNEL32.DLL+0x2e8d7]  (no source info available)
C  [ntdll.dll+0x8c53c]  (no source info available)

Lock stack of current Java thread (top to bottom):


---------------  P R O C E S S  ---------------

Threads class SMR info:
_java_thread_list=0x00007fff93af4f58, length=0, elements={
}

Java Threads: ( => current thread )
Total: 0

Other Threads:
  0x000001584b4bbb80 WorkerThread "GC Thread#0"                     [id=24940, stack(0x00000051e7200000,0x00000051e7300000) (1024K)]

[error occurred during error reporting (printing all threads), id 0xc0000005, EXCEPTION_ACCESS_VIOLATION (0xc0000005) at pc=0x00007fff931661f0]
VM state: not at safepoint (not fully initialized)

VM Mutex/Monitor currently owned by a thread:  ([mutex/lock_event])
[0x00007fff93b7e198] Heap_lock - owner thread: 0x000001584b46dd90

Heap address: 0x00000000a1c00000, size: 1508 MB, Compressed Oops mode: 32-bit

CDS archive(s) mapped at: [0x0000000000000000-0x0000000000000000-0x0000000000000000), size 0, SharedBaseAddress: 0x0000000800000000, ArchiveRelocationMode: 1.
UseCompressedClassPointers 1, UseCompactObjectHeaders 0
Narrow klass pointer bits 32, Max shift 3
Narrow klass base: 0xffffffffffffffff, Narrow klass shift: -1
Encoding Range: [0xffffffffffffffff - 0x000000007fffffff), (2147483648 bytes)
Klass Range:    [0x0000000000000000 - 0x0000000000000000), (0 bytes)
Klass ID Range:  [4294967295 - 0) (1)

GC Precious Log:
 CardTable entry size: 512
 Card Set container configuration: InlinePtr #cards 5 size 8 Array Of Cards #cards 10 size 36 Howl #buckets 4 coarsen threshold 1843 Howl Bitmap #cards 512 size 80 coarsen threshold 460 Card regions per heap region 1 cards per card region 2048

Heap:
 garbage-first heap   total reserved 1544192K, committed 0K, used 0K [0x00000000a1c00000, 0x0000000100000000)
  region size 1024K, 0 young (0K), 0 survivors (0K)

[error occurred during error reporting (printing heap information), id 0xc0000005, EXCEPTION_ACCESS_VIOLATION (0xc0000005) at pc=0x00007fff9358b1e9]
GC Heap History (0 events):
No events

Dll operation events (1 events):
Event: 0.102 Loaded shared library C:\Users\juane\.jdks\corretto-24.0.2\bin\java.dll

Deoptimization events (0 events):
No events

Classes loaded (0 events):
No events

Classes unloaded (0 events):
No events

Classes redefined (0 events):
No events

Internal exceptions (0 events):
No events

VM Operations (0 events):
No events

Memory protections (0 events):
No events

Nmethod flushes (0 events):
No events

Events (0 events):
No events


Dynamic libraries:
0x00007ff6196c0000 - 0x00007ff6196ce000 	C:\Users\juane\.jdks\corretto-24.0.2\bin\java.exe
0x00007ff863fc0000 - 0x00007ff864228000 	C:\WINDOWS\SYSTEM32\ntdll.dll
0x00007ff862560000 - 0x00007ff862629000 	C:\WINDOWS\System32\KERNEL32.DLL
0x00007ff861310000 - 0x00007ff861708000 	C:\WINDOWS\System32\KERNELBASE.dll
0x00007ff861110000 - 0x00007ff86125b000 	C:\WINDOWS\System32\ucrtbase.dll
0x00007ff8415f0000 - 0x00007ff841607000 	C:\Users\juane\.jdks\corretto-24.0.2\bin\jli.dll
0x00007ff8637b0000 - 0x00007ff863977000 	C:\WINDOWS\System32\USER32.dll
0x00007ff8619b0000 - 0x00007ff8619d7000 	C:\WINDOWS\System32\win32u.dll
0x00007ff8634e0000 - 0x00007ff86350b000 	C:\WINDOWS\System32\GDI32.dll
0x00007ff861880000 - 0x00007ff8619ac000 	C:\WINDOWS\System32\gdi32full.dll
0x00007ff861260000 - 0x00007ff861303000 	C:\WINDOWS\System32\msvcp_win.dll
0x00007ff84de80000 - 0x00007ff84e114000 	C:\WINDOWS\WinSxS\amd64_microsoft.windows.common-controls_6595b64144ccf1df_6.0.26100.7019_none_3e06ffa0e335b8a8\COMCTL32.dll
0x00007ff8621f0000 - 0x00007ff862299000 	C:\WINDOWS\System32\msvcrt.dll
0x00007ff836a80000 - 0x00007ff836a9e000 	C:\Users\juane\.jdks\corretto-24.0.2\bin\VCRUNTIME140.dll
0x00007ff863040000 - 0x00007ff863071000 	C:\WINDOWS\System32\IMM32.DLL
0x00007ff8463b0000 - 0x00007ff8463bc000 	C:\Users\juane\.jdks\corretto-24.0.2\bin\vcruntime140_1.dll
0x00007ff801490000 - 0x00007ff801519000 	C:\Users\juane\.jdks\corretto-24.0.2\bin\msvcp140.dll
0x00007fff92df0000 - 0x00007fff93c65000 	C:\Users\juane\.jdks\corretto-24.0.2\bin\server\jvm.dll
0x00007ff863340000 - 0x00007ff8633f4000 	C:\WINDOWS\System32\ADVAPI32.dll
0x00007ff863530000 - 0x00007ff8635d6000 	C:\WINDOWS\System32\sechost.dll
0x00007ff863220000 - 0x00007ff863338000 	C:\WINDOWS\System32\RPCRT4.dll
0x00007ff863e00000 - 0x00007ff863e74000 	C:\WINDOWS\System32\WS2_32.dll
0x00007ff860f70000 - 0x00007ff860fce000 	C:\WINDOWS\SYSTEM32\POWRPROF.dll
0x00007ff85a0e0000 - 0x00007ff85a115000 	C:\WINDOWS\SYSTEM32\WINMM.dll
0x00007ff85a120000 - 0x00007ff85a12b000 	C:\WINDOWS\SYSTEM32\VERSION.dll
0x00007ff860f50000 - 0x00007ff860f64000 	C:\WINDOWS\SYSTEM32\UMPDC.dll
0x00007ff85fe90000 - 0x00007ff85feab000 	C:\WINDOWS\SYSTEM32\kernel.appcore.dll
0x00007ff844bd0000 - 0x00007ff844bda000 	C:\Users\juane\.jdks\corretto-24.0.2\bin\jimage.dll
0x00007ff854940000 - 0x00007ff854b82000 	C:\WINDOWS\SYSTEM32\DBGHELP.DLL
0x00007ff863a70000 - 0x00007ff863dfb000 	C:\WINDOWS\System32\combase.dll
0x00007ff863400000 - 0x00007ff8634d7000 	C:\WINDOWS\System32\OLEAUT32.dll
0x00007ff84d850000 - 0x00007ff84d88c000 	C:\WINDOWS\SYSTEM32\dbgcore.DLL
0x00007ff8619e0000 - 0x00007ff861a85000 	C:\WINDOWS\System32\bcryptPrimitives.dll
0x00007ff834b00000 - 0x00007ff834b1f000 	C:\Users\juane\.jdks\corretto-24.0.2\bin\java.dll
0x00007ff863080000 - 0x00007ff863217000 	C:\WINDOWS\System32\ole32.dll
0x00007ff862710000 - 0x00007ff862e5f000 	C:\WINDOWS\System32\SHELL32.dll
0x00007ff861710000 - 0x00007ff86187b000 	C:\WINDOWS\System32\wintypes.dll

JVMTI agents: none

dbghelp: loaded successfully - version: 4.0.5 - missing functions: none
symbol engine: initialized successfully - sym options: 0x614 - pdb path: .;C:\Users\juane\.jdks\corretto-24.0.2\bin;C:\WINDOWS\SYSTEM32;C:\WINDOWS\WinSxS\amd64_microsoft.windows.common-controls_6595b64144ccf1df_6.0.26100.7019_none_3e06ffa0e335b8a8;C:\Users\juane\.jdks\corretto-24.0.2\bin\server

VM Arguments:
jvm_args: -XX:TieredStopAtLevel=1 -Dfile.encoding=windows-1252 -Duser.country=CO -Duser.language=es -Duser.variant 
java_command: com.gems.auth.AuthApplication
java_class_path (initial): J:\GEMS\gems-lms-api\ms-auth\build\classes\java\main;J:\GEMS\gems-lms-api\ms-auth\build\resources\main;C:\Users\juane\.gradle\caches\modules-2\files-2.1\org.postgresql\r2dbc-postgresql\1.0.7.RELEASE\d6283b1fda43ef0078c7a3cd5db0fed5b0b5ac8c\r2dbc-postgresql-1.0.7.RELEASE.jar;C:\Users\juane\.gradle\caches\modules-2\files-2.1\io.jsonwebtoken\jjwt-impl\0.11.5\40a599f0e8a8e4e0701596fbb15e67bfda64fdf0\jjwt-impl-0.11.5.jar;C:\Users\juane\.gradle\caches\modules-2\files-2.1\io.jsonwebtoken\jjwt-jackson\0.11.5\3b83a06809e98a69402d7333dcf67df6f6ea4579\jjwt-jackson-0.11.5.jar;C:\Users\juane\.gradle\caches\modules-2\files-2.1\io.jsonwebtoken\jjwt-api\0.11.5\f742940045619d06383e7df37b21ac422b476cf1\jjwt-api-0.11.5.jar;C:\Users\juane\.gradle\caches\modules-2\files-2.1\org.springframework.boot\spring-boot-autoconfigure\3.4.5\c44ad60865ca1d0b88e576b0355e755ed28aec52\spring-boot-autoconfigure-3.4.5.jar;C:\Users\juane\.gradle\caches\modules-2\files-2.1\org.springframework.boot\spring-boot\3.4.5\414fcf9f9e0ccb961243d8f36ef8ad6d4040e745\spring-boot-3.4.5.jar;C:\Users\juane\.gradle\caches\modules-2\files-2.1\jakarta.annotation\jakarta.annotation-api\2.1.1\48b9bda22b091b1f48b13af03fe36db3be6e1ae3\jakarta.annotation-api-2.1.1.jar;C:\Users\juane\.gradle\caches\modules-2\files-2.1\org.springframework\spring-webflux\6.2.6\85edcb71e32e1fab71369c622017ada8c779fa34\spring-webflux-6.2.6.jar;C:\Users\juane\.gradle\caches\modules-2\files-2.1\org.springframework.security\spring-security-web\6.4.5\f430226d6af53c86bf02feb461d9b035953d8deb\spring-security-web-6.4.5.jar;C:\Users\juane\.gradle\caches\modules-2\files-2.1\org.springframework\spring-web\6.2.6\17a4f806e877a1064a2442fe7545b0036fb9550f\spring-web-6.2.6.jar;C:\Users\juane\.gradle\caches\modules-2\files-2.1\org.springframework.data\spring-data-r2dbc\3.4.5\27f74b9fe78a5a3fc5e7b37cb0ed2a7f8130cb5\spring-data-r2dbc-3.4.5.jar;C:\Users\juane\.gradle\caches\modules-2\files-2.1\org.springframework.security\spring-security-config\6.4.5\51f03717b00eb1843073cccb0ff294edb7946917\spring-security-config-6.4.5.jar;C:\Users\juane\.gradle\caches\modules-2\files-2.1\org.springframework.data\spring-data-relational\3.4.5\a8d30acaed34ca04621bea1cfc5cf805335156df\spring-data-relational-3.4.5.jar;C:\Users\juane\.gradle\caches\modules-2\files-2.1\org.springframework.security\spring-security-core\6.4.5\ae545fe651f167ccf36f494300f460d6f8c978b8\spring-security-core-6.4.5.jar;C:\Users\juane\.gradle\caches\modules-2\files-2.1\org.springframework\spring-context\6.2.6\ae08b2ec4a49ab7acb0b5eea7c309363139d54ad\spring-context-6.2.6.jar;C:\Users\juane\.gradle\caches\modules-2\files-2.1\org.springframework\spring-aop\6.2.6\ab5502a1e9694f2ecd001ecb1ee1fc46b29cfbd9\spring-aop-6.2.6.jar;C:\Users\juane\.gradle\caches\modules-2\files-2.1\org.springframework.data\spring-data-commons\3.4.5\bad5044a4d2f322ff939247ff448d4322c6b7d5d\spring-data-commons-3.4.5.jar;C:\Users\juane\.gradle\caches\modules-2\files-2.1\org.springframework\spring-jdbc\6.2.6\529137b0f92d8cfd13876e6aa8df9088246b4755\spring-jdbc-6.2.6.jar;C:\Users\juane\.gradle\caches\modules-2\files-2.1\org.springframework\spring-r2dbc\6.2.6\37e650f1c1f4dde666bf461a8d20bcf1b739e17d\spring-r2dbc-6.2.6.jar;C:\Users\juane\.gradle\caches\modules-2\files-2.1\org.springframework\spring-tx\6.2.6\fb46b2d651a6c509625bc6e7e38865137f658eca\spring-tx-6.2.6.jar;C:\Users\juane\.gradle\caches\modules-2\files-2.1\org.springframework\spring-beans\6.2.6\d43abe3b5765748210c511043b1d4904ca216a9f\spring-beans-6.2.6.jar;C:\Users\juane\.gradle\caches\modules-2\files-2.1\org.springframework\spring-expression\6.2.6\d9efc768cfda1d97c8fe769a9d50f936eb7f18e2\spring-expression-6.2.6.jar;C:\Users\juane\.gradle\caches\modules-2\files-2.1\org.springframework\spring-core\6.2.6\4639dac5fc46cb6a9f6eb2709decfb90313e0f2c\spring-core-6.2.6.jar;C:\Users\juane\.gradle\caches\modules-2\files-2.1\org.yaml\snakeyaml\2.3\936b36210e27320f920536f695cf1af210c44586\snakeyaml-2.3.jar;C:\Users\juane\.gradle\caches\modules-2\files-2.1\io.r2dbc\r2dbc-pool\1.0.2.RELEASE\c6a07e2e312e9bc8a897759a1004023187451c4f\r2dbc-pool-1.0.2.RELEASE.jar;C:\Users\juane\.gradle\caches\modules-2\files-2.1\io.r2dbc\r2dbc-spi\1.0.0.RELEASE\e3d15b2d27fdb8fdb76a181b21d5c752adf1d165\r2dbc-spi-1.0.0.RELEASE.jar;C:\Users\juane\.gradle\caches\modules-2\files-2.1\com.ongres.scram\client\2.1\4ab4f013dce4ce2bdf315e3cfef529bdc2b6a5d1\client-2.1.jar;C:\Users\juane\.gradle\caches\modules-2\files-2.1\io.projectreactor.netty\reactor-netty-http\1.2.5\b3f2a54919a1e15ca9543380b045ba54ca4e57cc\reactor-netty-http-1.2.5.jar;C:\Users\juane\.gradle\caches\modules-2\files-2.1\io.projectreactor.netty\reactor-netty-core\1.2.5\42af645f3cfc221f74573103773a9def598d2231\reactor-netty-core-1.2.5.jar;C:\Users\juane\.gradle\caches\modules-2\files-2.1\io.projectreactor.addons\reactor-pool\1.1.2\9b6334fbf10cfa816b1e97183966a64ca6b67334\reactor-pool-1.1.2.jar;C:\Users\juane\.gradle\caches\modules-2\files-2.1\io.projectreactor\reactor-core\3.7.5\2ffb9b7043593da9a80b91f14cc30f4914183f3a\reactor-core-3.7.5.jar;C:\Users\juane\.gradle\caches\modules-2\files-2.1\org.apache.tomcat.embed\tomcat-embed-el\10.1.40\1b321790508c1d410689b4f496dae18a97fa6ae9\tomcat-embed-el-10.1.40.jar;C:\Users\juane\.gradle\caches\modules-2\files-2.1\org.hibernate.validator\hibernate-validator\8.0.2.Final\220e64815dd87535525331de20570017f899eb13\hibernate-validator-8.0.2.Final.jar;C:\Users\juane\.gradle\caches\modules-2\files-2.1\com.fasterxml.jackson.datatype\jackson-datatype-jsr310\2.18.3\cc57924cccf42fc852081c36215272f84ffcd991\jackson-datatype-jsr310-2.18.3.jar;C:\Users\juane\.gradle\caches\modules-2\files-2.1\com.fasterxml.jackson.module\jackson-module-parameter-names\2.18.3\fa63ae5eb3956b1a6d7a7ead2b513af89dea22e7\jackson-module-parameter-names-2.18.3.jar;C:\Users\juane\.gradle\caches\modules-2\files-2.1\com.fasterxml.jackson.core\jackson-annotations\2.18.3\7fa21cf7da4598f8240e4ebd9779249622af1acd\jackson-annotations-2.18.3.jar;C:\Users\juane\.gradle\caches\modules-2\files-2.1\com.fasterxml.jackson.core\jackson-core\2.18.3\78f80c259268200e588aa204dd97ecf09b76916e\jackson-core-2.18.3.jar;C:\Users\juane\.gradle\caches\modules-2\files-2.1\com.fasterxml.jackson.datatype\jackson-datatype-jdk8\2.18.3\621558295660935134b171ce2b0d9ad6842ec2ff\jackson-datatype-jdk8-2.18.3.jar;C:\Users\juane\.gradle\caches\modules-2\files-2.1\com.fasterxml.jackson.core\jackson-databind\2.18.3\537e3886263e3b3464385040453e92567fd509e2\jackson-databind-2.18.3.jar;C:\Users\juane\.gradle\caches\modules-2\files-2.1\ch.qos.logback\logback-classic\1.5.18\fc371f3fc97a639de2d67947cffb7518ec5e3d40\logback-classic-1.5.18.jar;C:\Users\juane\.gradle\caches\modules-2\files-2.1\org.apache.logging.log4j\log4j-to-slf4j\2.24.3\da1143e2a2531ee1c2d90baa98eb50a28a39d5a7\log4j-to-slf4j-2.24.3.jar;C:\Users\juane\.gradle\caches\modules-2\files-2.1\org.slf4j\jul-to-slf4j\2.0.17\524cb6ccc2b68a57604750e1ab8b13b5a786a6aa\jul-to-slf4j-2.0.17.jar;C:\Users\juane\.gradle\caches\modules-2\files-2.1\org.springframework\spring-jcl\6.2.6\f4468f33de0015179abb6055964801bc962f8d51\spring-jcl-6.2.6.jar;C:\Users\juane\.gradle\caches\modules-2\files-2.1\io.micrometer\micrometer-observation\1.14.6\3ba55114eb3f2b33431ce6cf80c6114cf2b21c9\micrometer-observation-1.14.6.jar;C:\Users\juane\.gradle\caches\modules-2\files-2.1\org.slf4j\slf4j-api\2.0.17\d9e58ac9c7779ba3bf8142aff6c830617a7fe60f\slf4j-api-2.0.17.jar;C:\Users\juane\.gradle\caches\modules-2\files-2.1\org.reactivestreams\reactive-streams\1.0.4\3864a1320d97d7b045f729a326e1e077661f31b7\reactive-streams-1.0.4.jar;C:\Users\juane\.gradle\caches\modules-2\files-2.1\com.ongres.scram\common\2.1\43dfdba15afc165a2a5da75f3ef1a2f5f7300f61\common-2.1.jar;C:\Users\juane\.gradle\caches\modules-2\files-2.1\io.netty\netty-resolver-dns-native-macos\4.1.119.Final\23cc363910cf38e2de91ab8703bb05373e6d2e42\netty-resolver-dns-native-macos-4.1.119.Final-osx-x86_64.jar;C:\Users\juane\.gradle\caches\modules-2\files-2.1\io.netty\netty-resolver-dns-classes-macos\4.1.119.Final\6185080a70da30c1efa315ae3780c5baca6ff306\netty-resolver-dns-classes-macos-4.1.119.Final.jar;C:\Users\juane\.gradle\caches\modules-2\files-2.1\io.netty\netty-resolver-dns\4.1.119.Final\aa1809477e369484dbe52b99cb2a5e1228be2fc4\netty-resolver-dns-4.1.119.Final.jar;C:\Users\juane\.gradle\caches\modules-2\files-2.1\io.netty\netty-handler-proxy\4.1.119.Final\50a0d16a6e5c714a6f2bfe49badd9678da4a0a92\netty-handler-proxy-4.1.119.Final.jar;C:\Users\juane\.gradle\caches\modules-2\files-2.1\io.netty\netty-codec-http2\4.1.119.Final\648b066861723b60635bef2047229ed73d0cbd04\netty-codec-http2-4.1.119.Final.jar;C:\Users\juane\.gradle\caches\modules-2\files-2.1\io.netty\netty-codec-http\4.1.119.Final\23196984df6083cc39bef22a54c6cf5b157f3824\netty-codec-http-4.1.119.Final.jar;C:\Users\juane\.gradle\caches\modules-2\files-2.1\io.netty\netty-handler\4.1.119.Final\a0059b8d779ce566b524efd6d73ba4fcff3cd5d9\netty-handler-4.1.119.Final.jar;C:\Users\juane\.gradle\caches\modules-2\files-2.1\io.netty\netty-transport-native-epoll\4.1.119.Final\500fdc2000a47c07ad6c0ea230127f5ac3c9ad5c\netty-transport-native-epoll-4.1.119.Final-linux-x86_64.jar;C:\Users\juane\.gradle\caches\modules-2\files-2.1\jakarta.validation\jakarta.validation-api\3.0.2\92b6631659ba35ca09e44874d3eb936edfeee532\jakarta.validation-api-3.0.2.jar;C:\Users\juane\.gradle\caches\modules-2\files-2.1\org.jboss.logging\jboss-logging\3.6.1.Final\886afbb445b4016a37c8960a7aef6ebd769ce7e5\jboss-logging-3.6.1.Final.jar;C:\Users\juane\.gradle\caches\modules-2\files-2.1\com.fasterxml\classmate\1.7.0\e98374da1f2143ac8e6e0a95036994bb19137a3\classmate-1.7.0.jar;C:\Users\juane\.gradle\caches\modules-2\files-2.1\ch.qos.logback\logback-core\1.5.18\6c0375624f6f36b4e089e2488ba21334a11ef13f\logback-core-1.5.18.jar;C:\Users\juane\.gradle\caches\modules-2\files-2.1\org.apache.logging.log4j\log4j-api\2.24.3\b02c125db8b6d295adf72ae6e71af5d83bce2370\log4j-api-2.24.3.jar;C:\Users\juane\.gradle\caches\modules-2\files-2.1\io.micrometer\micrometer-commons\1.14.6\1a6595762c77bd8401cf51aa11bac8e4fa747545\micrometer-commons-1.14.6.jar;C:\Users\juane\.gradle\caches\modules-2\files-2.1\org.springframework.security\spring-security-crypto\6.4.5\9d3340a1f6cd975dbb72b22b865119b614c43060\spring-security-crypto-6.4.5.jar;C:\Users\juane\.gradle\caches\modules-2\files-2.1\com.ongres.stringprep\saslprep\1.1\eaf05b6446126f95de2f183b91751a854c2fc0bc\saslprep-1.1.jar;C:\Users\juane\.gradle\caches\modules-2\files-2.1\io.netty\netty-transport-classes-epoll\4.1.119.Final\1d2d986ae0615d50f5cee338f0e9e73f46e8158\netty-transport-classes-epoll-4.1.119.Final.jar;C:\Users\juane\.gradle\caches\modules-2\files-2.1\io.netty\netty-transport-native-unix-common\4.1.119.Final\55afdeb456bccf8eecb06431f3c1537269afe9af\netty-transport-native-unix-common-4.1.119.Final.jar;C:\Users\juane\.gradle\caches\modules-2\files-2.1\io.netty\netty-codec-socks\4.1.119.Final\18ea7a77080c64e9f63f5b79367461b4b1d53a2e\netty-codec-socks-4.1.119.Final.jar;C:\Users\juane\.gradle\caches\modules-2\files-2.1\io.netty\netty-codec-dns\4.1.119.Final\a5e64de87e9b90434832a185891bfcbca87a2b7b\netty-codec-dns-4.1.119.Final.jar;C:\Users\juane\.gradle\caches\modules-2\files-2.1\io.netty\netty-codec\4.1.119.Final\337ca8e8c3ef23925e02d56347b414d7616d1d02\netty-codec-4.1.119.Final.jar;C:\Users\juane\.gradle\caches\modules-2\files-2.1\io.netty\netty-transport\4.1.119.Final\d05df879054297962d056b77460fc4ff20e30073\netty-transport-4.1.119.Final.jar;C:\Users\juane\.gradle\caches\modules-2\files-2.1\io.netty\netty-resolver\4.1.119.Final\e1f7c90aff71bdf0e2294a200b5f89244f88dcf7\netty-resolver-4.1.119.Final.jar;C:\Users\juane\.gradle\caches\modules-2\files-2.1\io.netty\netty-buffer\4.1.119.Final\5864149b2e5a2af7b05fe9e9dc3e4b70d3060a7c\netty-buffer-4.1.119.Final.jar;C:\Users\juane\.gradle\caches\modules-2\files-2.1\io.netty\netty-common\4.1.119.Final\2f7c360b03c0aceab7efc1f7c2b75274f0f35909\netty-common-4.1.119.Final.jar;C:\Users\juane\.gradle\caches\modules-2\files-2.1\com.ongres.stringprep\stringprep\1.1\9149e6d6f97be4c2b641c89ea569cb4fde872972\stringprep-1.1.jar
Launcher Type: SUN_STANDARD

[Global flags]
     intx CICompilerCount                          = 4                                         {product} {ergonomic}
     uint ConcGCThreads                            = 2                                         {product} {ergonomic}
     uint G1ConcRefinementThreads                  = 8                                         {product} {ergonomic}
   size_t G1HeapRegionSize                         = 1048576                                   {product} {ergonomic}
   size_t InitialHeapSize                          = 100663296                                 {product} {ergonomic}
   size_t MarkStackSize                            = 4194304                                   {product} {ergonomic}
   size_t MarkStackSizeMax                         = 536870912                                 {product} {ergonomic}
   size_t MaxHeapSize                              = 1581252608                                {product} {ergonomic}
   size_t MinHeapDeltaBytes                        = 1048576                                   {product} {ergonomic}
   size_t MinHeapSize                              = 8388608                                   {product} {ergonomic}
    uintx NonNMethodCodeHeapSize                   = 4096                                   {pd product} {ergonomic}
    uintx NonProfiledCodeHeapSize                  = 0                                      {pd product} {ergonomic}
     bool ProfileInterpreter                       = false                                  {pd product} {command line}
    uintx ProfiledCodeHeapSize                     = 0                                      {pd product} {ergonomic}
   size_t SoftMaxHeapSize                          = 1581252608                             {manageable} {ergonomic}
     intx TieredStopAtLevel                        = 1                                         {product} {command line}
     bool UseCompressedOops                        = true                           {product lp64_product} {ergonomic}
     bool UseG1GC                                  = true                                      {product} {ergonomic}
     bool UseLargePagesIndividualAllocation        = false                                  {pd product} {ergonomic}

Logging:
Log output configuration:
 #0: stdout all=warning uptime,level,tags foldmultilines=false
 #1: stderr all=off uptime,level,tags foldmultilines=false

Environment Variables:
JAVA_HOME=C:\Program Files\Java\jdk-17
CLASSPATH=J:\GEMS\gems-lms-api\\gradle\wrapper\gradle-wrapper.jar
PATH=C:\Program Files\Java\jdk-17\bin;C:\Program Files\Common Files\Oracle\Java\javapath;C:\ProgramData\Oracle\Java\javapath;C:\WINDOWS\system32;C:\WINDOWS;C:\WINDOWS\System32\Wbem;C:\WINDOWS\System32\WindowsPowerShell\v1.0\;C:\WINDOWS\System32\OpenSSH\;C:\Program Files\Azure Data Studio\bin;C:\Program Files\Git\cmd;C:\Program Files\dotnet\;C:\Program Files (x86)\Microsoft SQL Server\160\Tools\Binn\;C:\Program Files\Microsoft SQL Server\160\Tools\Binn\;C:\Program Files\Microsoft SQL Server\Client SDK\ODBC\170\Tools\Binn\;C:\Program Files\Microsoft SQL Server\160\DTS\Binn\;C:\Program Files\Microsoft SQL Server\150\Tools\Binn\;C:\Program Files\nodejs\;C:\Users\juane\AppData\Local\Microsoft\WindowsApps;C:\Program Files\Java\jdk-19\bin;;C:\Program Files\JetBrains\IntelliJ IDEA 2022.3.2\bin;;C:\Program Files\Azure Data Studio\bin;C:\Users\juane\.dotnet\tools;C:\Users\juane\AppData\Local\Programs\Microsoft VS Code\bin;C:\Users\juane\AppData\Roaming\npm;C:\Users\juane\AppData\Local\Python\bin
USERNAME=juane
OS=Windows_NT
PROCESSOR_IDENTIFIER=AMD64 Family 23 Model 24 Stepping 1, AuthenticAMD
TMP=C:\Users\juane\AppData\Local\Temp
TEMP=C:\Users\juane\AppData\Local\Temp




Periodic native trim disabled

---------------  S Y S T E M  ---------------

OS:
 Windows 11 , 64 bit Build 26100 (10.0.26100.7019)
OS uptime: 8 days 5:21 hours
Hyper-V role detected

CPU: total 8 (initial active 8) (8 cores per cpu, 2 threads per core) family 23 model 24 stepping 1 microcode 0x810810e, cx8, cmov, fxsr, ht, mmx, 3dnowpref, sse, sse2, sse3, ssse3, sse4a, sse4.1, sse4.2, popcnt, lzcnt, tsc, tscinvbit, avx, avx2, aes, clmul, bmi1, bmi2, adx, sha, fma, vzeroupper, clflush, clflushopt, hv, rdtscp, f16c
Processor Information for the first 8 processors :
  Max Mhz: 2100, Current Mhz: 2100, Mhz Limit: 2100

Memory: 4k page, system-wide physical 6030M (158M free)
TotalPageFile size 24462M (AvailPageFile size 8M)
current process WorkingSet (physical memory assigned to process): 13M, peak: 13M
current process commit charge ("private bytes"): 50M, peak: 51M

vm_info: OpenJDK 64-Bit Server VM (24.0.2+12-FR) for windows-amd64 JRE (24.0.2+12-FR), built on 2025-07-11T01:41:34Z with unknown MS VC++:1944

END.
