#
# There is insufficient memory for the Java Runtime Environment to continue.
# Native memory allocation (malloc) failed to allocate 934256 bytes for Chunk::new
# Possible reasons:
#   The system is out of physical RAM or swap space
#   The process is running with CompressedOops enabled, and the Java Heap may be blocking the growth of the native heap
# Possible solutions:
#   Reduce memory load on the system
#   Increase physical memory or swap space
#   Check if swap backing store is full
#   Decrease Java heap size (-Xmx/-Xms)
#   Decrease number of Java threads
#   Decrease Java thread stack sizes (-Xss)
#   Set larger code cache with -XX:ReservedCodeCacheSize=
#   JVM is running with Unscaled Compressed Oops mode in which the Java heap is
#     placed in the first 4GB address space. The Java Heap base address is the
#     maximum limit for the native heap growth. Please use -XX:HeapBaseMinAddress
#     to set the Java Heap base and to place the Java Heap above 4GB virtual address.
# This output file may be truncated or incomplete.
#
#  Out of Memory Error (arena.cpp:189), pid=3796, tid=13400
#
# JRE version: Java(TM) SE Runtime Environment (17.0.12+8) (build 17.0.12+8-LTS-286)
# Java VM: Java HotSpot(TM) 64-Bit Server VM (17.0.12+8-LTS-286, mixed mode, sharing, tiered, compressed oops, compressed class ptrs, g1 gc, windows-amd64)
# No core dump will be written. Minidumps are not enabled by default on client versions of Windows
#

---------------  S U M M A R Y ------------

Command Line: --add-opens=java.base/java.lang=ALL-UNNAMED --add-opens=java.base/java.lang.invoke=ALL-UNNAMED --add-opens=java.base/java.util=ALL-UNNAMED --add-opens=java.prefs/java.util.prefs=ALL-UNNAMED --add-exports=jdk.compiler/com.sun.tools.javac.api=ALL-UNNAMED --add-exports=jdk.compiler/com.sun.tools.javac.util=ALL-UNNAMED --add-opens=java.base/java.util=ALL-UNNAMED --add-opens=java.prefs/java.util.prefs=ALL-UNNAMED --add-opens=java.base/java.nio.charset=ALL-UNNAMED --add-opens=java.base/java.net=ALL-UNNAMED --add-opens=java.base/java.util.concurrent.atomic=ALL-UNNAMED --add-opens=java.xml/javax.xml.namespace=ALL-UNNAMED -XX:MaxMetaspaceSize=384m -XX:+HeapDumpOnOutOfMemoryError -Xms256m -Xmx512m -Dfile.encoding=windows-1252 -Duser.country=CO -Duser.language=es -Duser.variant -javaagent:C:\Users\juane\.gradle\wrapper\dists\gradle-8.14-bin\38aieal9i53h9rfe7vjup95b9\gradle-8.14\lib\agents\gradle-instrumentation-agent-8.14.jar org.gradle.launcher.daemon.bootstrap.GradleDaemon 8.14

Host: AMD Ryzen 5 3450U with Radeon Vega Mobile Gfx  , 8 cores, 5G,  Windows 11 , 64 bit Build 26100 (10.0.26100.6725)
Time: Sun Nov  9 22:13:35 2025 Hora est. Pacífico, Sudamérica elapsed time: 83.346015 seconds (0d 0h 1m 23s)

---------------  T H R E A D  ---------------

Current thread (0x000001d7eff153f0):  JavaThread "C2 CompilerThread0" daemon [_thread_in_native, id=13400, stack(0x0000005b18f00000,0x0000005b19000000)]


Current CompileTask:
C2:  83346 4810       4       org.gradle.internal.service.DefaultServiceRegistry$OwnServices::getService (317 bytes)

Stack: [0x0000005b18f00000,0x0000005b19000000]
Native frames: (J=compiled Java code, j=interpreted, Vv=VM code, C=native code)
V  [jvm.dll+0x67a04a]
V  [jvm.dll+0x7da4ed]
V  [jvm.dll+0x7dbe33]
V  [jvm.dll+0x7dc4a3]
V  [jvm.dll+0x24508f]
V  [jvm.dll+0xab773]
V  [jvm.dll+0xabd3c]
V  [jvm.dll+0x2aa52f]
V  [jvm.dll+0x581eb9]
V  [jvm.dll+0x21f422]
V  [jvm.dll+0x21837b]
V  [jvm.dll+0x215b65]
V  [jvm.dll+0x1a2960]
V  [jvm.dll+0x22610b]
V  [jvm.dll+0x2242ab]
V  [jvm.dll+0x79075c]
V  [jvm.dll+0x78abea]
V  [jvm.dll+0x678f35]
C  [ucrtbase.dll+0x37b0]
C  [KERNEL32.DLL+0x2e8d7]
C  [ntdll.dll+0x8c53c]


---------------  P R O C E S S  ---------------

Threads class SMR info:
_java_thread_list=0x000001d7f54d6e10, length=38, elements={
0x000001d7d55e7930, 0x000001d7efef1c00, 0x000001d7efef3240, 0x000001d7eff0ad20,
0x000001d7eff10280, 0x000001d7eff112f0, 0x000001d7eff14740, 0x000001d7eff153f0,
0x000001d7eff18960, 0x000001d7eff29aa0, 0x000001d7efede550, 0x000001d7f4372620,
0x000001d7f5489300, 0x000001d7f58a2010, 0x000001d7f566f840, 0x000001d7f41cd240,
0x000001d7f5a8f420, 0x000001d7f55a1c50, 0x000001d7f55a2670, 0x000001d7f55a2b80,
0x000001d7f55a44d0, 0x000001d7f55a3ab0, 0x000001d7f55a35a0, 0x000001d7f55a3fc0,
0x000001d7f55a3090, 0x000001d7f55a0d20, 0x000001d7f55a2160, 0x000001d7f55a1740,
0x000001d7f7a56340, 0x000001d7f7a55920, 0x000001d7f7a56850, 0x000001d7f7a581a0,
0x000001d7f7a56d60, 0x000001d7f7a57270, 0x000001d7f7a54f00, 0x000001d7f7a586b0,
0x000001d7f7a55410, 0x000001d7f44b9440
}

Java Threads: ( => current thread )
  0x000001d7d55e7930 JavaThread "main" [_thread_blocked, id=25168, stack(0x0000005b18200000,0x0000005b18300000)]
  0x000001d7efef1c00 JavaThread "Reference Handler" daemon [_thread_blocked, id=25444, stack(0x0000005b18900000,0x0000005b18a00000)]
  0x000001d7efef3240 JavaThread "Finalizer" daemon [_thread_blocked, id=15512, stack(0x0000005b18a00000,0x0000005b18b00000)]
  0x000001d7eff0ad20 JavaThread "Signal Dispatcher" daemon [_thread_blocked, id=5624, stack(0x0000005b18b00000,0x0000005b18c00000)]
  0x000001d7eff10280 JavaThread "Attach Listener" daemon [_thread_blocked, id=15176, stack(0x0000005b18c00000,0x0000005b18d00000)]
  0x000001d7eff112f0 JavaThread "Service Thread" daemon [_thread_blocked, id=17368, stack(0x0000005b18d00000,0x0000005b18e00000)]
  0x000001d7eff14740 JavaThread "Monitor Deflation Thread" daemon [_thread_blocked, id=9224, stack(0x0000005b18e00000,0x0000005b18f00000)]
=>0x000001d7eff153f0 JavaThread "C2 CompilerThread0" daemon [_thread_in_native, id=13400, stack(0x0000005b18f00000,0x0000005b19000000)]
  0x000001d7eff18960 JavaThread "C1 CompilerThread0" daemon [_thread_in_native, id=25500, stack(0x0000005b19000000,0x0000005b19100000)]
  0x000001d7eff29aa0 JavaThread "Sweeper thread" daemon [_thread_blocked, id=15548, stack(0x0000005b19100000,0x0000005b19200000)]
  0x000001d7efede550 JavaThread "Common-Cleaner" daemon [_thread_blocked, id=13820, stack(0x0000005b19200000,0x0000005b19300000)]
  0x000001d7f4372620 JavaThread "Notification Thread" daemon [_thread_blocked, id=18704, stack(0x0000005b19300000,0x0000005b19400000)]
  0x000001d7f5489300 JavaThread "Daemon health stats" [_thread_blocked, id=19308, stack(0x0000005b19500000,0x0000005b19600000)]
  0x000001d7f58a2010 JavaThread "Incoming local TCP Connector on port 60937" [_thread_in_native, id=19816, stack(0x0000005b19b00000,0x0000005b19c00000)]
  0x000001d7f566f840 JavaThread "Daemon periodic checks" [_thread_blocked, id=15424, stack(0x0000005b19c00000,0x0000005b19d00000)]
  0x000001d7f41cd240 JavaThread "Daemon" [_thread_blocked, id=18676, stack(0x0000005b19d00000,0x0000005b19e00000)]
  0x000001d7f5a8f420 JavaThread "Handler for socket connection from /127.0.0.1:60937 to /127.0.0.1:60944" [_thread_in_native, id=25004, stack(0x0000005b19e00000,0x0000005b19f00000)]
  0x000001d7f55a1c50 JavaThread "Cancel handler" [_thread_blocked, id=17612, stack(0x0000005b19f00000,0x0000005b1a000000)]
  0x000001d7f55a2670 JavaThread "Daemon worker" [_thread_in_vm, id=20904, stack(0x0000005b1a000000,0x0000005b1a100000)]
  0x000001d7f55a2b80 JavaThread "Asynchronous log dispatcher for DefaultDaemonConnection: socket connection from /127.0.0.1:60937 to /127.0.0.1:60944" [_thread_blocked, id=21120, stack(0x0000005b1a100000,0x0000005b1a200000)]
  0x000001d7f55a44d0 JavaThread "Stdin handler" [_thread_blocked, id=6204, stack(0x0000005b1a200000,0x0000005b1a300000)]
  0x000001d7f55a3ab0 JavaThread "Daemon client event forwarder" [_thread_blocked, id=23420, stack(0x0000005b1a300000,0x0000005b1a400000)]
  0x000001d7f55a35a0 JavaThread "Cache worker for journal cache (C:\Users\juane\.gradle\caches\journal-1)" [_thread_blocked, id=6480, stack(0x0000005b1a400000,0x0000005b1a500000)]
  0x000001d7f55a3fc0 JavaThread "File lock request listener" [_thread_in_native, id=12252, stack(0x0000005b1a500000,0x0000005b1a600000)]
  0x000001d7f55a3090 JavaThread "File lock release action executor" [_thread_blocked, id=14304, stack(0x0000005b1a600000,0x0000005b1a700000)]
  0x000001d7f55a0d20 JavaThread "Cache worker for file hash cache (C:\Users\juane\.gradle\caches\8.14\fileHashes)" [_thread_blocked, id=15116, stack(0x0000005b1a700000,0x0000005b1a800000)]
  0x000001d7f55a2160 JavaThread "Cache worker for file hash cache (J:\GEMS\gems-lms-api\.gradle\8.14\fileHashes)" [_thread_blocked, id=16076, stack(0x0000005b1a800000,0x0000005b1a900000)]
  0x000001d7f55a1740 JavaThread "Cache worker for Build Output Cleanup Cache (J:\GEMS\gems-lms-api\.gradle\buildOutputCleanup)" [_thread_blocked, id=23396, stack(0x0000005b1a900000,0x0000005b1aa00000)]
  0x000001d7f7a56340 JavaThread "File watcher server" daemon [_thread_in_native, id=18492, stack(0x0000005b1ad00000,0x0000005b1ae00000)]
  0x000001d7f7a55920 JavaThread "File watcher consumer" daemon [_thread_blocked, id=13328, stack(0x0000005b1ae00000,0x0000005b1af00000)]
  0x000001d7f7a56850 JavaThread "jar transforms" [_thread_blocked, id=5276, stack(0x0000005b17f00000,0x0000005b18000000)]
  0x000001d7f7a581a0 JavaThread "jar transforms Thread 2" [_thread_blocked, id=21028, stack(0x0000005b18000000,0x0000005b18100000)]
  0x000001d7f7a56d60 JavaThread "Cache worker for checksums cache (J:\GEMS\gems-lms-api\.gradle\8.14\checksums)" [_thread_blocked, id=6748, stack(0x0000005b18100000,0x0000005b18200000)]
  0x000001d7f7a57270 JavaThread "Cache worker for file content cache (C:\Users\juane\.gradle\caches\8.14\fileContent)" [_thread_blocked, id=10340, stack(0x0000005b1b100000,0x0000005b1b200000)]
  0x000001d7f7a54f00 JavaThread "Cache worker for cache directory md-supplier (C:\Users\juane\.gradle\caches\8.14\md-supplier)" [_thread_blocked, id=23760, stack(0x0000005b1b200000,0x0000005b1b300000)]
  0x000001d7f7a586b0 JavaThread "Cache worker for cache directory md-rule (C:\Users\juane\.gradle\caches\8.14\md-rule)" [_thread_blocked, id=10080, stack(0x0000005b1b300000,0x0000005b1b400000)]
  0x000001d7f7a55410 JavaThread "jar transforms Thread 3" [_thread_blocked, id=7744, stack(0x0000005b1b400000,0x0000005b1b500000)]
  0x000001d7f44b9440 JavaThread "C2 CompilerThread1" daemon [_thread_in_native, id=20200, stack(0x0000005b1b500000,0x0000005b1b600000)]

Other Threads:
  0x000001d7efeee2a0 VMThread "VM Thread" [stack: 0x0000005b18800000,0x0000005b18900000] [id=19464]
  0x000001d7f42a6f80 WatcherThread [stack: 0x0000005b19400000,0x0000005b19500000] [id=12336]
  0x000001d7d5613b70 GCTaskThread "GC Thread#0" [stack: 0x0000005b18300000,0x0000005b18400000] [id=24256]
  0x000001d7f4818f90 GCTaskThread "GC Thread#1" [stack: 0x0000005b19600000,0x0000005b19700000] [id=11472]
  0x000001d7f445c260 GCTaskThread "GC Thread#2" [stack: 0x0000005b19700000,0x0000005b19800000] [id=16944]
  0x000001d7f445c520 GCTaskThread "GC Thread#3" [stack: 0x0000005b19800000,0x0000005b19900000] [id=6060]
  0x000001d7f445c7e0 GCTaskThread "GC Thread#4" [stack: 0x0000005b19900000,0x0000005b19a00000] [id=20916]
  0x000001d7f4832ad0 GCTaskThread "GC Thread#5" [stack: 0x0000005b19a00000,0x0000005b19b00000] [id=23496]
  0x000001d7f69e8310 GCTaskThread "GC Thread#6" [stack: 0x0000005b1aa00000,0x0000005b1ab00000] [id=6016]
  0x000001d7f7968420 GCTaskThread "GC Thread#7" [stack: 0x0000005b1ab00000,0x0000005b1ac00000] [id=4208]
  0x000001d7d56189d0 ConcurrentGCThread "G1 Main Marker" [stack: 0x0000005b18400000,0x0000005b18500000] [id=1680]
  0x000001d7d5619450 ConcurrentGCThread "G1 Conc#0" [stack: 0x0000005b18500000,0x0000005b18600000] [id=24800]
  0x000001d7f673afd0 ConcurrentGCThread "G1 Conc#1" [stack: 0x0000005b1ac00000,0x0000005b1ad00000] [id=8300]
  0x000001d7efdac510 ConcurrentGCThread "G1 Refine#0" [stack: 0x0000005b18600000,0x0000005b18700000] [id=15672]
  0x000001d7efdacd50 ConcurrentGCThread "G1 Service" [stack: 0x0000005b18700000,0x0000005b18800000] [id=20232]

Threads with active compile tasks:
C2 CompilerThread0    84017 4810       4       org.gradle.internal.service.DefaultServiceRegistry$OwnServices::getService (317 bytes)
C2 CompilerThread1    84017 4849       4       java.util.regex.Pattern::compile (500 bytes)

VM state: not at safepoint (normal execution)

VM Mutex/Monitor currently owned by a thread: None

Heap address: 0x00000000e0000000, size: 512 MB, Compressed Oops mode: 32-bit

CDS archive(s) mapped at: [0x000001d780000000-0x000001d780bd0000-0x000001d780bd0000), size 12386304, SharedBaseAddress: 0x000001d780000000, ArchiveRelocationMode: 1.
Compressed class space mapped at: 0x000001d781000000-0x000001d795000000, reserved size: 335544320
Narrow klass base: 0x000001d780000000, Narrow klass shift: 0, Narrow klass range: 0x100000000

GC Precious Log:
 CPUs: 8 total, 8 available
 Memory: 6030M
 Large Page Support: Disabled
 NUMA Support: Disabled
 Compressed Oops: Enabled (32-bit)
 Heap Region Size: 1M
 Heap Min Capacity: 256M
 Heap Initial Capacity: 256M
 Heap Max Capacity: 512M
 Pre-touch: Disabled
 Parallel Workers: 8
 Concurrent Workers: 2
 Concurrent Refinement Workers: 8
 Periodic GC: Disabled

Heap:
 garbage-first heap   total 262144K, used 107804K [0x00000000e0000000, 0x0000000100000000)
  region size 1024K, 89 young (91136K), 16 survivors (16384K)
 Metaspace       used 43981K, committed 44416K, reserved 393216K
  class space    used 6146K, committed 6336K, reserved 327680K

Heap Regions: E=young(eden), S=young(survivor), O=old, HS=humongous(starts), HC=humongous(continues), CS=collection set, F=free, OA=open archive, CA=closed archive, TAMS=top-at-mark-start (previous, next)
|   0|0x00000000e0000000, 0x00000000e0100000, 0x00000000e0100000|100%|HS|  |TAMS 0x00000000e0100000, 0x00000000e0000000| Complete 
|   1|0x00000000e0100000, 0x00000000e0200000, 0x00000000e0200000|100%|HC|  |TAMS 0x00000000e0200000, 0x00000000e0100000| Complete 
|   2|0x00000000e0200000, 0x00000000e0300000, 0x00000000e0300000|100%|HC|  |TAMS 0x00000000e0300000, 0x00000000e0200000| Complete 
|   3|0x00000000e0300000, 0x00000000e0400000, 0x00000000e0400000|100%| O|  |TAMS 0x00000000e0400000, 0x00000000e0300000| Untracked 
|   4|0x00000000e0400000, 0x00000000e0500000, 0x00000000e0500000|100%| O|  |TAMS 0x00000000e0500000, 0x00000000e0400000| Untracked 
|   5|0x00000000e0500000, 0x00000000e0600000, 0x00000000e0600000|100%| O|  |TAMS 0x00000000e0600000, 0x00000000e0500000| Untracked 
|   6|0x00000000e0600000, 0x00000000e0700000, 0x00000000e0700000|100%|HS|  |TAMS 0x00000000e0700000, 0x00000000e0600000| Complete 
|   7|0x00000000e0700000, 0x00000000e0800000, 0x00000000e0800000|100%|HS|  |TAMS 0x00000000e0700000, 0x00000000e0700000| Complete 
|   8|0x00000000e0800000, 0x00000000e0900000, 0x00000000e0900000|100%| O|  |TAMS 0x00000000e0900000, 0x00000000e0800000| Untracked 
|   9|0x00000000e0900000, 0x00000000e0a00000, 0x00000000e0a00000|100%| O|  |TAMS 0x00000000e0a00000, 0x00000000e0900000| Untracked 
|  10|0x00000000e0a00000, 0x00000000e0b00000, 0x00000000e0b00000|100%| O|  |TAMS 0x00000000e0b00000, 0x00000000e0a00000| Untracked 
|  11|0x00000000e0b00000, 0x00000000e0c00000, 0x00000000e0c00000|100%| O|  |TAMS 0x00000000e0c00000, 0x00000000e0b00000| Untracked 
|  12|0x00000000e0c00000, 0x00000000e0d00000, 0x00000000e0d00000|100%| O|  |TAMS 0x00000000e0ced000, 0x00000000e0c00000| Untracked 
|  13|0x00000000e0d00000, 0x00000000e0e00000, 0x00000000e0e00000|100%|HS|  |TAMS 0x00000000e0d00000, 0x00000000e0d00000| Complete 
|  14|0x00000000e0e00000, 0x00000000e0e00000, 0x00000000e0f00000|  0%| F|  |TAMS 0x00000000e0e00000, 0x00000000e0e00000| Untracked 
|  15|0x00000000e0f00000, 0x00000000e0f00000, 0x00000000e1000000|  0%| F|  |TAMS 0x00000000e0f00000, 0x00000000e0f00000| Untracked 
|  16|0x00000000e1000000, 0x00000000e1000000, 0x00000000e1100000|  0%| F|  |TAMS 0x00000000e1000000, 0x00000000e1000000| Untracked 
|  17|0x00000000e1100000, 0x00000000e1200000, 0x00000000e1200000|100%| O|  |TAMS 0x00000000e1100000, 0x00000000e1100000| Untracked 
|  18|0x00000000e1200000, 0x00000000e1300000, 0x00000000e1300000|100%| O|  |TAMS 0x00000000e1200000, 0x00000000e1200000| Untracked 
|  19|0x00000000e1300000, 0x00000000e1400000, 0x00000000e1400000|100%| O|  |TAMS 0x00000000e1300000, 0x00000000e1300000| Untracked 
|  20|0x00000000e1400000, 0x00000000e14d1000, 0x00000000e1500000| 81%| O|  |TAMS 0x00000000e1400000, 0x00000000e1400000| Untracked 
|  21|0x00000000e1500000, 0x00000000e1500000, 0x00000000e1600000|  0%| F|  |TAMS 0x00000000e1500000, 0x00000000e1500000| Untracked 
|  22|0x00000000e1600000, 0x00000000e1600000, 0x00000000e1700000|  0%| F|  |TAMS 0x00000000e1600000, 0x00000000e1600000| Untracked 
|  23|0x00000000e1700000, 0x00000000e1700000, 0x00000000e1800000|  0%| F|  |TAMS 0x00000000e1700000, 0x00000000e1700000| Untracked 
|  24|0x00000000e1800000, 0x00000000e1800000, 0x00000000e1900000|  0%| F|  |TAMS 0x00000000e1800000, 0x00000000e1800000| Untracked 
|  25|0x00000000e1900000, 0x00000000e1900000, 0x00000000e1a00000|  0%| F|  |TAMS 0x00000000e1900000, 0x00000000e1900000| Untracked 
|  26|0x00000000e1a00000, 0x00000000e1a00000, 0x00000000e1b00000|  0%| F|  |TAMS 0x00000000e1a00000, 0x00000000e1a00000| Untracked 
|  27|0x00000000e1b00000, 0x00000000e1b00000, 0x00000000e1c00000|  0%| F|  |TAMS 0x00000000e1b00000, 0x00000000e1b00000| Untracked 
|  28|0x00000000e1c00000, 0x00000000e1c00000, 0x00000000e1d00000|  0%| F|  |TAMS 0x00000000e1c00000, 0x00000000e1c00000| Untracked 
|  29|0x00000000e1d00000, 0x00000000e1d00000, 0x00000000e1e00000|  0%| F|  |TAMS 0x00000000e1d00000, 0x00000000e1d00000| Untracked 
|  30|0x00000000e1e00000, 0x00000000e1e00000, 0x00000000e1f00000|  0%| F|  |TAMS 0x00000000e1e00000, 0x00000000e1e00000| Untracked 
|  31|0x00000000e1f00000, 0x00000000e1f00000, 0x00000000e2000000|  0%| F|  |TAMS 0x00000000e1f00000, 0x00000000e1f00000| Untracked 
|  32|0x00000000e2000000, 0x00000000e2000000, 0x00000000e2100000|  0%| F|  |TAMS 0x00000000e2000000, 0x00000000e2000000| Untracked 
|  33|0x00000000e2100000, 0x00000000e2100000, 0x00000000e2200000|  0%| F|  |TAMS 0x00000000e2100000, 0x00000000e2100000| Untracked 
|  34|0x00000000e2200000, 0x00000000e2200000, 0x00000000e2300000|  0%| F|  |TAMS 0x00000000e2200000, 0x00000000e2200000| Untracked 
|  35|0x00000000e2300000, 0x00000000e2300000, 0x00000000e2400000|  0%| F|  |TAMS 0x00000000e2300000, 0x00000000e2300000| Untracked 
|  36|0x00000000e2400000, 0x00000000e2400000, 0x00000000e2500000|  0%| F|  |TAMS 0x00000000e2400000, 0x00000000e2400000| Untracked 
|  37|0x00000000e2500000, 0x00000000e2500000, 0x00000000e2600000|  0%| F|  |TAMS 0x00000000e2500000, 0x00000000e2500000| Untracked 
|  38|0x00000000e2600000, 0x00000000e2600000, 0x00000000e2700000|  0%| F|  |TAMS 0x00000000e2600000, 0x00000000e2600000| Untracked 
|  39|0x00000000e2700000, 0x00000000e2700000, 0x00000000e2800000|  0%| F|  |TAMS 0x00000000e2700000, 0x00000000e2700000| Untracked 
|  40|0x00000000e2800000, 0x00000000e2800000, 0x00000000e2900000|  0%| F|  |TAMS 0x00000000e2800000, 0x00000000e2800000| Untracked 
|  41|0x00000000e2900000, 0x00000000e2900000, 0x00000000e2a00000|  0%| F|  |TAMS 0x00000000e2900000, 0x00000000e2900000| Untracked 
|  42|0x00000000e2a00000, 0x00000000e2a00000, 0x00000000e2b00000|  0%| F|  |TAMS 0x00000000e2a00000, 0x00000000e2a00000| Untracked 
|  43|0x00000000e2b00000, 0x00000000e2b00000, 0x00000000e2c00000|  0%| F|  |TAMS 0x00000000e2b00000, 0x00000000e2b00000| Untracked 
|  44|0x00000000e2c00000, 0x00000000e2c00000, 0x00000000e2d00000|  0%| F|  |TAMS 0x00000000e2c00000, 0x00000000e2c00000| Untracked 
|  45|0x00000000e2d00000, 0x00000000e2d00000, 0x00000000e2e00000|  0%| F|  |TAMS 0x00000000e2d00000, 0x00000000e2d00000| Untracked 
|  46|0x00000000e2e00000, 0x00000000e2e00000, 0x00000000e2f00000|  0%| F|  |TAMS 0x00000000e2e00000, 0x00000000e2e00000| Untracked 
|  47|0x00000000e2f00000, 0x00000000e2f00000, 0x00000000e3000000|  0%| F|  |TAMS 0x00000000e2f00000, 0x00000000e2f00000| Untracked 
|  48|0x00000000e3000000, 0x00000000e3000000, 0x00000000e3100000|  0%| F|  |TAMS 0x00000000e3000000, 0x00000000e3000000| Untracked 
|  49|0x00000000e3100000, 0x00000000e3100000, 0x00000000e3200000|  0%| F|  |TAMS 0x00000000e3100000, 0x00000000e3100000| Untracked 
|  50|0x00000000e3200000, 0x00000000e3200000, 0x00000000e3300000|  0%| F|  |TAMS 0x00000000e3200000, 0x00000000e3200000| Untracked 
|  51|0x00000000e3300000, 0x00000000e3300000, 0x00000000e3400000|  0%| F|  |TAMS 0x00000000e3300000, 0x00000000e3300000| Untracked 
|  52|0x00000000e3400000, 0x00000000e3400000, 0x00000000e3500000|  0%| F|  |TAMS 0x00000000e3400000, 0x00000000e3400000| Untracked 
|  53|0x00000000e3500000, 0x00000000e3500000, 0x00000000e3600000|  0%| F|  |TAMS 0x00000000e3500000, 0x00000000e3500000| Untracked 
|  54|0x00000000e3600000, 0x00000000e3600000, 0x00000000e3700000|  0%| F|  |TAMS 0x00000000e3600000, 0x00000000e3600000| Untracked 
|  55|0x00000000e3700000, 0x00000000e3700000, 0x00000000e3800000|  0%| F|  |TAMS 0x00000000e3700000, 0x00000000e3700000| Untracked 
|  56|0x00000000e3800000, 0x00000000e3800000, 0x00000000e3900000|  0%| F|  |TAMS 0x00000000e3800000, 0x00000000e3800000| Untracked 
|  57|0x00000000e3900000, 0x00000000e3900000, 0x00000000e3a00000|  0%| F|  |TAMS 0x00000000e3900000, 0x00000000e3900000| Untracked 
|  58|0x00000000e3a00000, 0x00000000e3a00000, 0x00000000e3b00000|  0%| F|  |TAMS 0x00000000e3a00000, 0x00000000e3a00000| Untracked 
|  59|0x00000000e3b00000, 0x00000000e3b00000, 0x00000000e3c00000|  0%| F|  |TAMS 0x00000000e3b00000, 0x00000000e3b00000| Untracked 
|  60|0x00000000e3c00000, 0x00000000e3c00000, 0x00000000e3d00000|  0%| F|  |TAMS 0x00000000e3c00000, 0x00000000e3c00000| Untracked 
|  61|0x00000000e3d00000, 0x00000000e3d00000, 0x00000000e3e00000|  0%| F|  |TAMS 0x00000000e3d00000, 0x00000000e3d00000| Untracked 
|  62|0x00000000e3e00000, 0x00000000e3e00000, 0x00000000e3f00000|  0%| F|  |TAMS 0x00000000e3e00000, 0x00000000e3e00000| Untracked 
|  63|0x00000000e3f00000, 0x00000000e3f00000, 0x00000000e4000000|  0%| F|  |TAMS 0x00000000e3f00000, 0x00000000e3f00000| Untracked 
|  64|0x00000000e4000000, 0x00000000e4000000, 0x00000000e4100000|  0%| F|  |TAMS 0x00000000e4000000, 0x00000000e4000000| Untracked 
|  65|0x00000000e4100000, 0x00000000e4100000, 0x00000000e4200000|  0%| F|  |TAMS 0x00000000e4100000, 0x00000000e4100000| Untracked 
|  66|0x00000000e4200000, 0x00000000e4200000, 0x00000000e4300000|  0%| F|  |TAMS 0x00000000e4200000, 0x00000000e4200000| Untracked 
|  67|0x00000000e4300000, 0x00000000e4300000, 0x00000000e4400000|  0%| F|  |TAMS 0x00000000e4300000, 0x00000000e4300000| Untracked 
|  68|0x00000000e4400000, 0x00000000e4400000, 0x00000000e4500000|  0%| F|  |TAMS 0x00000000e4400000, 0x00000000e4400000| Untracked 
|  69|0x00000000e4500000, 0x00000000e4500000, 0x00000000e4600000|  0%| F|  |TAMS 0x00000000e4500000, 0x00000000e4500000| Untracked 
|  70|0x00000000e4600000, 0x00000000e4600000, 0x00000000e4700000|  0%| F|  |TAMS 0x00000000e4600000, 0x00000000e4600000| Untracked 
|  71|0x00000000e4700000, 0x00000000e4700000, 0x00000000e4800000|  0%| F|  |TAMS 0x00000000e4700000, 0x00000000e4700000| Untracked 
|  72|0x00000000e4800000, 0x00000000e4800000, 0x00000000e4900000|  0%| F|  |TAMS 0x00000000e4800000, 0x00000000e4800000| Untracked 
|  73|0x00000000e4900000, 0x00000000e4900000, 0x00000000e4a00000|  0%| F|  |TAMS 0x00000000e4900000, 0x00000000e4900000| Untracked 
|  74|0x00000000e4a00000, 0x00000000e4a00000, 0x00000000e4b00000|  0%| F|  |TAMS 0x00000000e4a00000, 0x00000000e4a00000| Untracked 
|  75|0x00000000e4b00000, 0x00000000e4b00000, 0x00000000e4c00000|  0%| F|  |TAMS 0x00000000e4b00000, 0x00000000e4b00000| Untracked 
|  76|0x00000000e4c00000, 0x00000000e4c00000, 0x00000000e4d00000|  0%| F|  |TAMS 0x00000000e4c00000, 0x00000000e4c00000| Untracked 
|  77|0x00000000e4d00000, 0x00000000e4d00000, 0x00000000e4e00000|  0%| F|  |TAMS 0x00000000e4d00000, 0x00000000e4d00000| Untracked 
|  78|0x00000000e4e00000, 0x00000000e4e00000, 0x00000000e4f00000|  0%| F|  |TAMS 0x00000000e4e00000, 0x00000000e4e00000| Untracked 
|  79|0x00000000e4f00000, 0x00000000e4f00000, 0x00000000e5000000|  0%| F|  |TAMS 0x00000000e4f00000, 0x00000000e4f00000| Untracked 
|  80|0x00000000e5000000, 0x00000000e5000000, 0x00000000e5100000|  0%| F|  |TAMS 0x00000000e5000000, 0x00000000e5000000| Untracked 
|  81|0x00000000e5100000, 0x00000000e5100000, 0x00000000e5200000|  0%| F|  |TAMS 0x00000000e5100000, 0x00000000e5100000| Untracked 
|  82|0x00000000e5200000, 0x00000000e5200000, 0x00000000e5300000|  0%| F|  |TAMS 0x00000000e5200000, 0x00000000e5200000| Untracked 
|  83|0x00000000e5300000, 0x00000000e5300000, 0x00000000e5400000|  0%| F|  |TAMS 0x00000000e5300000, 0x00000000e5300000| Untracked 
|  84|0x00000000e5400000, 0x00000000e5400000, 0x00000000e5500000|  0%| F|  |TAMS 0x00000000e5400000, 0x00000000e5400000| Untracked 
|  85|0x00000000e5500000, 0x00000000e5500000, 0x00000000e5600000|  0%| F|  |TAMS 0x00000000e5500000, 0x00000000e5500000| Untracked 
|  86|0x00000000e5600000, 0x00000000e5600000, 0x00000000e5700000|  0%| F|  |TAMS 0x00000000e5600000, 0x00000000e5600000| Untracked 
|  87|0x00000000e5700000, 0x00000000e5700000, 0x00000000e5800000|  0%| F|  |TAMS 0x00000000e5700000, 0x00000000e5700000| Untracked 
|  88|0x00000000e5800000, 0x00000000e5800000, 0x00000000e5900000|  0%| F|  |TAMS 0x00000000e5800000, 0x00000000e5800000| Untracked 
|  89|0x00000000e5900000, 0x00000000e5900000, 0x00000000e5a00000|  0%| F|  |TAMS 0x00000000e5900000, 0x00000000e5900000| Untracked 
|  90|0x00000000e5a00000, 0x00000000e5a00000, 0x00000000e5b00000|  0%| F|  |TAMS 0x00000000e5a00000, 0x00000000e5a00000| Untracked 
|  91|0x00000000e5b00000, 0x00000000e5b00000, 0x00000000e5c00000|  0%| F|  |TAMS 0x00000000e5b00000, 0x00000000e5b00000| Untracked 
|  92|0x00000000e5c00000, 0x00000000e5c00000, 0x00000000e5d00000|  0%| F|  |TAMS 0x00000000e5c00000, 0x00000000e5c00000| Untracked 
|  93|0x00000000e5d00000, 0x00000000e5d00000, 0x00000000e5e00000|  0%| F|  |TAMS 0x00000000e5d00000, 0x00000000e5d00000| Untracked 
|  94|0x00000000e5e00000, 0x00000000e5e00000, 0x00000000e5f00000|  0%| F|  |TAMS 0x00000000e5e00000, 0x00000000e5e00000| Untracked 
|  95|0x00000000e5f00000, 0x00000000e5f00000, 0x00000000e6000000|  0%| F|  |TAMS 0x00000000e5f00000, 0x00000000e5f00000| Untracked 
|  96|0x00000000e6000000, 0x00000000e6000000, 0x00000000e6100000|  0%| F|  |TAMS 0x00000000e6000000, 0x00000000e6000000| Untracked 
|  97|0x00000000e6100000, 0x00000000e6100000, 0x00000000e6200000|  0%| F|  |TAMS 0x00000000e6100000, 0x00000000e6100000| Untracked 
|  98|0x00000000e6200000, 0x00000000e6200000, 0x00000000e6300000|  0%| F|  |TAMS 0x00000000e6200000, 0x00000000e6200000| Untracked 
|  99|0x00000000e6300000, 0x00000000e6300000, 0x00000000e6400000|  0%| F|  |TAMS 0x00000000e6300000, 0x00000000e6300000| Untracked 
| 100|0x00000000e6400000, 0x00000000e6400000, 0x00000000e6500000|  0%| F|  |TAMS 0x00000000e6400000, 0x00000000e6400000| Untracked 
| 101|0x00000000e6500000, 0x00000000e6500000, 0x00000000e6600000|  0%| F|  |TAMS 0x00000000e6500000, 0x00000000e6500000| Untracked 
| 102|0x00000000e6600000, 0x00000000e6600000, 0x00000000e6700000|  0%| F|  |TAMS 0x00000000e6600000, 0x00000000e6600000| Untracked 
| 103|0x00000000e6700000, 0x00000000e6700000, 0x00000000e6800000|  0%| F|  |TAMS 0x00000000e6700000, 0x00000000e6700000| Untracked 
| 104|0x00000000e6800000, 0x00000000e6800000, 0x00000000e6900000|  0%| F|  |TAMS 0x00000000e6800000, 0x00000000e6800000| Untracked 
| 105|0x00000000e6900000, 0x00000000e6900000, 0x00000000e6a00000|  0%| F|  |TAMS 0x00000000e6900000, 0x00000000e6900000| Untracked 
| 106|0x00000000e6a00000, 0x00000000e6a00000, 0x00000000e6b00000|  0%| F|  |TAMS 0x00000000e6a00000, 0x00000000e6a00000| Untracked 
| 107|0x00000000e6b00000, 0x00000000e6b00000, 0x00000000e6c00000|  0%| F|  |TAMS 0x00000000e6b00000, 0x00000000e6b00000| Untracked 
| 108|0x00000000e6c00000, 0x00000000e6c00000, 0x00000000e6d00000|  0%| F|  |TAMS 0x00000000e6c00000, 0x00000000e6c00000| Untracked 
| 109|0x00000000e6d00000, 0x00000000e6d00000, 0x00000000e6e00000|  0%| F|  |TAMS 0x00000000e6d00000, 0x00000000e6d00000| Untracked 
| 110|0x00000000e6e00000, 0x00000000e6e00000, 0x00000000e6f00000|  0%| F|  |TAMS 0x00000000e6e00000, 0x00000000e6e00000| Untracked 
| 111|0x00000000e6f00000, 0x00000000e6f00000, 0x00000000e7000000|  0%| F|  |TAMS 0x00000000e6f00000, 0x00000000e6f00000| Untracked 
| 112|0x00000000e7000000, 0x00000000e7000000, 0x00000000e7100000|  0%| F|  |TAMS 0x00000000e7000000, 0x00000000e7000000| Untracked 
| 113|0x00000000e7100000, 0x00000000e7100000, 0x00000000e7200000|  0%| F|  |TAMS 0x00000000e7100000, 0x00000000e7100000| Untracked 
| 114|0x00000000e7200000, 0x00000000e7276190, 0x00000000e7300000| 46%| S|CS|TAMS 0x00000000e7200000, 0x00000000e7200000| Complete 
| 115|0x00000000e7300000, 0x00000000e7400000, 0x00000000e7400000|100%| S|CS|TAMS 0x00000000e7300000, 0x00000000e7300000| Complete 
| 116|0x00000000e7400000, 0x00000000e7500000, 0x00000000e7500000|100%| S|CS|TAMS 0x00000000e7400000, 0x00000000e7400000| Complete 
| 117|0x00000000e7500000, 0x00000000e7600000, 0x00000000e7600000|100%| S|CS|TAMS 0x00000000e7500000, 0x00000000e7500000| Complete 
| 118|0x00000000e7600000, 0x00000000e7700000, 0x00000000e7700000|100%| S|CS|TAMS 0x00000000e7600000, 0x00000000e7600000| Complete 
| 119|0x00000000e7700000, 0x00000000e7800000, 0x00000000e7800000|100%| S|CS|TAMS 0x00000000e7700000, 0x00000000e7700000| Complete 
| 120|0x00000000e7800000, 0x00000000e7900000, 0x00000000e7900000|100%| S|CS|TAMS 0x00000000e7800000, 0x00000000e7800000| Complete 
| 121|0x00000000e7900000, 0x00000000e7a00000, 0x00000000e7a00000|100%| S|CS|TAMS 0x00000000e7900000, 0x00000000e7900000| Complete 
| 122|0x00000000e7a00000, 0x00000000e7b00000, 0x00000000e7b00000|100%| S|CS|TAMS 0x00000000e7a00000, 0x00000000e7a00000| Complete 
| 123|0x00000000e7b00000, 0x00000000e7c00000, 0x00000000e7c00000|100%| S|CS|TAMS 0x00000000e7b00000, 0x00000000e7b00000| Complete 
| 124|0x00000000e7c00000, 0x00000000e7d00000, 0x00000000e7d00000|100%| S|CS|TAMS 0x00000000e7c00000, 0x00000000e7c00000| Complete 
| 125|0x00000000e7d00000, 0x00000000e7e00000, 0x00000000e7e00000|100%| S|CS|TAMS 0x00000000e7d00000, 0x00000000e7d00000| Complete 
| 126|0x00000000e7e00000, 0x00000000e7f00000, 0x00000000e7f00000|100%| S|CS|TAMS 0x00000000e7e00000, 0x00000000e7e00000| Complete 
| 127|0x00000000e7f00000, 0x00000000e8000000, 0x00000000e8000000|100%| S|CS|TAMS 0x00000000e7f00000, 0x00000000e7f00000| Complete 
| 128|0x00000000e8000000, 0x00000000e8100000, 0x00000000e8100000|100%| S|CS|TAMS 0x00000000e8000000, 0x00000000e8000000| Complete 
| 129|0x00000000e8100000, 0x00000000e8200000, 0x00000000e8200000|100%| S|CS|TAMS 0x00000000e8100000, 0x00000000e8100000| Complete 
| 130|0x00000000e8200000, 0x00000000e8200000, 0x00000000e8300000|  0%| F|  |TAMS 0x00000000e8200000, 0x00000000e8200000| Untracked 
| 131|0x00000000e8300000, 0x00000000e8300000, 0x00000000e8400000|  0%| F|  |TAMS 0x00000000e8300000, 0x00000000e8300000| Untracked 
| 132|0x00000000e8400000, 0x00000000e8400000, 0x00000000e8500000|  0%| F|  |TAMS 0x00000000e8400000, 0x00000000e8400000| Untracked 
| 133|0x00000000e8500000, 0x00000000e8500000, 0x00000000e8600000|  0%| F|  |TAMS 0x00000000e8500000, 0x00000000e8500000| Untracked 
| 134|0x00000000e8600000, 0x00000000e8600000, 0x00000000e8700000|  0%| F|  |TAMS 0x00000000e8600000, 0x00000000e8600000| Untracked 
| 135|0x00000000e8700000, 0x00000000e8700000, 0x00000000e8800000|  0%| F|  |TAMS 0x00000000e8700000, 0x00000000e8700000| Untracked 
| 136|0x00000000e8800000, 0x00000000e8800000, 0x00000000e8900000|  0%| F|  |TAMS 0x00000000e8800000, 0x00000000e8800000| Untracked 
| 137|0x00000000e8900000, 0x00000000e8900000, 0x00000000e8a00000|  0%| F|  |TAMS 0x00000000e8900000, 0x00000000e8900000| Untracked 
| 138|0x00000000e8a00000, 0x00000000e8a00000, 0x00000000e8b00000|  0%| F|  |TAMS 0x00000000e8a00000, 0x00000000e8a00000| Untracked 
| 139|0x00000000e8b00000, 0x00000000e8b00000, 0x00000000e8c00000|  0%| F|  |TAMS 0x00000000e8b00000, 0x00000000e8b00000| Untracked 
| 140|0x00000000e8c00000, 0x00000000e8c00000, 0x00000000e8d00000|  0%| F|  |TAMS 0x00000000e8c00000, 0x00000000e8c00000| Untracked 
| 141|0x00000000e8d00000, 0x00000000e8d00000, 0x00000000e8e00000|  0%| F|  |TAMS 0x00000000e8d00000, 0x00000000e8d00000| Untracked 
| 142|0x00000000e8e00000, 0x00000000e8e00000, 0x00000000e8f00000|  0%| F|  |TAMS 0x00000000e8e00000, 0x00000000e8e00000| Untracked 
| 143|0x00000000e8f00000, 0x00000000e8f00000, 0x00000000e9000000|  0%| F|  |TAMS 0x00000000e8f00000, 0x00000000e8f00000| Untracked 
| 144|0x00000000e9000000, 0x00000000e9000000, 0x00000000e9100000|  0%| F|  |TAMS 0x00000000e9000000, 0x00000000e9000000| Untracked 
| 145|0x00000000e9100000, 0x00000000e9100000, 0x00000000e9200000|  0%| F|  |TAMS 0x00000000e9100000, 0x00000000e9100000| Untracked 
| 146|0x00000000e9200000, 0x00000000e9200000, 0x00000000e9300000|  0%| F|  |TAMS 0x00000000e9200000, 0x00000000e9200000| Untracked 
| 147|0x00000000e9300000, 0x00000000e9300000, 0x00000000e9400000|  0%| F|  |TAMS 0x00000000e9300000, 0x00000000e9300000| Untracked 
| 148|0x00000000e9400000, 0x00000000e9400000, 0x00000000e9500000|  0%| F|  |TAMS 0x00000000e9400000, 0x00000000e9400000| Untracked 
| 149|0x00000000e9500000, 0x00000000e9500000, 0x00000000e9600000|  0%| F|  |TAMS 0x00000000e9500000, 0x00000000e9500000| Untracked 
| 150|0x00000000e9600000, 0x00000000e9600000, 0x00000000e9700000|  0%| F|  |TAMS 0x00000000e9600000, 0x00000000e9600000| Untracked 
| 151|0x00000000e9700000, 0x00000000e9700000, 0x00000000e9800000|  0%| F|  |TAMS 0x00000000e9700000, 0x00000000e9700000| Untracked 
| 152|0x00000000e9800000, 0x00000000e9800000, 0x00000000e9900000|  0%| F|  |TAMS 0x00000000e9800000, 0x00000000e9800000| Untracked 
| 153|0x00000000e9900000, 0x00000000e9900000, 0x00000000e9a00000|  0%| F|  |TAMS 0x00000000e9900000, 0x00000000e9900000| Untracked 
| 154|0x00000000e9a00000, 0x00000000e9a00000, 0x00000000e9b00000|  0%| F|  |TAMS 0x00000000e9a00000, 0x00000000e9a00000| Untracked 
| 155|0x00000000e9b00000, 0x00000000e9b00000, 0x00000000e9c00000|  0%| F|  |TAMS 0x00000000e9b00000, 0x00000000e9b00000| Untracked 
| 156|0x00000000e9c00000, 0x00000000e9c00000, 0x00000000e9d00000|  0%| F|  |TAMS 0x00000000e9c00000, 0x00000000e9c00000| Untracked 
| 157|0x00000000e9d00000, 0x00000000e9d00000, 0x00000000e9e00000|  0%| F|  |TAMS 0x00000000e9d00000, 0x00000000e9d00000| Untracked 
| 158|0x00000000e9e00000, 0x00000000e9e00000, 0x00000000e9f00000|  0%| F|  |TAMS 0x00000000e9e00000, 0x00000000e9e00000| Untracked 
| 159|0x00000000e9f00000, 0x00000000e9f00000, 0x00000000ea000000|  0%| F|  |TAMS 0x00000000e9f00000, 0x00000000e9f00000| Untracked 
| 160|0x00000000ea000000, 0x00000000ea000000, 0x00000000ea100000|  0%| F|  |TAMS 0x00000000ea000000, 0x00000000ea000000| Untracked 
| 161|0x00000000ea100000, 0x00000000ea100000, 0x00000000ea200000|  0%| F|  |TAMS 0x00000000ea100000, 0x00000000ea100000| Untracked 
| 162|0x00000000ea200000, 0x00000000ea200000, 0x00000000ea300000|  0%| F|  |TAMS 0x00000000ea200000, 0x00000000ea200000| Untracked 
| 163|0x00000000ea300000, 0x00000000ea300000, 0x00000000ea400000|  0%| F|  |TAMS 0x00000000ea300000, 0x00000000ea300000| Untracked 
| 164|0x00000000ea400000, 0x00000000ea400000, 0x00000000ea500000|  0%| F|  |TAMS 0x00000000ea400000, 0x00000000ea400000| Untracked 
| 165|0x00000000ea500000, 0x00000000ea500000, 0x00000000ea600000|  0%| F|  |TAMS 0x00000000ea500000, 0x00000000ea500000| Untracked 
| 166|0x00000000ea600000, 0x00000000ea600000, 0x00000000ea700000|  0%| F|  |TAMS 0x00000000ea600000, 0x00000000ea600000| Untracked 
| 167|0x00000000ea700000, 0x00000000ea700000, 0x00000000ea800000|  0%| F|  |TAMS 0x00000000ea700000, 0x00000000ea700000| Untracked 
| 168|0x00000000ea800000, 0x00000000ea800000, 0x00000000ea900000|  0%| F|  |TAMS 0x00000000ea800000, 0x00000000ea800000| Untracked 
| 169|0x00000000ea900000, 0x00000000ea900000, 0x00000000eaa00000|  0%| F|  |TAMS 0x00000000ea900000, 0x00000000ea900000| Untracked 
| 170|0x00000000eaa00000, 0x00000000eaa00000, 0x00000000eab00000|  0%| F|  |TAMS 0x00000000eaa00000, 0x00000000eaa00000| Untracked 
| 171|0x00000000eab00000, 0x00000000eab00000, 0x00000000eac00000|  0%| F|  |TAMS 0x00000000eab00000, 0x00000000eab00000| Untracked 
| 172|0x00000000eac00000, 0x00000000eac00000, 0x00000000ead00000|  0%| F|  |TAMS 0x00000000eac00000, 0x00000000eac00000| Untracked 
| 173|0x00000000ead00000, 0x00000000ead00000, 0x00000000eae00000|  0%| F|  |TAMS 0x00000000ead00000, 0x00000000ead00000| Untracked 
| 174|0x00000000eae00000, 0x00000000eae00000, 0x00000000eaf00000|  0%| F|  |TAMS 0x00000000eae00000, 0x00000000eae00000| Untracked 
| 175|0x00000000eaf00000, 0x00000000eaf00000, 0x00000000eb000000|  0%| F|  |TAMS 0x00000000eaf00000, 0x00000000eaf00000| Untracked 
| 176|0x00000000eb000000, 0x00000000eb000000, 0x00000000eb100000|  0%| F|  |TAMS 0x00000000eb000000, 0x00000000eb000000| Untracked 
| 177|0x00000000eb100000, 0x00000000eb100000, 0x00000000eb200000|  0%| F|  |TAMS 0x00000000eb100000, 0x00000000eb100000| Untracked 
| 178|0x00000000eb200000, 0x00000000eb200000, 0x00000000eb300000|  0%| F|  |TAMS 0x00000000eb200000, 0x00000000eb200000| Untracked 
| 179|0x00000000eb300000, 0x00000000eb300000, 0x00000000eb400000|  0%| F|  |TAMS 0x00000000eb300000, 0x00000000eb300000| Untracked 
| 180|0x00000000eb400000, 0x00000000eb400000, 0x00000000eb500000|  0%| F|  |TAMS 0x00000000eb400000, 0x00000000eb400000| Untracked 
| 181|0x00000000eb500000, 0x00000000eb500000, 0x00000000eb600000|  0%| F|  |TAMS 0x00000000eb500000, 0x00000000eb500000| Untracked 
| 182|0x00000000eb600000, 0x00000000eb680800, 0x00000000eb700000| 50%| E|  |TAMS 0x00000000eb600000, 0x00000000eb600000| Complete 
| 183|0x00000000eb700000, 0x00000000eb800000, 0x00000000eb800000|100%| E|CS|TAMS 0x00000000eb700000, 0x00000000eb700000| Complete 
| 184|0x00000000eb800000, 0x00000000eb900000, 0x00000000eb900000|100%| E|CS|TAMS 0x00000000eb800000, 0x00000000eb800000| Complete 
| 185|0x00000000eb900000, 0x00000000eba00000, 0x00000000eba00000|100%| E|CS|TAMS 0x00000000eb900000, 0x00000000eb900000| Complete 
| 186|0x00000000eba00000, 0x00000000ebb00000, 0x00000000ebb00000|100%| E|CS|TAMS 0x00000000eba00000, 0x00000000eba00000| Complete 
| 187|0x00000000ebb00000, 0x00000000ebc00000, 0x00000000ebc00000|100%| E|CS|TAMS 0x00000000ebb00000, 0x00000000ebb00000| Complete 
| 188|0x00000000ebc00000, 0x00000000ebd00000, 0x00000000ebd00000|100%| E|CS|TAMS 0x00000000ebc00000, 0x00000000ebc00000| Complete 
| 189|0x00000000ebd00000, 0x00000000ebe00000, 0x00000000ebe00000|100%| E|CS|TAMS 0x00000000ebd00000, 0x00000000ebd00000| Complete 
| 190|0x00000000ebe00000, 0x00000000ebf00000, 0x00000000ebf00000|100%| E|CS|TAMS 0x00000000ebe00000, 0x00000000ebe00000| Complete 
| 191|0x00000000ebf00000, 0x00000000ec000000, 0x00000000ec000000|100%| E|CS|TAMS 0x00000000ebf00000, 0x00000000ebf00000| Complete 
| 192|0x00000000ec000000, 0x00000000ec100000, 0x00000000ec100000|100%| E|CS|TAMS 0x00000000ec000000, 0x00000000ec000000| Complete 
| 193|0x00000000ec100000, 0x00000000ec200000, 0x00000000ec200000|100%| E|CS|TAMS 0x00000000ec100000, 0x00000000ec100000| Complete 
| 194|0x00000000ec200000, 0x00000000ec300000, 0x00000000ec300000|100%| E|CS|TAMS 0x00000000ec200000, 0x00000000ec200000| Complete 
| 195|0x00000000ec300000, 0x00000000ec400000, 0x00000000ec400000|100%| E|CS|TAMS 0x00000000ec300000, 0x00000000ec300000| Complete 
| 196|0x00000000ec400000, 0x00000000ec500000, 0x00000000ec500000|100%| E|CS|TAMS 0x00000000ec400000, 0x00000000ec400000| Complete 
| 197|0x00000000ec500000, 0x00000000ec600000, 0x00000000ec600000|100%| E|CS|TAMS 0x00000000ec500000, 0x00000000ec500000| Complete 
| 198|0x00000000ec600000, 0x00000000ec700000, 0x00000000ec700000|100%| E|CS|TAMS 0x00000000ec600000, 0x00000000ec600000| Complete 
| 199|0x00000000ec700000, 0x00000000ec800000, 0x00000000ec800000|100%| E|CS|TAMS 0x00000000ec700000, 0x00000000ec700000| Complete 
| 200|0x00000000ec800000, 0x00000000ec900000, 0x00000000ec900000|100%| E|CS|TAMS 0x00000000ec800000, 0x00000000ec800000| Complete 
| 201|0x00000000ec900000, 0x00000000eca00000, 0x00000000eca00000|100%| E|CS|TAMS 0x00000000ec900000, 0x00000000ec900000| Complete 
| 202|0x00000000eca00000, 0x00000000ecb00000, 0x00000000ecb00000|100%| E|CS|TAMS 0x00000000eca00000, 0x00000000eca00000| Complete 
| 203|0x00000000ecb00000, 0x00000000ecc00000, 0x00000000ecc00000|100%| E|CS|TAMS 0x00000000ecb00000, 0x00000000ecb00000| Complete 
| 204|0x00000000ecc00000, 0x00000000ecd00000, 0x00000000ecd00000|100%| E|CS|TAMS 0x00000000ecc00000, 0x00000000ecc00000| Complete 
| 205|0x00000000ecd00000, 0x00000000ece00000, 0x00000000ece00000|100%| E|CS|TAMS 0x00000000ecd00000, 0x00000000ecd00000| Complete 
| 206|0x00000000ece00000, 0x00000000ecf00000, 0x00000000ecf00000|100%| E|CS|TAMS 0x00000000ece00000, 0x00000000ece00000| Complete 
| 207|0x00000000ecf00000, 0x00000000ed000000, 0x00000000ed000000|100%| E|CS|TAMS 0x00000000ecf00000, 0x00000000ecf00000| Complete 
| 208|0x00000000ed000000, 0x00000000ed100000, 0x00000000ed100000|100%| E|CS|TAMS 0x00000000ed000000, 0x00000000ed000000| Complete 
| 209|0x00000000ed100000, 0x00000000ed200000, 0x00000000ed200000|100%| E|CS|TAMS 0x00000000ed100000, 0x00000000ed100000| Complete 
| 210|0x00000000ed200000, 0x00000000ed300000, 0x00000000ed300000|100%| E|CS|TAMS 0x00000000ed200000, 0x00000000ed200000| Complete 
| 211|0x00000000ed300000, 0x00000000ed400000, 0x00000000ed400000|100%| E|CS|TAMS 0x00000000ed300000, 0x00000000ed300000| Complete 
| 212|0x00000000ed400000, 0x00000000ed500000, 0x00000000ed500000|100%| E|CS|TAMS 0x00000000ed400000, 0x00000000ed400000| Complete 
| 213|0x00000000ed500000, 0x00000000ed600000, 0x00000000ed600000|100%| E|CS|TAMS 0x00000000ed500000, 0x00000000ed500000| Complete 
| 214|0x00000000ed600000, 0x00000000ed700000, 0x00000000ed700000|100%| E|CS|TAMS 0x00000000ed600000, 0x00000000ed600000| Complete 
| 215|0x00000000ed700000, 0x00000000ed800000, 0x00000000ed800000|100%| E|CS|TAMS 0x00000000ed700000, 0x00000000ed700000| Complete 
| 216|0x00000000ed800000, 0x00000000ed900000, 0x00000000ed900000|100%| E|CS|TAMS 0x00000000ed800000, 0x00000000ed800000| Complete 
| 217|0x00000000ed900000, 0x00000000eda00000, 0x00000000eda00000|100%| E|CS|TAMS 0x00000000ed900000, 0x00000000ed900000| Complete 
| 218|0x00000000eda00000, 0x00000000edb00000, 0x00000000edb00000|100%| E|CS|TAMS 0x00000000eda00000, 0x00000000eda00000| Complete 
| 219|0x00000000edb00000, 0x00000000edc00000, 0x00000000edc00000|100%| E|CS|TAMS 0x00000000edb00000, 0x00000000edb00000| Complete 
| 220|0x00000000edc00000, 0x00000000edd00000, 0x00000000edd00000|100%| E|CS|TAMS 0x00000000edc00000, 0x00000000edc00000| Complete 
| 221|0x00000000edd00000, 0x00000000ede00000, 0x00000000ede00000|100%| E|CS|TAMS 0x00000000edd00000, 0x00000000edd00000| Complete 
| 222|0x00000000ede00000, 0x00000000edf00000, 0x00000000edf00000|100%| E|CS|TAMS 0x00000000ede00000, 0x00000000ede00000| Complete 
| 223|0x00000000edf00000, 0x00000000ee000000, 0x00000000ee000000|100%| E|CS|TAMS 0x00000000edf00000, 0x00000000edf00000| Complete 
| 224|0x00000000ee000000, 0x00000000ee100000, 0x00000000ee100000|100%| E|CS|TAMS 0x00000000ee000000, 0x00000000ee000000| Complete 
| 225|0x00000000ee100000, 0x00000000ee200000, 0x00000000ee200000|100%| E|CS|TAMS 0x00000000ee100000, 0x00000000ee100000| Complete 
| 226|0x00000000ee200000, 0x00000000ee300000, 0x00000000ee300000|100%| E|CS|TAMS 0x00000000ee200000, 0x00000000ee200000| Complete 
| 227|0x00000000ee300000, 0x00000000ee400000, 0x00000000ee400000|100%| E|CS|TAMS 0x00000000ee300000, 0x00000000ee300000| Complete 
| 228|0x00000000ee400000, 0x00000000ee500000, 0x00000000ee500000|100%| E|CS|TAMS 0x00000000ee400000, 0x00000000ee400000| Complete 
| 229|0x00000000ee500000, 0x00000000ee600000, 0x00000000ee600000|100%| E|CS|TAMS 0x00000000ee500000, 0x00000000ee500000| Complete 
| 230|0x00000000ee600000, 0x00000000ee700000, 0x00000000ee700000|100%| E|CS|TAMS 0x00000000ee600000, 0x00000000ee600000| Complete 
| 231|0x00000000ee700000, 0x00000000ee800000, 0x00000000ee800000|100%| E|CS|TAMS 0x00000000ee700000, 0x00000000ee700000| Complete 
| 232|0x00000000ee800000, 0x00000000ee900000, 0x00000000ee900000|100%| E|CS|TAMS 0x00000000ee800000, 0x00000000ee800000| Complete 
| 233|0x00000000ee900000, 0x00000000eea00000, 0x00000000eea00000|100%| E|CS|TAMS 0x00000000ee900000, 0x00000000ee900000| Complete 
| 234|0x00000000eea00000, 0x00000000eeb00000, 0x00000000eeb00000|100%| E|CS|TAMS 0x00000000eea00000, 0x00000000eea00000| Complete 
| 235|0x00000000eeb00000, 0x00000000eec00000, 0x00000000eec00000|100%| E|CS|TAMS 0x00000000eeb00000, 0x00000000eeb00000| Complete 
| 236|0x00000000eec00000, 0x00000000eed00000, 0x00000000eed00000|100%| E|CS|TAMS 0x00000000eec00000, 0x00000000eec00000| Complete 
| 237|0x00000000eed00000, 0x00000000eee00000, 0x00000000eee00000|100%| E|CS|TAMS 0x00000000eed00000, 0x00000000eed00000| Complete 
| 238|0x00000000eee00000, 0x00000000eef00000, 0x00000000eef00000|100%| E|CS|TAMS 0x00000000eee00000, 0x00000000eee00000| Complete 
| 239|0x00000000eef00000, 0x00000000ef000000, 0x00000000ef000000|100%| E|CS|TAMS 0x00000000eef00000, 0x00000000eef00000| Complete 
| 240|0x00000000ef000000, 0x00000000ef100000, 0x00000000ef100000|100%| E|CS|TAMS 0x00000000ef000000, 0x00000000ef000000| Complete 
| 241|0x00000000ef100000, 0x00000000ef200000, 0x00000000ef200000|100%| E|CS|TAMS 0x00000000ef100000, 0x00000000ef100000| Complete 
| 242|0x00000000ef200000, 0x00000000ef300000, 0x00000000ef300000|100%| E|CS|TAMS 0x00000000ef200000, 0x00000000ef200000| Complete 
| 243|0x00000000ef300000, 0x00000000ef400000, 0x00000000ef400000|100%| E|CS|TAMS 0x00000000ef300000, 0x00000000ef300000| Complete 
| 244|0x00000000ef400000, 0x00000000ef500000, 0x00000000ef500000|100%| E|CS|TAMS 0x00000000ef400000, 0x00000000ef400000| Complete 
| 245|0x00000000ef500000, 0x00000000ef600000, 0x00000000ef600000|100%| E|CS|TAMS 0x00000000ef500000, 0x00000000ef500000| Complete 
| 246|0x00000000ef600000, 0x00000000ef700000, 0x00000000ef700000|100%| E|CS|TAMS 0x00000000ef600000, 0x00000000ef600000| Complete 
| 247|0x00000000ef700000, 0x00000000ef800000, 0x00000000ef800000|100%| E|CS|TAMS 0x00000000ef700000, 0x00000000ef700000| Complete 
| 248|0x00000000ef800000, 0x00000000ef900000, 0x00000000ef900000|100%| E|CS|TAMS 0x00000000ef800000, 0x00000000ef800000| Complete 
| 249|0x00000000ef900000, 0x00000000efa00000, 0x00000000efa00000|100%| E|CS|TAMS 0x00000000ef900000, 0x00000000ef900000| Complete 
| 250|0x00000000efa00000, 0x00000000efb00000, 0x00000000efb00000|100%| E|CS|TAMS 0x00000000efa00000, 0x00000000efa00000| Complete 
| 251|0x00000000efb00000, 0x00000000efc00000, 0x00000000efc00000|100%| E|CS|TAMS 0x00000000efb00000, 0x00000000efb00000| Complete 
| 252|0x00000000efc00000, 0x00000000efd00000, 0x00000000efd00000|100%| E|CS|TAMS 0x00000000efc00000, 0x00000000efc00000| Complete 
| 253|0x00000000efd00000, 0x00000000efe00000, 0x00000000efe00000|100%| E|CS|TAMS 0x00000000efd00000, 0x00000000efd00000| Complete 
| 254|0x00000000efe00000, 0x00000000eff00000, 0x00000000eff00000|100%| E|CS|TAMS 0x00000000efe00000, 0x00000000efe00000| Complete 
| 255|0x00000000eff00000, 0x00000000f0000000, 0x00000000f0000000|100%| E|CS|TAMS 0x00000000eff00000, 0x00000000eff00000| Complete 

Card table byte_map: [0x000001d7ec2d0000,0x000001d7ec3d0000] _byte_map_base: 0x000001d7ebbd0000

Marking Bits (Prev, Next): (CMBitMap*) 0x000001d7d56140a0, (CMBitMap*) 0x000001d7d56140e0
 Prev Bits: [0x000001d7ec4d0000, 0x000001d7eccd0000)
 Next Bits: [0x000001d7eccd0000, 0x000001d7ed4d0000)

Polling page: 0x000001d7d4d00000

Metaspace:

Usage:
  Non-class:     36.96 MB used.
      Class:      6.01 MB used.
       Both:     42.96 MB used.

Virtual space:
  Non-class space:       64.00 MB reserved,      37.19 MB ( 58%) committed,  1 nodes.
      Class space:      320.00 MB reserved,       6.19 MB (  2%) committed,  1 nodes.
             Both:      384.00 MB reserved,      43.38 MB ( 11%) committed. 

Chunk freelists:
   Non-Class:  10.70 MB
       Class:  9.64 MB
        Both:  20.34 MB

MaxMetaspaceSize: 384.00 MB
CompressedClassSpaceSize: 320.00 MB
Initial GC threshold: 21.00 MB
Current GC threshold: 58.88 MB
CDS: on
MetaspaceReclaimPolicy: balanced
 - commit_granule_bytes: 65536.
 - commit_granule_words: 8192.
 - virtual_space_node_default_size: 8388608.
 - enlarge_chunks_in_place: 1.
 - new_chunks_are_fully_committed: 0.
 - uncommit_free_chunks: 1.
 - use_allocation_guard: 0.
 - handle_deallocations: 1.


Internal statistics:

num_allocs_failed_limit: 6.
num_arena_births: 506.
num_arena_deaths: 0.
num_vsnodes_births: 2.
num_vsnodes_deaths: 0.
num_space_committed: 694.
num_space_uncommitted: 0.
num_chunks_returned_to_freelist: 6.
num_chunks_taken_from_freelist: 2187.
num_chunk_merges: 6.
num_chunk_splits: 1453.
num_chunks_enlarged: 1048.
num_inconsistent_stats: 0.

CodeHeap 'non-profiled nmethods': size=120000Kb used=2185Kb max_used=2853Kb free=117814Kb
 bounds [0x000001d7e4970000, 0x000001d7e4c40000, 0x000001d7ebea0000]
CodeHeap 'profiled nmethods': size=120000Kb used=8068Kb max_used=9584Kb free=111931Kb
 bounds [0x000001d7dcea0000, 0x000001d7dd800000, 0x000001d7e43d0000]
CodeHeap 'non-nmethods': size=5760Kb used=2320Kb max_used=2361Kb free=3439Kb
 bounds [0x000001d7e43d0000, 0x000001d7e4640000, 0x000001d7e4970000]
 total_blobs=4913 nmethods=4080 adapters=745
 compilation: enabled
              stopped_count=0, restarted_count=0
 full_count=0

Compilation events (20 events):
Event: 81.288 Thread 0x000001d7f44b9440 4828       4       org.objectweb.asm.Type::getInternalName (16 bytes)
Event: 81.299 Thread 0x000001d7f44b9440 nmethod 4828 0x000001d7e4a13810 code [0x000001d7e4a139a0, 0x000001d7e4a13ed8]
Event: 81.299 Thread 0x000001d7f44b9440 4809       4       java.util.ArrayList::isEmpty (13 bytes)
Event: 81.299 Thread 0x000001d7f44b9440 nmethod 4809 0x000001d7e498f610 code [0x000001d7e498f780, 0x000001d7e498f818]
Event: 81.305 Thread 0x000001d7f44b9440 4833       4       org.objectweb.asm.MethodVisitor::<init> (79 bytes)
Event: 81.307 Thread 0x000001d7f44b9440 nmethod 4833 0x000001d7e4a13490 code [0x000001d7e4a13600, 0x000001d7e4a13778]
Event: 81.310 Thread 0x000001d7f44b9440 4834       4       org.gradle.internal.reflect.MethodSet$MethodKey::equals (89 bytes)
Event: 81.314 Thread 0x000001d7eff18960 4837       1       sun.reflect.generics.tree.Wildcard::getUpperBounds (5 bytes)
Event: 81.314 Thread 0x000001d7eff18960 nmethod 4837 0x000001d7e4a13010 code [0x000001d7e4a131a0, 0x000001d7e4a13278]
Event: 81.314 Thread 0x000001d7eff18960 4838       3       sun.reflect.generics.scope.AbstractScope::lookup (66 bytes)
Event: 81.315 Thread 0x000001d7eff18960 nmethod 4838 0x000001d7dcf3e110 code [0x000001d7dcf3e320, 0x000001d7dcf3eb28]
Event: 81.315 Thread 0x000001d7eff18960 4839       3       sun.reflect.generics.tree.BottomSignature::make (4 bytes)
Event: 81.315 Thread 0x000001d7eff18960 nmethod 4839 0x000001d7dd20e710 code [0x000001d7dd20e8a0, 0x000001d7dd20e998]
Event: 81.315 Thread 0x000001d7eff18960 4840       3       sun.reflect.generics.tree.MethodTypeSignature::<init> (26 bytes)
Event: 81.316 Thread 0x000001d7eff18960 nmethod 4840 0x000001d7dcff0990 code [0x000001d7dcff0b40, 0x000001d7dcff0e18]
Event: 81.319 Thread 0x000001d7eff18960 4841       3       java.util.concurrent.ConcurrentHashMap$BaseIterator::<init> (21 bytes)
Event: 81.320 Thread 0x000001d7f44b9440 nmethod 4834 0x000001d7e4a09f90 code [0x000001d7e4a0a120, 0x000001d7e4a0a4f8]
Event: 81.320 Thread 0x000001d7eff18960 nmethod 4841 0x000001d7dd32de10 code [0x000001d7dd32dfc0, 0x000001d7dd32e198]
Event: 81.320 Thread 0x000001d7f44b9440 4835       4       java.util.HashMap::put (13 bytes)
Event: 81.341 Thread 0x000001d7eff18960 4843       1       java.lang.management.DefaultPlatformMBeanProvider$7::mbeanInterfaceNames (5 bytes)

GC Heap History (10 events):
Event: 4.799 GC heap before
{Heap before GC invocations=0 (full 0):
 garbage-first heap   total 262144K, used 22528K [0x00000000e0000000, 0x0000000100000000)
  region size 1024K, 23 young (23552K), 0 survivors (0K)
 Metaspace       used 1057K, committed 1216K, reserved 393216K
  class space    used 72K, committed 128K, reserved 327680K
}
Event: 4.817 GC heap after
{Heap after GC invocations=1 (full 0):
 garbage-first heap   total 262144K, used 2175K [0x00000000e0000000, 0x0000000100000000)
  region size 1024K, 3 young (3072K), 3 survivors (3072K)
 Metaspace       used 1057K, committed 1216K, reserved 393216K
  class space    used 72K, committed 128K, reserved 327680K
}
Event: 12.749 GC heap before
{Heap before GC invocations=1 (full 0):
 garbage-first heap   total 262144K, used 40063K [0x00000000e0000000, 0x0000000100000000)
  region size 1024K, 38 young (38912K), 3 survivors (3072K)
 Metaspace       used 4405K, committed 4608K, reserved 393216K
  class space    used 548K, committed 640K, reserved 327680K
}
Event: 12.762 GC heap after
{Heap after GC invocations=2 (full 0):
 garbage-first heap   total 262144K, used 10692K [0x00000000e0000000, 0x0000000100000000)
  region size 1024K, 5 young (5120K), 5 survivors (5120K)
 Metaspace       used 4405K, committed 4608K, reserved 393216K
  class space    used 548K, committed 640K, reserved 327680K
}
Event: 17.486 GC heap before
{Heap before GC invocations=2 (full 0):
 garbage-first heap   total 262144K, used 56772K [0x00000000e0000000, 0x0000000100000000)
  region size 1024K, 48 young (49152K), 5 survivors (5120K)
 Metaspace       used 4612K, committed 4864K, reserved 393216K
  class space    used 570K, committed 704K, reserved 327680K
}
Event: 17.502 GC heap after
{Heap after GC invocations=3 (full 0):
 garbage-first heap   total 262144K, used 16527K [0x00000000e0000000, 0x0000000100000000)
  region size 1024K, 5 young (5120K), 5 survivors (5120K)
 Metaspace       used 4612K, committed 4864K, reserved 393216K
  class space    used 570K, committed 704K, reserved 327680K
}
Event: 39.209 GC heap before
{Heap before GC invocations=3 (full 0):
 garbage-first heap   total 262144K, used 126095K [0x00000000e0000000, 0x0000000100000000)
  region size 1024K, 113 young (115712K), 5 survivors (5120K)
 Metaspace       used 21162K, committed 21504K, reserved 393216K
  class space    used 3052K, committed 3264K, reserved 327680K
}
Event: 39.265 GC heap after
{Heap after GC invocations=4 (full 0):
 garbage-first heap   total 262144K, used 24030K [0x00000000e0000000, 0x0000000100000000)
  region size 1024K, 12 young (12288K), 12 survivors (12288K)
 Metaspace       used 21162K, committed 21504K, reserved 393216K
  class space    used 3052K, committed 3264K, reserved 327680K
}
Event: 70.001 GC heap before
{Heap before GC invocations=5 (full 0):
 garbage-first heap   total 262144K, used 143838K [0x00000000e0000000, 0x0000000100000000)
  region size 1024K, 126 young (129024K), 12 survivors (12288K)
 Metaspace       used 35673K, committed 36096K, reserved 393216K
  class space    used 4939K, committed 5120K, reserved 327680K
}
Event: 70.044 GC heap after
{Heap after GC invocations=6 (full 0):
 garbage-first heap   total 262144K, used 32028K [0x00000000e0000000, 0x0000000100000000)
  region size 1024K, 16 young (16384K), 16 survivors (16384K)
 Metaspace       used 35673K, committed 36096K, reserved 393216K
  class space    used 4939K, committed 5120K, reserved 327680K
}

Deoptimization events (20 events):
Event: 75.542 Thread 0x000001d7f55a2670 DEOPT PACKING pc=0x000001d7e4b2ff00 sp=0x0000005b1a0f7890
Event: 75.542 Thread 0x000001d7f55a2670 DEOPT UNPACKING pc=0x000001d7e44223a3 sp=0x0000005b1a0f7838 mode 2
Event: 76.929 Thread 0x000001d7f55a2670 Uncommon trap: trap_request=0xffffffc6 fr.pc=0x000001d7e4b2ff00 relative=0x0000000000000240
Event: 76.929 Thread 0x000001d7f55a2670 Uncommon trap: reason=bimorphic_or_optimized_type_check action=maybe_recompile pc=0x000001d7e4b2ff00 method=com.google.common.base.CharMatcher.indexIn(Ljava/lang/CharSequence;I)I @ 31 c2
Event: 76.929 Thread 0x000001d7f55a2670 DEOPT PACKING pc=0x000001d7e4b2ff00 sp=0x0000005b1a0f9230
Event: 76.945 Thread 0x000001d7f55a2670 DEOPT UNPACKING pc=0x000001d7e44223a3 sp=0x0000005b1a0f91d8 mode 2
Event: 77.277 Thread 0x000001d7f55a2670 DEOPT PACKING pc=0x000001d7dd30b7a3 sp=0x0000005b1a0f8440
Event: 77.277 Thread 0x000001d7f55a2670 DEOPT UNPACKING pc=0x000001d7e4422b43 sp=0x0000005b1a0f78b0 mode 0
Event: 80.219 Thread 0x000001d7f55a2670 Uncommon trap: trap_request=0xffffffde fr.pc=0x000001d7e4af4a18 relative=0x0000000000000078
Event: 80.219 Thread 0x000001d7f55a2670 Uncommon trap: reason=class_check action=maybe_recompile pc=0x000001d7e4af4a18 method=java.util.Collections$SetFromMap.remove(Ljava/lang/Object;)Z @ 5 c2
Event: 80.219 Thread 0x000001d7f55a2670 DEOPT PACKING pc=0x000001d7e4af4a18 sp=0x0000005b1a0f8af0
Event: 80.219 Thread 0x000001d7f55a2670 DEOPT UNPACKING pc=0x000001d7e44223a3 sp=0x0000005b1a0f8a88 mode 2
Event: 81.041 Thread 0x000001d7f55a2670 Uncommon trap: trap_request=0xffffffde fr.pc=0x000001d7e4af4a18 relative=0x0000000000000078
Event: 81.041 Thread 0x000001d7f55a2670 Uncommon trap: reason=class_check action=maybe_recompile pc=0x000001d7e4af4a18 method=java.util.Collections$SetFromMap.remove(Ljava/lang/Object;)Z @ 5 c2
Event: 81.041 Thread 0x000001d7f55a2670 DEOPT PACKING pc=0x000001d7e4af4a18 sp=0x0000005b1a0f8c70
Event: 81.041 Thread 0x000001d7f55a2670 DEOPT UNPACKING pc=0x000001d7e44223a3 sp=0x0000005b1a0f8c08 mode 2
Event: 81.276 Thread 0x000001d7f55a2670 Uncommon trap: trap_request=0xffffff3d fr.pc=0x000001d7e4bfcbdc relative=0x0000000000000cbc
Event: 81.276 Thread 0x000001d7f55a2670 Uncommon trap: reason=unstable_fused_if action=reinterpret pc=0x000001d7e4bfcbdc method=org.objectweb.asm.ByteVector.putUTF8(Ljava/lang/String;)Lorg/objectweb/asm/ByteVector; @ 93 c2
Event: 81.276 Thread 0x000001d7f55a2670 DEOPT PACKING pc=0x000001d7e4bfcbdc sp=0x0000005b1a0f7310
Event: 81.276 Thread 0x000001d7f55a2670 DEOPT UNPACKING pc=0x000001d7e44223a3 sp=0x0000005b1a0f7268 mode 2

Classes unloaded (0 events):
No events

Classes redefined (0 events):
No events

Internal exceptions (20 events):
Event: 75.485 Thread 0x000001d7f55a2670 Exception <a 'java/lang/ClassNotFoundException'{0x00000000eda59fc0}: org/gradle/plugin/use/internal/PluginRequestCollector$PluginDependenciesSpecImplBeanInfo> (0x00000000eda59fc0) 
thrown [s\open\src\hotspot\share\classfile\systemDictionary.cpp, line 256]
Event: 75.489 Thread 0x000001d7f55a2670 Exception <a 'java/lang/ClassNotFoundException'{0x00000000eda6b8f0}: org/gradle/plugin/use/internal/PluginRequestCollector$PluginDependenciesSpecImplCustomizer> (0x00000000eda6b8f0) 
thrown [s\open\src\hotspot\share\classfile\systemDictionary.cpp, line 256]
Event: 75.517 Thread 0x000001d7f55a2670 Exception <a 'java/lang/ClassNotFoundException'{0x00000000edabc580}: org/gradle/plugin/use/internal/PluginRequestCollector$PluginDependencySpecImplBeanInfo> (0x00000000edabc580) 
thrown [s\open\src\hotspot\share\classfile\systemDictionary.cpp, line 256]
Event: 75.522 Thread 0x000001d7f55a2670 Exception <a 'java/lang/ClassNotFoundException'{0x00000000edacddc0}: org/gradle/plugin/use/internal/PluginRequestCollector$PluginDependencySpecImplCustomizer> (0x00000000edacddc0) 
thrown [s\open\src\hotspot\share\classfile\systemDictionary.cpp, line 256]
Event: 78.458 Thread 0x000001d7f55a2670 Exception <a 'java/lang/NoSuchMethodError'{0x00000000ed0b6780}: 'java.lang.Object java.lang.invoke.DirectMethodHandle$Holder.newInvokeSpecial(java.lang.Object, java.lang.Object, java.lang.Object, int, java.lang.Object)'> (0x00000000ed0b6780) 
thrown [s\open\src\hotspot\share\interpreter\linkResolver.cpp, line 759]
Event: 78.461 Thread 0x000001d7f55a2670 Exception <a 'java/lang/NoSuchMethodError'{0x00000000ed0bebf0}: 'java.lang.Object java.lang.invoke.Invokers$Holder.linkToTargetMethod(java.lang.Object, java.lang.Object, int, java.lang.Object, java.lang.Object)'> (0x00000000ed0bebf0) 
thrown [s\open\src\hotspot\share\interpreter\linkResolver.cpp, line 759]
Event: 78.761 Thread 0x000001d7f55a2670 Exception <a 'java/lang/NoSuchMethodError'{0x00000000ecdea500}: 'java.lang.Object java.lang.invoke.DirectMethodHandle$Holder.newInvokeSpecial(java.lang.Object, int, java.lang.Object)'> (0x00000000ecdea500) 
thrown [s\open\src\hotspot\share\interpreter\linkResolver.cpp, line 759]
Event: 79.460 Thread 0x000001d7f55a2670 Exception <a 'java/lang/NoSuchMethodError'{0x00000000ec6950c8}: 'java.lang.Object java.lang.invoke.DirectMethodHandle$Holder.newInvokeSpecial(java.lang.Object, java.lang.Object, java.lang.Object, int)'> (0x00000000ec6950c8) 
thrown [s\open\src\hotspot\share\interpreter\linkResolver.cpp, line 759]
Event: 79.462 Thread 0x000001d7f55a2670 Exception <a 'java/lang/NoSuchMethodError'{0x00000000ec69a1a8}: 'java.lang.Object java.lang.invoke.DirectMethodHandle$Holder.invokeSpecial(java.lang.Object, java.lang.Object, java.lang.Object, java.lang.Object, int)'> (0x00000000ec69a1a8) 
thrown [s\open\src\hotspot\share\interpreter\linkResolver.cpp, line 759]
Event: 79.463 Thread 0x000001d7f55a2670 Exception <a 'java/lang/NoSuchMethodError'{0x00000000ec69ea70}: 'java.lang.Object java.lang.invoke.Invokers$Holder.linkToTargetMethod(java.lang.Object, java.lang.Object, int, java.lang.Object)'> (0x00000000ec69ea70) 
thrown [s\open\src\hotspot\share\interpreter\linkResolver.cpp, line 759]
Event: 79.810 Thread 0x000001d7f55a2670 Exception <a 'java/lang/NoSuchMethodError'{0x00000000ec323798}: 'int java.lang.invoke.DirectMethodHandle$Holder.invokeSpecialIFC(java.lang.Object, java.lang.Object, java.lang.Object)'> (0x00000000ec323798) 
thrown [s\open\src\hotspot\share\interpreter\linkResolver.cpp, line 759]
Event: 80.100 Thread 0x000001d7f55a2670 Exception <a 'java/lang/NoSuchMethodError'{0x00000000ebf518b0}: 'java.lang.Object java.lang.invoke.DirectMethodHandle$Holder.newInvokeSpecial(java.lang.Object, java.lang.Object, java.lang.Object, java.lang.Object, int)'> (0x00000000ebf518b0) 
thrown [s\open\src\hotspot\share\interpreter\linkResolver.cpp, line 759]
Event: 80.102 Thread 0x000001d7f55a2670 Exception <a 'java/lang/NoSuchMethodError'{0x00000000ebf56b90}: 'java.lang.Object java.lang.invoke.DirectMethodHandle$Holder.invokeSpecial(java.lang.Object, java.lang.Object, java.lang.Object, java.lang.Object, java.lang.Object, int)'> (0x00000000ebf56b90) 
thrown [s\open\src\hotspot\share\interpreter\linkResolver.cpp, line 759]
Event: 80.104 Thread 0x000001d7f55a2670 Exception <a 'java/lang/NoSuchMethodError'{0x00000000ebf5b820}: 'java.lang.Object java.lang.invoke.Invokers$Holder.linkToTargetMethod(java.lang.Object, java.lang.Object, java.lang.Object, int, java.lang.Object)'> (0x00000000ebf5b820) 
thrown [s\open\src\hotspot\share\interpreter\linkResolver.cpp, line 759]
Event: 80.119 Thread 0x000001d7f55a2670 Exception <a 'java/lang/NoSuchMethodError'{0x00000000ebf8be80}: 'void java.lang.invoke.DirectMethodHandle$Holder.invokeSpecial(java.lang.Object, java.lang.Object, java.lang.Object, java.lang.Object, java.lang.Object, java.lang.Object)'> (0x00000000ebf8be80) 
thrown [s\open\src\hotspot\share\interpreter\linkResolver.cpp, line 759]
Event: 80.130 Thread 0x000001d7f55a2670 Exception <a 'java/lang/NoSuchMethodError'{0x00000000ebfb21d8}: 'java.lang.Object java.lang.invoke.DirectMethodHandle$Holder.newInvokeSpecial(java.lang.Object, java.lang.Object, long, java.lang.Object)'> (0x00000000ebfb21d8) 
thrown [s\open\src\hotspot\share\interpreter\linkResolver.cpp, line 759]
Event: 80.131 Thread 0x000001d7f55a2670 Exception <a 'java/lang/NoSuchMethodError'{0x00000000ebfb6ff0}: 'java.lang.Object java.lang.invoke.DirectMethodHandle$Holder.invokeSpecial(java.lang.Object, java.lang.Object, java.lang.Object, long, java.lang.Object)'> (0x00000000ebfb6ff0) 
thrown [s\open\src\hotspot\share\interpreter\linkResolver.cpp, line 759]
Event: 80.132 Thread 0x000001d7f55a2670 Exception <a 'java/lang/NoSuchMethodError'{0x00000000ebfbb8c0}: 'java.lang.Object java.lang.invoke.Invokers$Holder.linkToTargetMethod(java.lang.Object, long, java.lang.Object, java.lang.Object)'> (0x00000000ebfbb8c0) 
thrown [s\open\src\hotspot\share\interpreter\linkResolver.cpp, line 759]
Event: 80.144 Thread 0x000001d7f55a2670 Exception <a 'java/lang/NoSuchMethodError'{0x00000000ebfe45d8}: 'void java.lang.invoke.DirectMethodHandle$Holder.invokeStatic(java.lang.Object, java.lang.Object, java.lang.Object, int, java.lang.Object)'> (0x00000000ebfe45d8) 
thrown [s\open\src\hotspot\share\interpreter\linkResolver.cpp, line 759]
Event: 80.231 Thread 0x000001d7f55a2670 Exception <a 'java/lang/NoSuchMethodError'{0x00000000ebdb47d8}: 'int java.lang.invoke.DirectMethodHandle$Holder.invokeInterface(java.lang.Object, java.lang.Object, java.lang.Object, java.lang.Object, java.lang.Object)'> (0x00000000ebdb47d8) 
thrown [s\open\src\hotspot\share\interpreter\linkResolver.cpp, line 759]

VM Operations (20 events):
Event: 74.895 Executing VM operation: HandshakeAllThreads
Event: 74.895 Executing VM operation: HandshakeAllThreads done
Event: 75.070 Executing VM operation: HandshakeAllThreads
Event: 75.071 Executing VM operation: HandshakeAllThreads done
Event: 75.795 Executing VM operation: HandshakeAllThreads
Event: 75.799 Executing VM operation: HandshakeAllThreads done
Event: 75.799 Executing VM operation: Cleanup
Event: 75.801 Executing VM operation: Cleanup done
Event: 76.802 Executing VM operation: Cleanup
Event: 76.822 Executing VM operation: Cleanup done
Event: 77.826 Executing VM operation: Cleanup
Event: 77.829 Executing VM operation: Cleanup done
Event: 78.830 Executing VM operation: Cleanup
Event: 78.830 Executing VM operation: Cleanup done
Event: 79.831 Executing VM operation: Cleanup
Event: 79.831 Executing VM operation: Cleanup done
Event: 80.832 Executing VM operation: Cleanup
Event: 80.832 Executing VM operation: Cleanup done
Event: 82.832 Executing VM operation: Cleanup
Event: 82.833 Executing VM operation: Cleanup done

Events (20 events):
Event: 75.816 Thread 0x000001d7eff29aa0 flushing nmethod 0x000001d7dd661390
Event: 75.817 Thread 0x000001d7eff29aa0 flushing nmethod 0x000001d7dd6b2490
Event: 75.817 Thread 0x000001d7eff29aa0 flushing nmethod 0x000001d7dd6b2910
Event: 75.817 Thread 0x000001d7eff29aa0 flushing nmethod 0x000001d7dd6d6990
Event: 75.817 Thread 0x000001d7eff29aa0 flushing nmethod 0x000001d7dd715810
Event: 75.817 Thread 0x000001d7eff29aa0 flushing nmethod 0x000001d7dd726490
Event: 75.818 Thread 0x000001d7eff29aa0 flushing nmethod 0x000001d7dd797e90
Event: 75.818 Thread 0x000001d7eff29aa0 flushing nmethod 0x000001d7dd7b5790
Event: 75.818 Thread 0x000001d7eff29aa0 flushing nmethod 0x000001d7dd7b5b90
Event: 75.818 Thread 0x000001d7eff29aa0 flushing nmethod 0x000001d7dd7b6490
Event: 75.818 Thread 0x000001d7eff29aa0 flushing nmethod 0x000001d7dd7b7610
Event: 75.818 Thread 0x000001d7eff29aa0 flushing nmethod 0x000001d7dd7b7a90
Event: 76.272 Thread 0x000001d7f44b9440 Thread exited: 0x000001d7f44b9440
Event: 78.360 Thread 0x000001d7f44b9440 Thread added: 0x000001d7f44b9440
Event: 78.890 loading class java/io/DeleteOnExitHook
Event: 78.891 loading class java/io/DeleteOnExitHook done
Event: 78.891 loading class java/io/DeleteOnExitHook$1
Event: 78.891 loading class java/io/DeleteOnExitHook$1 done
Event: 79.625 Thread 0x000001d7f44b9440 Thread exited: 0x000001d7f44b9440
Event: 81.278 Thread 0x000001d7f44b9440 Thread added: 0x000001d7f44b9440


Dynamic libraries:
0x00007ff782610000 - 0x00007ff782620000 	C:\Program Files\Java\jdk-17\bin\java.exe
0x00007fff4ae60000 - 0x00007fff4b0c8000 	C:\WINDOWS\SYSTEM32\ntdll.dll
0x00007fff49960000 - 0x00007fff49a29000 	C:\WINDOWS\System32\KERNEL32.DLL
0x00007fff485e0000 - 0x00007fff489d2000 	C:\WINDOWS\System32\KERNELBASE.dll
0x00007fff482d0000 - 0x00007fff4841b000 	C:\WINDOWS\System32\ucrtbase.dll
0x00007fff30d90000 - 0x00007fff30da9000 	C:\Program Files\Java\jdk-17\bin\jli.dll
0x00007fff496a0000 - 0x00007fff49754000 	C:\WINDOWS\System32\ADVAPI32.dll
0x00007fff498b0000 - 0x00007fff49959000 	C:\WINDOWS\System32\msvcrt.dll
0x00007fff30bf0000 - 0x00007fff30c0b000 	C:\Program Files\Java\jdk-17\bin\VCRUNTIME140.dll
0x00007fff49ab0000 - 0x00007fff49b56000 	C:\WINDOWS\System32\sechost.dll
0x00007fff491b0000 - 0x00007fff492c8000 	C:\WINDOWS\System32\RPCRT4.dll
0x00007fff48d30000 - 0x00007fff48ef5000 	C:\WINDOWS\System32\USER32.dll
0x00007fff48a80000 - 0x00007fff48aa7000 	C:\WINDOWS\System32\win32u.dll
0x00007fff36990000 - 0x00007fff36c23000 	C:\WINDOWS\WinSxS\amd64_microsoft.windows.common-controls_6595b64144ccf1df_6.0.26100.6899_none_3e0efeeae32e88c1\COMCTL32.dll
0x00007fff492f0000 - 0x00007fff4931b000 	C:\WINDOWS\System32\GDI32.dll
0x00007fff484b0000 - 0x00007fff485dd000 	C:\WINDOWS\System32\gdi32full.dll
0x00007fff48160000 - 0x00007fff48203000 	C:\WINDOWS\System32\msvcp_win.dll
0x00007fff40c20000 - 0x00007fff40c2b000 	C:\WINDOWS\SYSTEM32\VERSION.dll
0x00007fff48f00000 - 0x00007fff48f2f000 	C:\WINDOWS\System32\IMM32.DLL
0x00007fff30be0000 - 0x00007fff30bec000 	C:\Program Files\Java\jdk-17\bin\vcruntime140_1.dll
0x00007fff25340000 - 0x00007fff253ce000 	C:\Program Files\Java\jdk-17\bin\msvcp140.dll
0x00007ffe6c750000 - 0x00007ffe6d330000 	C:\Program Files\Java\jdk-17\bin\server\jvm.dll
0x00007fff4ad50000 - 0x00007fff4ad58000 	C:\WINDOWS\System32\PSAPI.DLL
0x00007fff402a0000 - 0x00007fff402aa000 	C:\WINDOWS\SYSTEM32\WSOCK32.dll
0x00007fff48f40000 - 0x00007fff48fb4000 	C:\WINDOWS\System32\WS2_32.dll
0x00007fff40be0000 - 0x00007fff40c15000 	C:\WINDOWS\SYSTEM32\WINMM.dll
0x00007fff46d80000 - 0x00007fff46d9b000 	C:\WINDOWS\SYSTEM32\kernel.appcore.dll
0x00007fff30bd0000 - 0x00007fff30bda000 	C:\Program Files\Java\jdk-17\bin\jimage.dll
0x00007fff3ba10000 - 0x00007fff3bc52000 	C:\WINDOWS\SYSTEM32\DBGHELP.DLL
0x00007fff4a9c0000 - 0x00007fff4ad3b000 	C:\WINDOWS\System32\combase.dll
0x00007fff49ff0000 - 0x00007fff4a0c7000 	C:\WINDOWS\System32\OLEAUT32.dll
0x00007fff362b0000 - 0x00007fff362ec000 	C:\WINDOWS\SYSTEM32\dbgcore.DLL
0x00007fff489e0000 - 0x00007fff48a78000 	C:\WINDOWS\System32\bcryptPrimitives.dll
0x00007fff32310000 - 0x00007fff3231e000 	C:\Program Files\Java\jdk-17\bin\instrument.dll
0x00007fff25f60000 - 0x00007fff25f85000 	C:\Program Files\Java\jdk-17\bin\java.dll
0x00007fff1dde0000 - 0x00007fff1deb7000 	C:\Program Files\Java\jdk-17\bin\jsvml.dll
0x00007fff4a270000 - 0x00007fff4a9bd000 	C:\WINDOWS\System32\SHELL32.dll
0x00007fff47ff0000 - 0x00007fff4815b000 	C:\WINDOWS\System32\wintypes.dll
0x00007fff45c20000 - 0x00007fff4647d000 	C:\WINDOWS\SYSTEM32\windows.storage.dll
0x00007fff48c30000 - 0x00007fff48d22000 	C:\WINDOWS\System32\SHCORE.dll
0x00007fff493e0000 - 0x00007fff49442000 	C:\WINDOWS\System32\shlwapi.dll
0x00007fff47f10000 - 0x00007fff47f39000 	C:\WINDOWS\SYSTEM32\profapi.dll
0x00007fff25320000 - 0x00007fff25338000 	C:\Program Files\Java\jdk-17\bin\zip.dll
0x00007fff2a7d0000 - 0x00007fff2a7e9000 	C:\Program Files\Java\jdk-17\bin\net.dll
0x00007fff3d620000 - 0x00007fff3d73f000 	C:\WINDOWS\SYSTEM32\WINHTTP.dll
0x00007fff472d0000 - 0x00007fff4733b000 	C:\WINDOWS\system32\mswsock.dll
0x00007fff25f40000 - 0x00007fff25f56000 	C:\Program Files\Java\jdk-17\bin\nio.dll
0x00007fff365b0000 - 0x00007fff365c0000 	C:\Program Files\Java\jdk-17\bin\verify.dll
0x00007fff2e7a0000 - 0x00007fff2e7c7000 	C:\Users\juane\.gradle\native\1def1411415f61bf3af743bc5b6707747c0891f09f0c88961ee8f79bc544acac\windows-amd64\native-platform.dll
0x00007fff2a4e0000 - 0x00007fff2a558000 	C:\Users\juane\.gradle\native\0.2.7\x86_64-windows-gnu\gradle-fileevents.dll
0x00007fff365a0000 - 0x00007fff365aa000 	C:\Program Files\Java\jdk-17\bin\management.dll
0x00007fff33530000 - 0x00007fff3353b000 	C:\Program Files\Java\jdk-17\bin\management_ext.dll
0x00007fff46780000 - 0x00007fff467b4000 	C:\WINDOWS\SYSTEM32\IPHLPAPI.DLL
0x00007fff49690000 - 0x00007fff4969a000 	C:\WINDOWS\System32\NSI.dll
0x00007fff3d810000 - 0x00007fff3d82e000 	C:\WINDOWS\SYSTEM32\dhcpcsvc6.DLL
0x00007fff3d790000 - 0x00007fff3d7b3000 	C:\WINDOWS\SYSTEM32\dhcpcsvc.DLL
0x00007fff46870000 - 0x00007fff46996000 	C:\WINDOWS\SYSTEM32\DNSAPI.dll
0x00007fff476b0000 - 0x00007fff476cb000 	C:\WINDOWS\SYSTEM32\CRYPTSP.dll
0x00007fff46ce0000 - 0x00007fff46d1b000 	C:\WINDOWS\system32\rsaenh.dll
0x00007fff47370000 - 0x00007fff4739b000 	C:\WINDOWS\SYSTEM32\USERENV.dll
0x00007fff47ee0000 - 0x00007fff47f06000 	C:\WINDOWS\SYSTEM32\bcrypt.dll
0x00007fff47510000 - 0x00007fff4751c000 	C:\WINDOWS\SYSTEM32\CRYPTBASE.dll
0x00007fff30f10000 - 0x00007fff30f1e000 	C:\Program Files\Java\jdk-17\bin\sunmscapi.dll
0x00007fff48ab0000 - 0x00007fff48c27000 	C:\WINDOWS\System32\CRYPT32.dll
0x00007fff47800000 - 0x00007fff47830000 	C:\WINDOWS\SYSTEM32\ncrypt.dll
0x00007fff477b0000 - 0x00007fff477ef000 	C:\WINDOWS\SYSTEM32\NTASN1.dll
0x00007ffebde40000 - 0x00007ffebde48000 	C:\WINDOWS\system32\wshunix.dll

dbghelp: loaded successfully - version: 4.0.5 - missing functions: none
symbol engine: initialized successfully - sym options: 0x614 - pdb path: .;C:\Program Files\Java\jdk-17\bin;C:\WINDOWS\SYSTEM32;C:\WINDOWS\WinSxS\amd64_microsoft.windows.common-controls_6595b64144ccf1df_6.0.26100.6899_none_3e0efeeae32e88c1;C:\Program Files\Java\jdk-17\bin\server;C:\Users\juane\.gradle\native\1def1411415f61bf3af743bc5b6707747c0891f09f0c88961ee8f79bc544acac\windows-amd64;C:\Users\juane\.gradle\native\0.2.7\x86_64-windows-gnu

VM Arguments:
jvm_args: --add-opens=java.base/java.lang=ALL-UNNAMED --add-opens=java.base/java.lang.invoke=ALL-UNNAMED --add-opens=java.base/java.util=ALL-UNNAMED --add-opens=java.prefs/java.util.prefs=ALL-UNNAMED --add-exports=jdk.compiler/com.sun.tools.javac.api=ALL-UNNAMED --add-exports=jdk.compiler/com.sun.tools.javac.util=ALL-UNNAMED --add-opens=java.base/java.util=ALL-UNNAMED --add-opens=java.prefs/java.util.prefs=ALL-UNNAMED --add-opens=java.base/java.nio.charset=ALL-UNNAMED --add-opens=java.base/java.net=ALL-UNNAMED --add-opens=java.base/java.util.concurrent.atomic=ALL-UNNAMED --add-opens=java.xml/javax.xml.namespace=ALL-UNNAMED -XX:MaxMetaspaceSize=384m -XX:+HeapDumpOnOutOfMemoryError -Xms256m -Xmx512m -Dfile.encoding=windows-1252 -Duser.country=CO -Duser.language=es -Duser.variant -javaagent:C:\Users\juane\.gradle\wrapper\dists\gradle-8.14-bin\38aieal9i53h9rfe7vjup95b9\gradle-8.14\lib\agents\gradle-instrumentation-agent-8.14.jar 
java_command: org.gradle.launcher.daemon.bootstrap.GradleDaemon 8.14
java_class_path (initial): C:\Users\juane\.gradle\wrapper\dists\gradle-8.14-bin\38aieal9i53h9rfe7vjup95b9\gradle-8.14\lib\gradle-daemon-main-8.14.jar
Launcher Type: SUN_STANDARD

[Global flags]
     intx CICompilerCount                          = 4                                         {product} {ergonomic}
   size_t CompressedClassSpaceSize                 = 335544320                                 {product} {ergonomic}
     uint ConcGCThreads                            = 2                                         {product} {ergonomic}
     uint G1ConcRefinementThreads                  = 8                                         {product} {ergonomic}
   size_t G1HeapRegionSize                         = 1048576                                   {product} {ergonomic}
    uintx GCDrainStackTargetSize                   = 64                                        {product} {ergonomic}
     bool HeapDumpOnOutOfMemoryError               = true                                   {manageable} {command line}
   size_t InitialHeapSize                          = 268435456                                 {product} {command line}
   size_t MarkStackSize                            = 4194304                                   {product} {ergonomic}
   size_t MaxHeapSize                              = 536870912                                 {product} {command line}
   size_t MaxMetaspaceSize                         = 402653184                                 {product} {command line}
   size_t MaxNewSize                               = 321912832                                 {product} {ergonomic}
   size_t MinHeapDeltaBytes                        = 1048576                                   {product} {ergonomic}
   size_t MinHeapSize                              = 268435456                                 {product} {command line}
    uintx NonNMethodCodeHeapSize                   = 5839372                                {pd product} {ergonomic}
    uintx NonProfiledCodeHeapSize                  = 122909434                              {pd product} {ergonomic}
    uintx ProfiledCodeHeapSize                     = 122909434                              {pd product} {ergonomic}
    uintx ReservedCodeCacheSize                    = 251658240                              {pd product} {ergonomic}
     bool SegmentedCodeCache                       = true                                      {product} {ergonomic}
   size_t SoftMaxHeapSize                          = 536870912                              {manageable} {ergonomic}
     bool UseCompressedClassPointers               = true                           {product lp64_product} {ergonomic}
     bool UseCompressedOops                        = true                           {product lp64_product} {ergonomic}
     bool UseG1GC                                  = true                                      {product} {ergonomic}
     bool UseLargePagesIndividualAllocation        = false                                  {pd product} {ergonomic}

Logging:
Log output configuration:
 #0: stdout all=warning uptime,level,tags
 #1: stderr all=off uptime,level,tags

Environment Variables:
JAVA_HOME=C:\Program Files\Java\jdk-17
CLASSPATH=J:\GEMS\gems-lms-api\\gradle\wrapper\gradle-wrapper.jar
PATH=C:\Program Files\Java\jdk-17\bin;C:\Program Files\Common Files\Oracle\Java\javapath;C:\ProgramData\Oracle\Java\javapath;C:\WINDOWS\system32;C:\WINDOWS;C:\WINDOWS\System32\Wbem;C:\WINDOWS\System32\WindowsPowerShell\v1.0\;C:\WINDOWS\System32\OpenSSH\;C:\Program Files\Azure Data Studio\bin;C:\Program Files\Git\cmd;C:\Program Files\dotnet\;C:\Program Files (x86)\Microsoft SQL Server\160\Tools\Binn\;C:\Program Files\Microsoft SQL Server\160\Tools\Binn\;C:\Program Files\Microsoft SQL Server\Client SDK\ODBC\170\Tools\Binn\;C:\Program Files\Microsoft SQL Server\160\DTS\Binn\;C:\Program Files\Microsoft SQL Server\150\Tools\Binn\;C:\Program Files\nodejs\;C:\Users\juane\AppData\Local\Microsoft\WindowsApps;C:\Program Files\Java\jdk-19\bin;;C:\Program Files\JetBrains\IntelliJ IDEA 2022.3.2\bin;;C:\Program Files\Azure Data Studio\bin;C:\Users\juane\.dotnet\tools;C:\Users\juane\AppData\Local\Programs\Microsoft VS Code\bin;C:\Users\juane\AppData\Roaming\npm
USERNAME=juane
OS=Windows_NT
PROCESSOR_IDENTIFIER=AMD64 Family 23 Model 24 Stepping 1, AuthenticAMD



---------------  S Y S T E M  ---------------

OS:
 Windows 11 , 64 bit Build 26100 (10.0.26100.6725)
OS uptime: 4 days 2:33 hours
Hyper-V role detected

CPU: total 8 (initial active 8) (8 cores per cpu, 2 threads per core) family 23 model 24 stepping 1 microcode 0x810810e, cx8, cmov, fxsr, ht, mmx, 3dnowpref, sse, sse2, sse3, ssse3, sse4a, sse4.1, sse4.2, popcnt, lzcnt, tsc, tscinvbit, avx, avx2, aes, clmul, bmi1, bmi2, adx, sha, fma, vzeroupper, clflush, clflushopt, hv

Memory: 4k page, system-wide physical 6030M (721M free)
TotalPageFile size 24462M (AvailPageFile size 470M)
current process WorkingSet (physical memory assigned to process): 281M, peak: 283M
current process commit charge ("private bytes"): 452M, peak: 457M

vm_info: Java HotSpot(TM) 64-Bit Server VM (17.0.12+8-LTS-286) for windows-amd64 JRE (17.0.12+8-LTS-286), built on Jun  5 2024 06:46:59 by "mach5one" with MS VC++ 17.6 (VS2022)

END.
