#
# There is insufficient memory for the Java Runtime Environment to continue.
# Native memory allocation (malloc) failed to allocate 1103696 bytes for Chunk::new
# Possible reasons:
#   The system is out of physical RAM or swap space
#   The process is running with CompressedOops enabled, and the Java Heap may be blocking the growth of the native heap
# Possible solutions:
#   Reduce memory load on the system
#   Increase physical memory or swap space
#   Check if swap backing store is full
#   Decrease Java heap size (-Xmx/-Xms)
#   Decrease number of Java threads
#   Decrease Java thread stack sizes (-Xss)
#   Set larger code cache with -XX:ReservedCodeCacheSize=
#   JVM is running with Unscaled Compressed Oops mode in which the Java heap is
#     placed in the first 4GB address space. The Java Heap base address is the
#     maximum limit for the native heap growth. Please use -XX:HeapBaseMinAddress
#     to set the Java Heap base and to place the Java Heap above 4GB virtual address.
# This output file may be truncated or incomplete.
#
#  Out of Memory Error (arena.cpp:189), pid=21500, tid=7548
#
# JRE version: Java(TM) SE Runtime Environment (17.0.12+8) (build 17.0.12+8-LTS-286)
# Java VM: Java HotSpot(TM) 64-Bit Server VM (17.0.12+8-LTS-286, mixed mode, sharing, tiered, compressed oops, compressed class ptrs, g1 gc, windows-amd64)
# No core dump will be written. Minidumps are not enabled by default on client versions of Windows
#

---------------  S U M M A R Y ------------

Command Line: --add-opens=java.base/java.lang=ALL-UNNAMED --add-opens=java.base/java.lang.invoke=ALL-UNNAMED --add-opens=java.base/java.util=ALL-UNNAMED --add-opens=java.prefs/java.util.prefs=ALL-UNNAMED --add-exports=jdk.compiler/com.sun.tools.javac.api=ALL-UNNAMED --add-exports=jdk.compiler/com.sun.tools.javac.util=ALL-UNNAMED --add-opens=java.base/java.util=ALL-UNNAMED --add-opens=java.prefs/java.util.prefs=ALL-UNNAMED --add-opens=java.base/java.nio.charset=ALL-UNNAMED --add-opens=java.base/java.net=ALL-UNNAMED --add-opens=java.base/java.util.concurrent.atomic=ALL-UNNAMED --add-opens=java.xml/javax.xml.namespace=ALL-UNNAMED -XX:MaxMetaspaceSize=384m -XX:+HeapDumpOnOutOfMemoryError -Xms256m -Xmx512m -Dfile.encoding=windows-1252 -Duser.country=CO -Duser.language=es -Duser.variant -javaagent:C:\Users\juane\.gradle\wrapper\dists\gradle-8.14-bin\38aieal9i53h9rfe7vjup95b9\gradle-8.14\lib\agents\gradle-instrumentation-agent-8.14.jar org.gradle.launcher.daemon.bootstrap.GradleDaemon 8.14

Host: AMD Ryzen 5 3450U with Radeon Vega Mobile Gfx  , 8 cores, 5G,  Windows 11 , 64 bit Build 26100 (10.0.26100.6725)
Time: Sun Nov  9 22:13:34 2025 Hora est. Pacífico, Sudamérica elapsed time: 82.319395 seconds (0d 0h 1m 22s)

---------------  T H R E A D  ---------------

Current thread (0x000002354be75200):  JavaThread "C2 CompilerThread0" daemon [_thread_in_native, id=7548, stack(0x0000005738c00000,0x0000005738d00000)]


Current CompileTask:
C2:  82320 4753       4       java.util.regex.Pattern::compile (500 bytes)

Stack: [0x0000005738c00000,0x0000005738d00000]
Native frames: (J=compiled Java code, j=interpreted, Vv=VM code, C=native code)
V  [jvm.dll+0x67a04a]
V  [jvm.dll+0x7da4ed]
V  [jvm.dll+0x7dbe33]
V  [jvm.dll+0x7dc4a3]
V  [jvm.dll+0x24508f]
V  [jvm.dll+0xab773]
V  [jvm.dll+0xabd3c]
V  [jvm.dll+0x361b9f]
V  [jvm.dll+0x32c431]
V  [jvm.dll+0x32b8ca]
V  [jvm.dll+0x21683f]
V  [jvm.dll+0x215c6f]
V  [jvm.dll+0x1a2960]
V  [jvm.dll+0x22610b]
V  [jvm.dll+0x2242ab]
V  [jvm.dll+0x79075c]
V  [jvm.dll+0x78abea]
V  [jvm.dll+0x678f35]
C  [ucrtbase.dll+0x37b0]
C  [KERNEL32.DLL+0x2e8d7]
C  [ntdll.dll+0x8c53c]


---------------  P R O C E S S  ---------------

Threads class SMR info:
_java_thread_list=0x00000235679ac260, length=38, elements={
0x0000023530d371a0, 0x000002354be58f20, 0x000002354be5a190, 0x000002354be6fb70,
0x000002354be72450, 0x000002354be72d20, 0x000002354be735f0, 0x000002354be75200,
0x000002354be77b20, 0x000002354be78430, 0x00000235650ffaf0, 0x000002356520b220,
0x00000235667322a0, 0x0000023566b65820, 0x0000023566714040, 0x00000235652fdf40,
0x00000235652fe7f0, 0x0000023565f42210, 0x0000023565f408c0, 0x0000023565f3f990,
0x0000023565f3f480, 0x0000023565f3ef70, 0x0000023565f42720, 0x0000023565f3fea0,
0x0000023565f40dd0, 0x0000023565f41d00, 0x0000023565f412e0, 0x0000023565f417f0,
0x0000023567fee140, 0x0000023567fef580, 0x0000023567fec2e0, 0x0000023567fed210,
0x0000023567fee650, 0x0000023567feeb60, 0x0000023567fec7f0, 0x0000023567fef070,
0x0000023568621020, 0x0000023565a9b5a0
}

Java Threads: ( => current thread )
  0x0000023530d371a0 JavaThread "main" [_thread_blocked, id=12044, stack(0x0000005737f00000,0x0000005738000000)]
  0x000002354be58f20 JavaThread "Reference Handler" daemon [_thread_blocked, id=13200, stack(0x0000005738600000,0x0000005738700000)]
  0x000002354be5a190 JavaThread "Finalizer" daemon [_thread_blocked, id=22364, stack(0x0000005738700000,0x0000005738800000)]
  0x000002354be6fb70 JavaThread "Signal Dispatcher" daemon [_thread_blocked, id=23104, stack(0x0000005738800000,0x0000005738900000)]
  0x000002354be72450 JavaThread "Attach Listener" daemon [_thread_blocked, id=15540, stack(0x0000005738900000,0x0000005738a00000)]
  0x000002354be72d20 JavaThread "Service Thread" daemon [_thread_blocked, id=16232, stack(0x0000005738a00000,0x0000005738b00000)]
  0x000002354be735f0 JavaThread "Monitor Deflation Thread" daemon [_thread_blocked, id=23684, stack(0x0000005738b00000,0x0000005738c00000)]
=>0x000002354be75200 JavaThread "C2 CompilerThread0" daemon [_thread_in_native, id=7548, stack(0x0000005738c00000,0x0000005738d00000)]
  0x000002354be77b20 JavaThread "C1 CompilerThread0" daemon [_thread_blocked, id=23508, stack(0x0000005738d00000,0x0000005738e00000)]
  0x000002354be78430 JavaThread "Sweeper thread" daemon [_thread_blocked, id=18544, stack(0x0000005738e00000,0x0000005738f00000)]
  0x00000235650ffaf0 JavaThread "Common-Cleaner" daemon [_thread_blocked, id=23160, stack(0x0000005738f00000,0x0000005739000000)]
  0x000002356520b220 JavaThread "Notification Thread" daemon [_thread_blocked, id=23068, stack(0x0000005739000000,0x0000005739100000)]
  0x00000235667322a0 JavaThread "Daemon health stats" [_thread_blocked, id=5192, stack(0x0000005739800000,0x0000005739900000)]
  0x0000023566b65820 JavaThread "Incoming local TCP Connector on port 60938" [_thread_in_native, id=20632, stack(0x0000005739900000,0x0000005739a00000)]
  0x0000023566714040 JavaThread "Daemon periodic checks" [_thread_blocked, id=17784, stack(0x0000005739a00000,0x0000005739b00000)]
  0x00000235652fdf40 JavaThread "Daemon" [_thread_blocked, id=17480, stack(0x0000005739b00000,0x0000005739c00000)]
  0x00000235652fe7f0 JavaThread "Handler for socket connection from /127.0.0.1:60938 to /127.0.0.1:60941" [_thread_in_native, id=25256, stack(0x0000005739c00000,0x0000005739d00000)]
  0x0000023565f42210 JavaThread "Cancel handler" [_thread_blocked, id=19104, stack(0x0000005739d00000,0x0000005739e00000)]
  0x0000023565f408c0 JavaThread "Daemon worker" [_thread_in_native, id=3268, stack(0x0000005739e00000,0x0000005739f00000)]
  0x0000023565f3f990 JavaThread "Asynchronous log dispatcher for DefaultDaemonConnection: socket connection from /127.0.0.1:60938 to /127.0.0.1:60941" [_thread_blocked, id=10788, stack(0x0000005739f00000,0x000000573a000000)]
  0x0000023565f3f480 JavaThread "Stdin handler" [_thread_blocked, id=13528, stack(0x000000573a000000,0x000000573a100000)]
  0x0000023565f3ef70 JavaThread "Daemon client event forwarder" [_thread_blocked, id=17884, stack(0x000000573a100000,0x000000573a200000)]
  0x0000023565f42720 JavaThread "Cache worker for journal cache (C:\Users\juane\.gradle\caches\journal-1)" [_thread_blocked, id=13276, stack(0x000000573a200000,0x000000573a300000)]
  0x0000023565f3fea0 JavaThread "File lock request listener" [_thread_in_native, id=15972, stack(0x000000573a300000,0x000000573a400000)]
  0x0000023565f40dd0 JavaThread "File lock release action executor" [_thread_blocked, id=15272, stack(0x000000573a400000,0x000000573a500000)]
  0x0000023565f41d00 JavaThread "Cache worker for file hash cache (C:\Users\juane\.gradle\caches\8.14\fileHashes)" [_thread_blocked, id=25080, stack(0x000000573a500000,0x000000573a600000)]
  0x0000023565f412e0 JavaThread "Cache worker for file hash cache (J:\GEMS\gems-lms-api\.gradle\8.14\fileHashes)" [_thread_blocked, id=14516, stack(0x0000005737c00000,0x0000005737d00000)]
  0x0000023565f417f0 JavaThread "Cache worker for Build Output Cleanup Cache (J:\GEMS\gems-lms-api\.gradle\buildOutputCleanup)" [_thread_blocked, id=8456, stack(0x000000573a600000,0x000000573a700000)]
  0x0000023567fee140 JavaThread "File watcher server" daemon [_thread_in_native, id=19380, stack(0x000000573aa00000,0x000000573ab00000)]
  0x0000023567fef580 JavaThread "File watcher consumer" daemon [_thread_blocked, id=25400, stack(0x000000573ab00000,0x000000573ac00000)]
  0x0000023567fec2e0 JavaThread "jar transforms" [_thread_blocked, id=6156, stack(0x0000005737d00000,0x0000005737e00000)]
  0x0000023567fed210 JavaThread "jar transforms Thread 2" [_thread_blocked, id=14040, stack(0x0000005737e00000,0x0000005737f00000)]
  0x0000023567fee650 JavaThread "Cache worker for checksums cache (J:\GEMS\gems-lms-api\.gradle\8.14\checksums)" [_thread_blocked, id=24004, stack(0x000000573ae00000,0x000000573af00000)]
  0x0000023567feeb60 JavaThread "Cache worker for file content cache (C:\Users\juane\.gradle\caches\8.14\fileContent)" [_thread_blocked, id=23968, stack(0x000000573af00000,0x000000573b000000)]
  0x0000023567fec7f0 JavaThread "Cache worker for cache directory md-supplier (C:\Users\juane\.gradle\caches\8.14\md-supplier)" [_thread_blocked, id=13536, stack(0x000000573b100000,0x000000573b200000)]
  0x0000023567fef070 JavaThread "Cache worker for cache directory md-rule (C:\Users\juane\.gradle\caches\8.14\md-rule)" [_thread_blocked, id=8644, stack(0x000000573b000000,0x000000573b100000)]
  0x0000023568621020 JavaThread "jar transforms Thread 3" [_thread_blocked, id=22996, stack(0x000000573b200000,0x000000573b300000)]
  0x0000023565a9b5a0 JavaThread "C2 CompilerThread1" daemon [_thread_in_native, id=24648, stack(0x000000573b300000,0x000000573b400000)]

Other Threads:
  0x000002354be56230 VMThread "VM Thread" [stack: 0x0000005738500000,0x0000005738600000] [id=20936]
  0x0000023530d37cd0 WatcherThread [stack: 0x0000005739100000,0x0000005739200000] [id=18556]
  0x0000023530d66330 GCTaskThread "GC Thread#0" [stack: 0x0000005738000000,0x0000005738100000] [id=13388]
  0x00000235653fbf40 GCTaskThread "GC Thread#1" [stack: 0x0000005739300000,0x0000005739400000] [id=4256]
  0x000002356526d940 GCTaskThread "GC Thread#2" [stack: 0x0000005739400000,0x0000005739500000] [id=14600]
  0x00000235656954c0 GCTaskThread "GC Thread#3" [stack: 0x0000005739500000,0x0000005739600000] [id=1984]
  0x0000023565695780 GCTaskThread "GC Thread#4" [stack: 0x0000005739600000,0x0000005739700000] [id=18880]
  0x0000023565695a40 GCTaskThread "GC Thread#5" [stack: 0x0000005739700000,0x0000005739800000] [id=20484]
  0x000002356800e080 GCTaskThread "GC Thread#6" [stack: 0x000000573a700000,0x000000573a800000] [id=14048]
  0x000002356800f3c0 GCTaskThread "GC Thread#7" [stack: 0x000000573a800000,0x000000573a900000] [id=19752]
  0x0000023530d6b190 ConcurrentGCThread "G1 Main Marker" [stack: 0x0000005738100000,0x0000005738200000] [id=23692]
  0x0000023530d6c780 ConcurrentGCThread "G1 Conc#0" [stack: 0x0000005738200000,0x0000005738300000] [id=16120]
  0x000002356800ee40 ConcurrentGCThread "G1 Conc#1" [stack: 0x000000573a900000,0x000000573aa00000] [id=17032]
  0x000002354bd17d10 ConcurrentGCThread "G1 Refine#0" [stack: 0x0000005738300000,0x0000005738400000] [id=20464]
  0x0000023565829f70 ConcurrentGCThread "G1 Refine#1" [stack: 0x0000005739200000,0x0000005739300000] [id=2032]
  0x000002354bd184f0 ConcurrentGCThread "G1 Service" [stack: 0x0000005738400000,0x0000005738500000] [id=20296]

Threads with active compile tasks:
C2 CompilerThread0    82407 4753       4       java.util.regex.Pattern::compile (500 bytes)
C2 CompilerThread1    82407 4747       4       java.net.URLClassLoader$1::run (5 bytes)

VM state: not at safepoint (normal execution)

VM Mutex/Monitor currently owned by a thread: None

Heap address: 0x00000000e0000000, size: 512 MB, Compressed Oops mode: 32-bit

CDS archive(s) mapped at: [0x000002354c000000-0x000002354cbd0000-0x000002354cbd0000), size 12386304, SharedBaseAddress: 0x000002354c000000, ArchiveRelocationMode: 1.
Compressed class space mapped at: 0x000002354d000000-0x0000023561000000, reserved size: 335544320
Narrow klass base: 0x000002354c000000, Narrow klass shift: 0, Narrow klass range: 0x100000000

GC Precious Log:
 CPUs: 8 total, 8 available
 Memory: 6030M
 Large Page Support: Disabled
 NUMA Support: Disabled
 Compressed Oops: Enabled (32-bit)
 Heap Region Size: 1M
 Heap Min Capacity: 256M
 Heap Initial Capacity: 256M
 Heap Max Capacity: 512M
 Pre-touch: Disabled
 Parallel Workers: 8
 Concurrent Workers: 2
 Concurrent Refinement Workers: 8
 Periodic GC: Disabled

Heap:
 garbage-first heap   total 262144K, used 98256K [0x00000000e0000000, 0x0000000100000000)
  region size 1024K, 67 young (68608K), 1 survivors (1024K)
 Metaspace       used 43422K, committed 43904K, reserved 393216K
  class space    used 6054K, committed 6272K, reserved 327680K

Heap Regions: E=young(eden), S=young(survivor), O=old, HS=humongous(starts), HC=humongous(continues), CS=collection set, F=free, OA=open archive, CA=closed archive, TAMS=top-at-mark-start (previous, next)
|   0|0x00000000e0000000, 0x00000000e0100000, 0x00000000e0100000|100%|HS|  |TAMS 0x00000000e0100000, 0x00000000e0000000| Complete 
|   1|0x00000000e0100000, 0x00000000e0200000, 0x00000000e0200000|100%|HC|  |TAMS 0x00000000e0200000, 0x00000000e0100000| Complete 
|   2|0x00000000e0200000, 0x00000000e0300000, 0x00000000e0300000|100%|HC|  |TAMS 0x00000000e0300000, 0x00000000e0200000| Complete 
|   3|0x00000000e0300000, 0x00000000e0400000, 0x00000000e0400000|100%| O|  |TAMS 0x00000000e0400000, 0x00000000e0300000| Untracked 
|   4|0x00000000e0400000, 0x00000000e0500000, 0x00000000e0500000|100%| O|  |TAMS 0x00000000e0500000, 0x00000000e0400000| Untracked 
|   5|0x00000000e0500000, 0x00000000e0600000, 0x00000000e0600000|100%| O|  |TAMS 0x00000000e0600000, 0x00000000e0500000| Untracked 
|   6|0x00000000e0600000, 0x00000000e0700000, 0x00000000e0700000|100%|HS|  |TAMS 0x00000000e0700000, 0x00000000e0600000| Complete 
|   7|0x00000000e0700000, 0x00000000e0800000, 0x00000000e0800000|100%| O|  |TAMS 0x00000000e0800000, 0x00000000e0700000| Untracked 
|   8|0x00000000e0800000, 0x00000000e0900000, 0x00000000e0900000|100%| O|  |TAMS 0x00000000e0900000, 0x00000000e0800000| Untracked 
|   9|0x00000000e0900000, 0x00000000e0a00000, 0x00000000e0a00000|100%|HS|  |TAMS 0x00000000e0900000, 0x00000000e0900000| Complete 
|  10|0x00000000e0a00000, 0x00000000e0b00000, 0x00000000e0b00000|100%| O|  |TAMS 0x00000000e0b00000, 0x00000000e0a00000| Untracked 
|  11|0x00000000e0b00000, 0x00000000e0c00000, 0x00000000e0c00000|100%| O|  |TAMS 0x00000000e0c00000, 0x00000000e0b00000| Untracked 
|  12|0x00000000e0c00000, 0x00000000e0d00000, 0x00000000e0d00000|100%| O|  |TAMS 0x00000000e0d00000, 0x00000000e0c00000| Untracked 
|  13|0x00000000e0d00000, 0x00000000e0e00000, 0x00000000e0e00000|100%| O|  |TAMS 0x00000000e0e00000, 0x00000000e0d00000| Untracked 
|  14|0x00000000e0e00000, 0x00000000e0f00000, 0x00000000e0f00000|100%| O|  |TAMS 0x00000000e0f00000, 0x00000000e0e00000| Untracked 
|  15|0x00000000e0f00000, 0x00000000e1000000, 0x00000000e1000000|100%| O|  |TAMS 0x00000000e1000000, 0x00000000e0f00000| Untracked 
|  16|0x00000000e1000000, 0x00000000e1100000, 0x00000000e1100000|100%| O|  |TAMS 0x00000000e1100000, 0x00000000e1000000| Untracked 
|  17|0x00000000e1100000, 0x00000000e1200000, 0x00000000e1200000|100%| O|  |TAMS 0x00000000e1200000, 0x00000000e1100000| Untracked 
|  18|0x00000000e1200000, 0x00000000e1300000, 0x00000000e1300000|100%| O|  |TAMS 0x00000000e1300000, 0x00000000e1200000| Untracked 
|  19|0x00000000e1300000, 0x00000000e1400000, 0x00000000e1400000|100%| O|  |TAMS 0x00000000e1400000, 0x00000000e1300000| Untracked 
|  20|0x00000000e1400000, 0x00000000e1500000, 0x00000000e1500000|100%| O|  |TAMS 0x00000000e1500000, 0x00000000e1400000| Untracked 
|  21|0x00000000e1500000, 0x00000000e1600000, 0x00000000e1600000|100%| O|  |TAMS 0x00000000e1600000, 0x00000000e1500000| Untracked 
|  22|0x00000000e1600000, 0x00000000e1700000, 0x00000000e1700000|100%| O|  |TAMS 0x00000000e1700000, 0x00000000e1600000| Untracked 
|  23|0x00000000e1700000, 0x00000000e1800000, 0x00000000e1800000|100%| O|  |TAMS 0x00000000e1800000, 0x00000000e1700000| Untracked 
|  24|0x00000000e1800000, 0x00000000e1900000, 0x00000000e1900000|100%| O|  |TAMS 0x00000000e1900000, 0x00000000e1800000| Untracked 
|  25|0x00000000e1900000, 0x00000000e1a00000, 0x00000000e1a00000|100%| O|  |TAMS 0x00000000e1a00000, 0x00000000e1900000| Untracked 
|  26|0x00000000e1a00000, 0x00000000e1b00000, 0x00000000e1b00000|100%| O|  |TAMS 0x00000000e1b00000, 0x00000000e1a00000| Untracked 
|  27|0x00000000e1b00000, 0x00000000e1c00000, 0x00000000e1c00000|100%| O|  |TAMS 0x00000000e1c00000, 0x00000000e1b00000| Untracked 
|  28|0x00000000e1c00000, 0x00000000e1d00000, 0x00000000e1d00000|100%| O|  |TAMS 0x00000000e1d00000, 0x00000000e1c00000| Untracked 
|  29|0x00000000e1d00000, 0x00000000e1e00000, 0x00000000e1e00000|100%| O|  |TAMS 0x00000000e1e00000, 0x00000000e1d00000| Untracked 
|  30|0x00000000e1e00000, 0x00000000e1ea5200, 0x00000000e1f00000| 64%| O|  |TAMS 0x00000000e1ea5200, 0x00000000e1e00000| Untracked 
|  31|0x00000000e1f00000, 0x00000000e2000000, 0x00000000e2000000|100%|HS|  |TAMS 0x00000000e1f00000, 0x00000000e1f00000| Complete 
|  32|0x00000000e2000000, 0x00000000e2000000, 0x00000000e2100000|  0%| F|  |TAMS 0x00000000e2000000, 0x00000000e2000000| Untracked 
|  33|0x00000000e2100000, 0x00000000e2100000, 0x00000000e2200000|  0%| F|  |TAMS 0x00000000e2100000, 0x00000000e2100000| Untracked 
|  34|0x00000000e2200000, 0x00000000e2200000, 0x00000000e2300000|  0%| F|  |TAMS 0x00000000e2200000, 0x00000000e2200000| Untracked 
|  35|0x00000000e2300000, 0x00000000e2300000, 0x00000000e2400000|  0%| F|  |TAMS 0x00000000e2300000, 0x00000000e2300000| Untracked 
|  36|0x00000000e2400000, 0x00000000e2400000, 0x00000000e2500000|  0%| F|  |TAMS 0x00000000e2400000, 0x00000000e2400000| Untracked 
|  37|0x00000000e2500000, 0x00000000e2500000, 0x00000000e2600000|  0%| F|  |TAMS 0x00000000e2500000, 0x00000000e2500000| Untracked 
|  38|0x00000000e2600000, 0x00000000e2600000, 0x00000000e2700000|  0%| F|  |TAMS 0x00000000e2600000, 0x00000000e2600000| Untracked 
|  39|0x00000000e2700000, 0x00000000e2700000, 0x00000000e2800000|  0%| F|  |TAMS 0x00000000e2700000, 0x00000000e2700000| Untracked 
|  40|0x00000000e2800000, 0x00000000e2800000, 0x00000000e2900000|  0%| F|  |TAMS 0x00000000e2800000, 0x00000000e2800000| Untracked 
|  41|0x00000000e2900000, 0x00000000e2900000, 0x00000000e2a00000|  0%| F|  |TAMS 0x00000000e2900000, 0x00000000e2900000| Untracked 
|  42|0x00000000e2a00000, 0x00000000e2a00000, 0x00000000e2b00000|  0%| F|  |TAMS 0x00000000e2a00000, 0x00000000e2a00000| Untracked 
|  43|0x00000000e2b00000, 0x00000000e2b00000, 0x00000000e2c00000|  0%| F|  |TAMS 0x00000000e2b00000, 0x00000000e2b00000| Untracked 
|  44|0x00000000e2c00000, 0x00000000e2c00000, 0x00000000e2d00000|  0%| F|  |TAMS 0x00000000e2c00000, 0x00000000e2c00000| Untracked 
|  45|0x00000000e2d00000, 0x00000000e2d00000, 0x00000000e2e00000|  0%| F|  |TAMS 0x00000000e2d00000, 0x00000000e2d00000| Untracked 
|  46|0x00000000e2e00000, 0x00000000e2e00000, 0x00000000e2f00000|  0%| F|  |TAMS 0x00000000e2e00000, 0x00000000e2e00000| Untracked 
|  47|0x00000000e2f00000, 0x00000000e2f00000, 0x00000000e3000000|  0%| F|  |TAMS 0x00000000e2f00000, 0x00000000e2f00000| Untracked 
|  48|0x00000000e3000000, 0x00000000e3000000, 0x00000000e3100000|  0%| F|  |TAMS 0x00000000e3000000, 0x00000000e3000000| Untracked 
|  49|0x00000000e3100000, 0x00000000e3100000, 0x00000000e3200000|  0%| F|  |TAMS 0x00000000e3100000, 0x00000000e3100000| Untracked 
|  50|0x00000000e3200000, 0x00000000e3200000, 0x00000000e3300000|  0%| F|  |TAMS 0x00000000e3200000, 0x00000000e3200000| Untracked 
|  51|0x00000000e3300000, 0x00000000e3300000, 0x00000000e3400000|  0%| F|  |TAMS 0x00000000e3300000, 0x00000000e3300000| Untracked 
|  52|0x00000000e3400000, 0x00000000e3400000, 0x00000000e3500000|  0%| F|  |TAMS 0x00000000e3400000, 0x00000000e3400000| Untracked 
|  53|0x00000000e3500000, 0x00000000e3500000, 0x00000000e3600000|  0%| F|  |TAMS 0x00000000e3500000, 0x00000000e3500000| Untracked 
|  54|0x00000000e3600000, 0x00000000e3600000, 0x00000000e3700000|  0%| F|  |TAMS 0x00000000e3600000, 0x00000000e3600000| Untracked 
|  55|0x00000000e3700000, 0x00000000e3700000, 0x00000000e3800000|  0%| F|  |TAMS 0x00000000e3700000, 0x00000000e3700000| Untracked 
|  56|0x00000000e3800000, 0x00000000e3800000, 0x00000000e3900000|  0%| F|  |TAMS 0x00000000e3800000, 0x00000000e3800000| Untracked 
|  57|0x00000000e3900000, 0x00000000e3900000, 0x00000000e3a00000|  0%| F|  |TAMS 0x00000000e3900000, 0x00000000e3900000| Untracked 
|  58|0x00000000e3a00000, 0x00000000e3a00000, 0x00000000e3b00000|  0%| F|  |TAMS 0x00000000e3a00000, 0x00000000e3a00000| Untracked 
|  59|0x00000000e3b00000, 0x00000000e3b00000, 0x00000000e3c00000|  0%| F|  |TAMS 0x00000000e3b00000, 0x00000000e3b00000| Untracked 
|  60|0x00000000e3c00000, 0x00000000e3c00000, 0x00000000e3d00000|  0%| F|  |TAMS 0x00000000e3c00000, 0x00000000e3c00000| Untracked 
|  61|0x00000000e3d00000, 0x00000000e3d00000, 0x00000000e3e00000|  0%| F|  |TAMS 0x00000000e3d00000, 0x00000000e3d00000| Untracked 
|  62|0x00000000e3e00000, 0x00000000e3e00000, 0x00000000e3f00000|  0%| F|  |TAMS 0x00000000e3e00000, 0x00000000e3e00000| Untracked 
|  63|0x00000000e3f00000, 0x00000000e3f00000, 0x00000000e4000000|  0%| F|  |TAMS 0x00000000e3f00000, 0x00000000e3f00000| Untracked 
|  64|0x00000000e4000000, 0x00000000e4000000, 0x00000000e4100000|  0%| F|  |TAMS 0x00000000e4000000, 0x00000000e4000000| Untracked 
|  65|0x00000000e4100000, 0x00000000e4100000, 0x00000000e4200000|  0%| F|  |TAMS 0x00000000e4100000, 0x00000000e4100000| Untracked 
|  66|0x00000000e4200000, 0x00000000e4200000, 0x00000000e4300000|  0%| F|  |TAMS 0x00000000e4200000, 0x00000000e4200000| Untracked 
|  67|0x00000000e4300000, 0x00000000e4300000, 0x00000000e4400000|  0%| F|  |TAMS 0x00000000e4300000, 0x00000000e4300000| Untracked 
|  68|0x00000000e4400000, 0x00000000e4400000, 0x00000000e4500000|  0%| F|  |TAMS 0x00000000e4400000, 0x00000000e4400000| Untracked 
|  69|0x00000000e4500000, 0x00000000e4500000, 0x00000000e4600000|  0%| F|  |TAMS 0x00000000e4500000, 0x00000000e4500000| Untracked 
|  70|0x00000000e4600000, 0x00000000e4600000, 0x00000000e4700000|  0%| F|  |TAMS 0x00000000e4600000, 0x00000000e4600000| Untracked 
|  71|0x00000000e4700000, 0x00000000e4700000, 0x00000000e4800000|  0%| F|  |TAMS 0x00000000e4700000, 0x00000000e4700000| Untracked 
|  72|0x00000000e4800000, 0x00000000e4800000, 0x00000000e4900000|  0%| F|  |TAMS 0x00000000e4800000, 0x00000000e4800000| Untracked 
|  73|0x00000000e4900000, 0x00000000e4900000, 0x00000000e4a00000|  0%| F|  |TAMS 0x00000000e4900000, 0x00000000e4900000| Untracked 
|  74|0x00000000e4a00000, 0x00000000e4a00000, 0x00000000e4b00000|  0%| F|  |TAMS 0x00000000e4a00000, 0x00000000e4a00000| Untracked 
|  75|0x00000000e4b00000, 0x00000000e4b00000, 0x00000000e4c00000|  0%| F|  |TAMS 0x00000000e4b00000, 0x00000000e4b00000| Untracked 
|  76|0x00000000e4c00000, 0x00000000e4c00000, 0x00000000e4d00000|  0%| F|  |TAMS 0x00000000e4c00000, 0x00000000e4c00000| Untracked 
|  77|0x00000000e4d00000, 0x00000000e4d00000, 0x00000000e4e00000|  0%| F|  |TAMS 0x00000000e4d00000, 0x00000000e4d00000| Untracked 
|  78|0x00000000e4e00000, 0x00000000e4e00000, 0x00000000e4f00000|  0%| F|  |TAMS 0x00000000e4e00000, 0x00000000e4e00000| Untracked 
|  79|0x00000000e4f00000, 0x00000000e4f00000, 0x00000000e5000000|  0%| F|  |TAMS 0x00000000e4f00000, 0x00000000e4f00000| Untracked 
|  80|0x00000000e5000000, 0x00000000e5000000, 0x00000000e5100000|  0%| F|  |TAMS 0x00000000e5000000, 0x00000000e5000000| Untracked 
|  81|0x00000000e5100000, 0x00000000e5100000, 0x00000000e5200000|  0%| F|  |TAMS 0x00000000e5100000, 0x00000000e5100000| Untracked 
|  82|0x00000000e5200000, 0x00000000e5200000, 0x00000000e5300000|  0%| F|  |TAMS 0x00000000e5200000, 0x00000000e5200000| Untracked 
|  83|0x00000000e5300000, 0x00000000e5300000, 0x00000000e5400000|  0%| F|  |TAMS 0x00000000e5300000, 0x00000000e5300000| Untracked 
|  84|0x00000000e5400000, 0x00000000e5400000, 0x00000000e5500000|  0%| F|  |TAMS 0x00000000e5400000, 0x00000000e5400000| Untracked 
|  85|0x00000000e5500000, 0x00000000e5500000, 0x00000000e5600000|  0%| F|  |TAMS 0x00000000e5500000, 0x00000000e5500000| Untracked 
|  86|0x00000000e5600000, 0x00000000e5600000, 0x00000000e5700000|  0%| F|  |TAMS 0x00000000e5600000, 0x00000000e5600000| Untracked 
|  87|0x00000000e5700000, 0x00000000e5700000, 0x00000000e5800000|  0%| F|  |TAMS 0x00000000e5700000, 0x00000000e5700000| Untracked 
|  88|0x00000000e5800000, 0x00000000e5800000, 0x00000000e5900000|  0%| F|  |TAMS 0x00000000e5800000, 0x00000000e5800000| Untracked 
|  89|0x00000000e5900000, 0x00000000e5900000, 0x00000000e5a00000|  0%| F|  |TAMS 0x00000000e5900000, 0x00000000e5900000| Untracked 
|  90|0x00000000e5a00000, 0x00000000e5a00000, 0x00000000e5b00000|  0%| F|  |TAMS 0x00000000e5a00000, 0x00000000e5a00000| Untracked 
|  91|0x00000000e5b00000, 0x00000000e5b00000, 0x00000000e5c00000|  0%| F|  |TAMS 0x00000000e5b00000, 0x00000000e5b00000| Untracked 
|  92|0x00000000e5c00000, 0x00000000e5c00000, 0x00000000e5d00000|  0%| F|  |TAMS 0x00000000e5c00000, 0x00000000e5c00000| Untracked 
|  93|0x00000000e5d00000, 0x00000000e5d00000, 0x00000000e5e00000|  0%| F|  |TAMS 0x00000000e5d00000, 0x00000000e5d00000| Untracked 
|  94|0x00000000e5e00000, 0x00000000e5e00000, 0x00000000e5f00000|  0%| F|  |TAMS 0x00000000e5e00000, 0x00000000e5e00000| Untracked 
|  95|0x00000000e5f00000, 0x00000000e5f00000, 0x00000000e6000000|  0%| F|  |TAMS 0x00000000e5f00000, 0x00000000e5f00000| Untracked 
|  96|0x00000000e6000000, 0x00000000e6000000, 0x00000000e6100000|  0%| F|  |TAMS 0x00000000e6000000, 0x00000000e6000000| Untracked 
|  97|0x00000000e6100000, 0x00000000e6100000, 0x00000000e6200000|  0%| F|  |TAMS 0x00000000e6100000, 0x00000000e6100000| Untracked 
|  98|0x00000000e6200000, 0x00000000e6200000, 0x00000000e6300000|  0%| F|  |TAMS 0x00000000e6200000, 0x00000000e6200000| Untracked 
|  99|0x00000000e6300000, 0x00000000e6300000, 0x00000000e6400000|  0%| F|  |TAMS 0x00000000e6300000, 0x00000000e6300000| Untracked 
| 100|0x00000000e6400000, 0x00000000e6400000, 0x00000000e6500000|  0%| F|  |TAMS 0x00000000e6400000, 0x00000000e6400000| Untracked 
| 101|0x00000000e6500000, 0x00000000e6500000, 0x00000000e6600000|  0%| F|  |TAMS 0x00000000e6500000, 0x00000000e6500000| Untracked 
| 102|0x00000000e6600000, 0x00000000e6600000, 0x00000000e6700000|  0%| F|  |TAMS 0x00000000e6600000, 0x00000000e6600000| Untracked 
| 103|0x00000000e6700000, 0x00000000e6700000, 0x00000000e6800000|  0%| F|  |TAMS 0x00000000e6700000, 0x00000000e6700000| Untracked 
| 104|0x00000000e6800000, 0x00000000e6800000, 0x00000000e6900000|  0%| F|  |TAMS 0x00000000e6800000, 0x00000000e6800000| Untracked 
| 105|0x00000000e6900000, 0x00000000e6900000, 0x00000000e6a00000|  0%| F|  |TAMS 0x00000000e6900000, 0x00000000e6900000| Untracked 
| 106|0x00000000e6a00000, 0x00000000e6a00000, 0x00000000e6b00000|  0%| F|  |TAMS 0x00000000e6a00000, 0x00000000e6a00000| Untracked 
| 107|0x00000000e6b00000, 0x00000000e6b00000, 0x00000000e6c00000|  0%| F|  |TAMS 0x00000000e6b00000, 0x00000000e6b00000| Untracked 
| 108|0x00000000e6c00000, 0x00000000e6c00000, 0x00000000e6d00000|  0%| F|  |TAMS 0x00000000e6c00000, 0x00000000e6c00000| Untracked 
| 109|0x00000000e6d00000, 0x00000000e6d00000, 0x00000000e6e00000|  0%| F|  |TAMS 0x00000000e6d00000, 0x00000000e6d00000| Untracked 
| 110|0x00000000e6e00000, 0x00000000e6e00000, 0x00000000e6f00000|  0%| F|  |TAMS 0x00000000e6e00000, 0x00000000e6e00000| Untracked 
| 111|0x00000000e6f00000, 0x00000000e6f00000, 0x00000000e7000000|  0%| F|  |TAMS 0x00000000e6f00000, 0x00000000e6f00000| Untracked 
| 112|0x00000000e7000000, 0x00000000e7000000, 0x00000000e7100000|  0%| F|  |TAMS 0x00000000e7000000, 0x00000000e7000000| Untracked 
| 113|0x00000000e7100000, 0x00000000e7100000, 0x00000000e7200000|  0%| F|  |TAMS 0x00000000e7100000, 0x00000000e7100000| Untracked 
| 114|0x00000000e7200000, 0x00000000e7200000, 0x00000000e7300000|  0%| F|  |TAMS 0x00000000e7200000, 0x00000000e7200000| Untracked 
| 115|0x00000000e7300000, 0x00000000e7300000, 0x00000000e7400000|  0%| F|  |TAMS 0x00000000e7300000, 0x00000000e7300000| Untracked 
| 116|0x00000000e7400000, 0x00000000e7400000, 0x00000000e7500000|  0%| F|  |TAMS 0x00000000e7400000, 0x00000000e7400000| Untracked 
| 117|0x00000000e7500000, 0x00000000e7500000, 0x00000000e7600000|  0%| F|  |TAMS 0x00000000e7500000, 0x00000000e7500000| Untracked 
| 118|0x00000000e7600000, 0x00000000e7600000, 0x00000000e7700000|  0%| F|  |TAMS 0x00000000e7600000, 0x00000000e7600000| Untracked 
| 119|0x00000000e7700000, 0x00000000e7700000, 0x00000000e7800000|  0%| F|  |TAMS 0x00000000e7700000, 0x00000000e7700000| Untracked 
| 120|0x00000000e7800000, 0x00000000e7800000, 0x00000000e7900000|  0%| F|  |TAMS 0x00000000e7800000, 0x00000000e7800000| Untracked 
| 121|0x00000000e7900000, 0x00000000e7900000, 0x00000000e7a00000|  0%| F|  |TAMS 0x00000000e7900000, 0x00000000e7900000| Untracked 
| 122|0x00000000e7a00000, 0x00000000e7a00000, 0x00000000e7b00000|  0%| F|  |TAMS 0x00000000e7a00000, 0x00000000e7a00000| Untracked 
| 123|0x00000000e7b00000, 0x00000000e7b00000, 0x00000000e7c00000|  0%| F|  |TAMS 0x00000000e7b00000, 0x00000000e7b00000| Untracked 
| 124|0x00000000e7c00000, 0x00000000e7c00000, 0x00000000e7d00000|  0%| F|  |TAMS 0x00000000e7c00000, 0x00000000e7c00000| Untracked 
| 125|0x00000000e7d00000, 0x00000000e7d00000, 0x00000000e7e00000|  0%| F|  |TAMS 0x00000000e7d00000, 0x00000000e7d00000| Untracked 
| 126|0x00000000e7e00000, 0x00000000e7e00000, 0x00000000e7f00000|  0%| F|  |TAMS 0x00000000e7e00000, 0x00000000e7e00000| Untracked 
| 127|0x00000000e7f00000, 0x00000000e7f00000, 0x00000000e8000000|  0%| F|  |TAMS 0x00000000e7f00000, 0x00000000e7f00000| Untracked 
| 128|0x00000000e8000000, 0x00000000e8000000, 0x00000000e8100000|  0%| F|  |TAMS 0x00000000e8000000, 0x00000000e8000000| Untracked 
| 129|0x00000000e8100000, 0x00000000e8100000, 0x00000000e8200000|  0%| F|  |TAMS 0x00000000e8100000, 0x00000000e8100000| Untracked 
| 130|0x00000000e8200000, 0x00000000e8200000, 0x00000000e8300000|  0%| F|  |TAMS 0x00000000e8200000, 0x00000000e8200000| Untracked 
| 131|0x00000000e8300000, 0x00000000e8300000, 0x00000000e8400000|  0%| F|  |TAMS 0x00000000e8300000, 0x00000000e8300000| Untracked 
| 132|0x00000000e8400000, 0x00000000e8400000, 0x00000000e8500000|  0%| F|  |TAMS 0x00000000e8400000, 0x00000000e8400000| Untracked 
| 133|0x00000000e8500000, 0x00000000e8500000, 0x00000000e8600000|  0%| F|  |TAMS 0x00000000e8500000, 0x00000000e8500000| Untracked 
| 134|0x00000000e8600000, 0x00000000e8600000, 0x00000000e8700000|  0%| F|  |TAMS 0x00000000e8600000, 0x00000000e8600000| Untracked 
| 135|0x00000000e8700000, 0x00000000e8700000, 0x00000000e8800000|  0%| F|  |TAMS 0x00000000e8700000, 0x00000000e8700000| Untracked 
| 136|0x00000000e8800000, 0x00000000e8800000, 0x00000000e8900000|  0%| F|  |TAMS 0x00000000e8800000, 0x00000000e8800000| Untracked 
| 137|0x00000000e8900000, 0x00000000e8900000, 0x00000000e8a00000|  0%| F|  |TAMS 0x00000000e8900000, 0x00000000e8900000| Untracked 
| 138|0x00000000e8a00000, 0x00000000e8a00000, 0x00000000e8b00000|  0%| F|  |TAMS 0x00000000e8a00000, 0x00000000e8a00000| Untracked 
| 139|0x00000000e8b00000, 0x00000000e8b00000, 0x00000000e8c00000|  0%| F|  |TAMS 0x00000000e8b00000, 0x00000000e8b00000| Untracked 
| 140|0x00000000e8c00000, 0x00000000e8c00000, 0x00000000e8d00000|  0%| F|  |TAMS 0x00000000e8c00000, 0x00000000e8c00000| Untracked 
| 141|0x00000000e8d00000, 0x00000000e8d00000, 0x00000000e8e00000|  0%| F|  |TAMS 0x00000000e8d00000, 0x00000000e8d00000| Untracked 
| 142|0x00000000e8e00000, 0x00000000e8e00000, 0x00000000e8f00000|  0%| F|  |TAMS 0x00000000e8e00000, 0x00000000e8e00000| Untracked 
| 143|0x00000000e8f00000, 0x00000000e8f00000, 0x00000000e9000000|  0%| F|  |TAMS 0x00000000e8f00000, 0x00000000e8f00000| Untracked 
| 144|0x00000000e9000000, 0x00000000e9000000, 0x00000000e9100000|  0%| F|  |TAMS 0x00000000e9000000, 0x00000000e9000000| Untracked 
| 145|0x00000000e9100000, 0x00000000e9100000, 0x00000000e9200000|  0%| F|  |TAMS 0x00000000e9100000, 0x00000000e9100000| Untracked 
| 146|0x00000000e9200000, 0x00000000e9200000, 0x00000000e9300000|  0%| F|  |TAMS 0x00000000e9200000, 0x00000000e9200000| Untracked 
| 147|0x00000000e9300000, 0x00000000e9300000, 0x00000000e9400000|  0%| F|  |TAMS 0x00000000e9300000, 0x00000000e9300000| Untracked 
| 148|0x00000000e9400000, 0x00000000e9400000, 0x00000000e9500000|  0%| F|  |TAMS 0x00000000e9400000, 0x00000000e9400000| Untracked 
| 149|0x00000000e9500000, 0x00000000e9500000, 0x00000000e9600000|  0%| F|  |TAMS 0x00000000e9500000, 0x00000000e9500000| Untracked 
| 150|0x00000000e9600000, 0x00000000e9600000, 0x00000000e9700000|  0%| F|  |TAMS 0x00000000e9600000, 0x00000000e9600000| Untracked 
| 151|0x00000000e9700000, 0x00000000e9700000, 0x00000000e9800000|  0%| F|  |TAMS 0x00000000e9700000, 0x00000000e9700000| Untracked 
| 152|0x00000000e9800000, 0x00000000e9800000, 0x00000000e9900000|  0%| F|  |TAMS 0x00000000e9800000, 0x00000000e9800000| Untracked 
| 153|0x00000000e9900000, 0x00000000e9900000, 0x00000000e9a00000|  0%| F|  |TAMS 0x00000000e9900000, 0x00000000e9900000| Untracked 
| 154|0x00000000e9a00000, 0x00000000e9a00000, 0x00000000e9b00000|  0%| F|  |TAMS 0x00000000e9a00000, 0x00000000e9a00000| Untracked 
| 155|0x00000000e9b00000, 0x00000000e9b00000, 0x00000000e9c00000|  0%| F|  |TAMS 0x00000000e9b00000, 0x00000000e9b00000| Untracked 
| 156|0x00000000e9c00000, 0x00000000e9c00000, 0x00000000e9d00000|  0%| F|  |TAMS 0x00000000e9c00000, 0x00000000e9c00000| Untracked 
| 157|0x00000000e9d00000, 0x00000000e9d00000, 0x00000000e9e00000|  0%| F|  |TAMS 0x00000000e9d00000, 0x00000000e9d00000| Untracked 
| 158|0x00000000e9e00000, 0x00000000e9e00000, 0x00000000e9f00000|  0%| F|  |TAMS 0x00000000e9e00000, 0x00000000e9e00000| Untracked 
| 159|0x00000000e9f00000, 0x00000000e9f00000, 0x00000000ea000000|  0%| F|  |TAMS 0x00000000e9f00000, 0x00000000e9f00000| Untracked 
| 160|0x00000000ea000000, 0x00000000ea000000, 0x00000000ea100000|  0%| F|  |TAMS 0x00000000ea000000, 0x00000000ea000000| Untracked 
| 161|0x00000000ea100000, 0x00000000ea100000, 0x00000000ea200000|  0%| F|  |TAMS 0x00000000ea100000, 0x00000000ea100000| Untracked 
| 162|0x00000000ea200000, 0x00000000ea200000, 0x00000000ea300000|  0%| F|  |TAMS 0x00000000ea200000, 0x00000000ea200000| Untracked 
| 163|0x00000000ea300000, 0x00000000ea300000, 0x00000000ea400000|  0%| F|  |TAMS 0x00000000ea300000, 0x00000000ea300000| Untracked 
| 164|0x00000000ea400000, 0x00000000ea400000, 0x00000000ea500000|  0%| F|  |TAMS 0x00000000ea400000, 0x00000000ea400000| Untracked 
| 165|0x00000000ea500000, 0x00000000ea500000, 0x00000000ea600000|  0%| F|  |TAMS 0x00000000ea500000, 0x00000000ea500000| Untracked 
| 166|0x00000000ea600000, 0x00000000ea600000, 0x00000000ea700000|  0%| F|  |TAMS 0x00000000ea600000, 0x00000000ea600000| Untracked 
| 167|0x00000000ea700000, 0x00000000ea700000, 0x00000000ea800000|  0%| F|  |TAMS 0x00000000ea700000, 0x00000000ea700000| Untracked 
| 168|0x00000000ea800000, 0x00000000ea800000, 0x00000000ea900000|  0%| F|  |TAMS 0x00000000ea800000, 0x00000000ea800000| Untracked 
| 169|0x00000000ea900000, 0x00000000ea900000, 0x00000000eaa00000|  0%| F|  |TAMS 0x00000000ea900000, 0x00000000ea900000| Untracked 
| 170|0x00000000eaa00000, 0x00000000eaa00000, 0x00000000eab00000|  0%| F|  |TAMS 0x00000000eaa00000, 0x00000000eaa00000| Untracked 
| 171|0x00000000eab00000, 0x00000000eab00000, 0x00000000eac00000|  0%| F|  |TAMS 0x00000000eab00000, 0x00000000eab00000| Untracked 
| 172|0x00000000eac00000, 0x00000000eac00000, 0x00000000ead00000|  0%| F|  |TAMS 0x00000000eac00000, 0x00000000eac00000| Untracked 
| 173|0x00000000ead00000, 0x00000000ead00000, 0x00000000eae00000|  0%| F|  |TAMS 0x00000000ead00000, 0x00000000ead00000| Untracked 
| 174|0x00000000eae00000, 0x00000000eae00000, 0x00000000eaf00000|  0%| F|  |TAMS 0x00000000eae00000, 0x00000000eae00000| Untracked 
| 175|0x00000000eaf00000, 0x00000000eaf00000, 0x00000000eb000000|  0%| F|  |TAMS 0x00000000eaf00000, 0x00000000eaf00000| Untracked 
| 176|0x00000000eb000000, 0x00000000eb000000, 0x00000000eb100000|  0%| F|  |TAMS 0x00000000eb000000, 0x00000000eb000000| Untracked 
| 177|0x00000000eb100000, 0x00000000eb100000, 0x00000000eb200000|  0%| F|  |TAMS 0x00000000eb100000, 0x00000000eb100000| Untracked 
| 178|0x00000000eb200000, 0x00000000eb200000, 0x00000000eb300000|  0%| F|  |TAMS 0x00000000eb200000, 0x00000000eb200000| Untracked 
| 179|0x00000000eb300000, 0x00000000eb300000, 0x00000000eb400000|  0%| F|  |TAMS 0x00000000eb300000, 0x00000000eb300000| Untracked 
| 180|0x00000000eb400000, 0x00000000eb400000, 0x00000000eb500000|  0%| F|  |TAMS 0x00000000eb400000, 0x00000000eb400000| Untracked 
| 181|0x00000000eb500000, 0x00000000eb500000, 0x00000000eb600000|  0%| F|  |TAMS 0x00000000eb500000, 0x00000000eb500000| Untracked 
| 182|0x00000000eb600000, 0x00000000eb600000, 0x00000000eb700000|  0%| F|  |TAMS 0x00000000eb600000, 0x00000000eb600000| Untracked 
| 183|0x00000000eb700000, 0x00000000eb700000, 0x00000000eb800000|  0%| F|  |TAMS 0x00000000eb700000, 0x00000000eb700000| Untracked 
| 184|0x00000000eb800000, 0x00000000eb800000, 0x00000000eb900000|  0%| F|  |TAMS 0x00000000eb800000, 0x00000000eb800000| Untracked 
| 185|0x00000000eb900000, 0x00000000eb900000, 0x00000000eba00000|  0%| F|  |TAMS 0x00000000eb900000, 0x00000000eb900000| Untracked 
| 186|0x00000000eba00000, 0x00000000eba00000, 0x00000000ebb00000|  0%| F|  |TAMS 0x00000000eba00000, 0x00000000eba00000| Untracked 
| 187|0x00000000ebb00000, 0x00000000ebb00000, 0x00000000ebc00000|  0%| F|  |TAMS 0x00000000ebb00000, 0x00000000ebb00000| Untracked 
| 188|0x00000000ebc00000, 0x00000000ebc00000, 0x00000000ebd00000|  0%| F|  |TAMS 0x00000000ebc00000, 0x00000000ebc00000| Untracked 
| 189|0x00000000ebd00000, 0x00000000ebe00000, 0x00000000ebe00000|100%| E|  |TAMS 0x00000000ebd00000, 0x00000000ebd00000| Complete 
| 190|0x00000000ebe00000, 0x00000000ebf00000, 0x00000000ebf00000|100%| E|CS|TAMS 0x00000000ebe00000, 0x00000000ebe00000| Complete 
| 191|0x00000000ebf00000, 0x00000000ec000000, 0x00000000ec000000|100%| E|CS|TAMS 0x00000000ebf00000, 0x00000000ebf00000| Complete 
| 192|0x00000000ec000000, 0x00000000ec100000, 0x00000000ec100000|100%| E|CS|TAMS 0x00000000ec000000, 0x00000000ec000000| Complete 
| 193|0x00000000ec100000, 0x00000000ec200000, 0x00000000ec200000|100%| E|CS|TAMS 0x00000000ec100000, 0x00000000ec100000| Complete 
| 194|0x00000000ec200000, 0x00000000ec300000, 0x00000000ec300000|100%| E|CS|TAMS 0x00000000ec200000, 0x00000000ec200000| Complete 
| 195|0x00000000ec300000, 0x00000000ec400000, 0x00000000ec400000|100%| E|CS|TAMS 0x00000000ec300000, 0x00000000ec300000| Complete 
| 196|0x00000000ec400000, 0x00000000ec500000, 0x00000000ec500000|100%| E|CS|TAMS 0x00000000ec400000, 0x00000000ec400000| Complete 
| 197|0x00000000ec500000, 0x00000000ec600000, 0x00000000ec600000|100%| E|CS|TAMS 0x00000000ec500000, 0x00000000ec500000| Complete 
| 198|0x00000000ec600000, 0x00000000ec700000, 0x00000000ec700000|100%| E|CS|TAMS 0x00000000ec600000, 0x00000000ec600000| Complete 
| 199|0x00000000ec700000, 0x00000000ec800000, 0x00000000ec800000|100%| E|CS|TAMS 0x00000000ec700000, 0x00000000ec700000| Complete 
| 200|0x00000000ec800000, 0x00000000ec900000, 0x00000000ec900000|100%| E|CS|TAMS 0x00000000ec800000, 0x00000000ec800000| Complete 
| 201|0x00000000ec900000, 0x00000000eca00000, 0x00000000eca00000|100%| E|CS|TAMS 0x00000000ec900000, 0x00000000ec900000| Complete 
| 202|0x00000000eca00000, 0x00000000ecb00000, 0x00000000ecb00000|100%| E|CS|TAMS 0x00000000eca00000, 0x00000000eca00000| Complete 
| 203|0x00000000ecb00000, 0x00000000ecc00000, 0x00000000ecc00000|100%| E|CS|TAMS 0x00000000ecb00000, 0x00000000ecb00000| Complete 
| 204|0x00000000ecc00000, 0x00000000ecd00000, 0x00000000ecd00000|100%| E|CS|TAMS 0x00000000ecc00000, 0x00000000ecc00000| Complete 
| 205|0x00000000ecd00000, 0x00000000ece00000, 0x00000000ece00000|100%| E|CS|TAMS 0x00000000ecd00000, 0x00000000ecd00000| Complete 
| 206|0x00000000ece00000, 0x00000000ecf00000, 0x00000000ecf00000|100%| E|CS|TAMS 0x00000000ece00000, 0x00000000ece00000| Complete 
| 207|0x00000000ecf00000, 0x00000000ed000000, 0x00000000ed000000|100%| E|CS|TAMS 0x00000000ecf00000, 0x00000000ecf00000| Complete 
| 208|0x00000000ed000000, 0x00000000ed100000, 0x00000000ed100000|100%| E|CS|TAMS 0x00000000ed000000, 0x00000000ed000000| Complete 
| 209|0x00000000ed100000, 0x00000000ed200000, 0x00000000ed200000|100%| E|CS|TAMS 0x00000000ed100000, 0x00000000ed100000| Complete 
| 210|0x00000000ed200000, 0x00000000ed300000, 0x00000000ed300000|100%| E|CS|TAMS 0x00000000ed200000, 0x00000000ed200000| Complete 
| 211|0x00000000ed300000, 0x00000000ed400000, 0x00000000ed400000|100%| E|CS|TAMS 0x00000000ed300000, 0x00000000ed300000| Complete 
| 212|0x00000000ed400000, 0x00000000ed500000, 0x00000000ed500000|100%| E|CS|TAMS 0x00000000ed400000, 0x00000000ed400000| Complete 
| 213|0x00000000ed500000, 0x00000000ed600000, 0x00000000ed600000|100%| E|CS|TAMS 0x00000000ed500000, 0x00000000ed500000| Complete 
| 214|0x00000000ed600000, 0x00000000ed700000, 0x00000000ed700000|100%| E|CS|TAMS 0x00000000ed600000, 0x00000000ed600000| Complete 
| 215|0x00000000ed700000, 0x00000000ed800000, 0x00000000ed800000|100%| E|CS|TAMS 0x00000000ed700000, 0x00000000ed700000| Complete 
| 216|0x00000000ed800000, 0x00000000ed900000, 0x00000000ed900000|100%| E|CS|TAMS 0x00000000ed800000, 0x00000000ed800000| Complete 
| 217|0x00000000ed900000, 0x00000000eda00000, 0x00000000eda00000|100%| E|CS|TAMS 0x00000000ed900000, 0x00000000ed900000| Complete 
| 218|0x00000000eda00000, 0x00000000edb00000, 0x00000000edb00000|100%| E|CS|TAMS 0x00000000eda00000, 0x00000000eda00000| Complete 
| 219|0x00000000edb00000, 0x00000000edc00000, 0x00000000edc00000|100%| E|CS|TAMS 0x00000000edb00000, 0x00000000edb00000| Complete 
| 220|0x00000000edc00000, 0x00000000edd00000, 0x00000000edd00000|100%| E|CS|TAMS 0x00000000edc00000, 0x00000000edc00000| Complete 
| 221|0x00000000edd00000, 0x00000000ede00000, 0x00000000ede00000|100%| E|CS|TAMS 0x00000000edd00000, 0x00000000edd00000| Complete 
| 222|0x00000000ede00000, 0x00000000edf00000, 0x00000000edf00000|100%| E|CS|TAMS 0x00000000ede00000, 0x00000000ede00000| Complete 
| 223|0x00000000edf00000, 0x00000000ee000000, 0x00000000ee000000|100%| E|CS|TAMS 0x00000000edf00000, 0x00000000edf00000| Complete 
| 224|0x00000000ee000000, 0x00000000ee100000, 0x00000000ee100000|100%| E|CS|TAMS 0x00000000ee000000, 0x00000000ee000000| Complete 
| 225|0x00000000ee100000, 0x00000000ee200000, 0x00000000ee200000|100%| E|CS|TAMS 0x00000000ee100000, 0x00000000ee100000| Complete 
| 226|0x00000000ee200000, 0x00000000ee300000, 0x00000000ee300000|100%| E|  |TAMS 0x00000000ee200000, 0x00000000ee200000| Complete 
| 227|0x00000000ee300000, 0x00000000ee400000, 0x00000000ee400000|100%| E|CS|TAMS 0x00000000ee300000, 0x00000000ee300000| Complete 
| 228|0x00000000ee400000, 0x00000000ee500000, 0x00000000ee500000|100%| E|CS|TAMS 0x00000000ee400000, 0x00000000ee400000| Complete 
| 229|0x00000000ee500000, 0x00000000ee600000, 0x00000000ee600000|100%| E|CS|TAMS 0x00000000ee500000, 0x00000000ee500000| Complete 
| 230|0x00000000ee600000, 0x00000000ee700000, 0x00000000ee700000|100%| E|CS|TAMS 0x00000000ee600000, 0x00000000ee600000| Complete 
| 231|0x00000000ee700000, 0x00000000ee800000, 0x00000000ee800000|100%| E|CS|TAMS 0x00000000ee700000, 0x00000000ee700000| Complete 
| 232|0x00000000ee800000, 0x00000000ee900000, 0x00000000ee900000|100%| E|CS|TAMS 0x00000000ee800000, 0x00000000ee800000| Complete 
| 233|0x00000000ee900000, 0x00000000eea00000, 0x00000000eea00000|100%| E|CS|TAMS 0x00000000ee900000, 0x00000000ee900000| Complete 
| 234|0x00000000eea00000, 0x00000000eeb00000, 0x00000000eeb00000|100%| E|CS|TAMS 0x00000000eea00000, 0x00000000eea00000| Complete 
| 235|0x00000000eeb00000, 0x00000000eec00000, 0x00000000eec00000|100%| E|CS|TAMS 0x00000000eeb00000, 0x00000000eeb00000| Complete 
| 236|0x00000000eec00000, 0x00000000eed00000, 0x00000000eed00000|100%| E|CS|TAMS 0x00000000eec00000, 0x00000000eec00000| Complete 
| 237|0x00000000eed00000, 0x00000000eee00000, 0x00000000eee00000|100%| E|CS|TAMS 0x00000000eed00000, 0x00000000eed00000| Complete 
| 238|0x00000000eee00000, 0x00000000eef00000, 0x00000000eef00000|100%| E|CS|TAMS 0x00000000eee00000, 0x00000000eee00000| Complete 
| 239|0x00000000eef00000, 0x00000000ef000000, 0x00000000ef000000|100%| E|CS|TAMS 0x00000000eef00000, 0x00000000eef00000| Complete 
| 240|0x00000000ef000000, 0x00000000ef100000, 0x00000000ef100000|100%| E|CS|TAMS 0x00000000ef000000, 0x00000000ef000000| Complete 
| 241|0x00000000ef100000, 0x00000000ef200000, 0x00000000ef200000|100%| E|CS|TAMS 0x00000000ef100000, 0x00000000ef100000| Complete 
| 242|0x00000000ef200000, 0x00000000ef300000, 0x00000000ef300000|100%| E|CS|TAMS 0x00000000ef200000, 0x00000000ef200000| Complete 
| 243|0x00000000ef300000, 0x00000000ef400000, 0x00000000ef400000|100%| E|CS|TAMS 0x00000000ef300000, 0x00000000ef300000| Complete 
| 244|0x00000000ef400000, 0x00000000ef500000, 0x00000000ef500000|100%| E|CS|TAMS 0x00000000ef400000, 0x00000000ef400000| Complete 
| 245|0x00000000ef500000, 0x00000000ef600000, 0x00000000ef600000|100%| E|CS|TAMS 0x00000000ef500000, 0x00000000ef500000| Complete 
| 246|0x00000000ef600000, 0x00000000ef700000, 0x00000000ef700000|100%| E|CS|TAMS 0x00000000ef600000, 0x00000000ef600000| Complete 
| 247|0x00000000ef700000, 0x00000000ef800000, 0x00000000ef800000|100%| E|CS|TAMS 0x00000000ef700000, 0x00000000ef700000| Complete 
| 248|0x00000000ef800000, 0x00000000ef900000, 0x00000000ef900000|100%| E|CS|TAMS 0x00000000ef800000, 0x00000000ef800000| Complete 
| 249|0x00000000ef900000, 0x00000000efa00000, 0x00000000efa00000|100%| E|CS|TAMS 0x00000000ef900000, 0x00000000ef900000| Complete 
| 250|0x00000000efa00000, 0x00000000efb00000, 0x00000000efb00000|100%| E|CS|TAMS 0x00000000efa00000, 0x00000000efa00000| Complete 
| 251|0x00000000efb00000, 0x00000000efb4f1a0, 0x00000000efc00000| 30%| S|CS|TAMS 0x00000000efb00000, 0x00000000efb00000| Complete 
| 252|0x00000000efc00000, 0x00000000efd00000, 0x00000000efd00000|100%| E|CS|TAMS 0x00000000efc00000, 0x00000000efc00000| Complete 
| 253|0x00000000efd00000, 0x00000000efe00000, 0x00000000efe00000|100%| E|CS|TAMS 0x00000000efd00000, 0x00000000efd00000| Complete 
| 254|0x00000000efe00000, 0x00000000eff00000, 0x00000000eff00000|100%| E|CS|TAMS 0x00000000efe00000, 0x00000000efe00000| Complete 
| 255|0x00000000eff00000, 0x00000000f0000000, 0x00000000f0000000|100%| E|CS|TAMS 0x00000000eff00000, 0x00000000eff00000| Complete 

Card table byte_map: [0x0000023548210000,0x0000023548310000] _byte_map_base: 0x0000023547b10000

Marking Bits (Prev, Next): (CMBitMap*) 0x0000023530d66860, (CMBitMap*) 0x0000023530d668a0
 Prev Bits: [0x0000023548410000, 0x0000023548c10000)
 Next Bits: [0x0000023548c10000, 0x0000023549410000)

Polling page: 0x000002352f510000

Metaspace:

Usage:
  Non-class:     36.49 MB used.
      Class:      5.91 MB used.
       Both:     42.40 MB used.

Virtual space:
  Non-class space:       64.00 MB reserved,      36.75 MB ( 57%) committed,  1 nodes.
      Class space:      320.00 MB reserved,       6.12 MB (  2%) committed,  1 nodes.
             Both:      384.00 MB reserved,      42.88 MB ( 11%) committed. 

Chunk freelists:
   Non-Class:  11.17 MB
       Class:  9.72 MB
        Both:  20.89 MB

MaxMetaspaceSize: 384.00 MB
CompressedClassSpaceSize: 320.00 MB
Initial GC threshold: 21.00 MB
Current GC threshold: 59.19 MB
CDS: on
MetaspaceReclaimPolicy: balanced
 - commit_granule_bytes: 65536.
 - commit_granule_words: 8192.
 - virtual_space_node_default_size: 8388608.
 - enlarge_chunks_in_place: 1.
 - new_chunks_are_fully_committed: 0.
 - uncommit_free_chunks: 1.
 - use_allocation_guard: 0.
 - handle_deallocations: 1.


Internal statistics:

num_allocs_failed_limit: 9.
num_arena_births: 486.
num_arena_deaths: 0.
num_vsnodes_births: 2.
num_vsnodes_deaths: 0.
num_space_committed: 686.
num_space_uncommitted: 0.
num_chunks_returned_to_freelist: 9.
num_chunks_taken_from_freelist: 2163.
num_chunk_merges: 9.
num_chunk_splits: 1439.
num_chunks_enlarged: 1019.
num_inconsistent_stats: 0.

CodeHeap 'non-profiled nmethods': size=120000Kb used=2228Kb max_used=2832Kb free=117771Kb
 bounds [0x0000023540170000, 0x0000023540440000, 0x00000235476a0000]
CodeHeap 'profiled nmethods': size=120000Kb used=7839Kb max_used=9562Kb free=112160Kb
 bounds [0x00000235386a0000, 0x0000023539000000, 0x000002353fbd0000]
CodeHeap 'non-nmethods': size=5760Kb used=2320Kb max_used=2421Kb free=3439Kb
 bounds [0x000002353fbd0000, 0x000002353fe40000, 0x0000023540170000]
 total_blobs=4844 nmethods=4011 adapters=744
 compilation: enabled
              stopped_count=0, restarted_count=0
 full_count=0

Compilation events (20 events):
Event: 81.235 Thread 0x000002354be77b20 4773       3       sun.reflect.generics.parser.SignatureParser::parseMethodTypeSignature (41 bytes)
Event: 81.236 Thread 0x000002354be77b20 nmethod 4773 0x00000235387e5f90 code [0x00000235387e61c0, 0x00000235387e66f8]
Event: 81.236 Thread 0x000002354be77b20 4774       1       sun.reflect.generics.reflectiveObjects.LazyReflectiveObjectGenerator::getFactory (5 bytes)
Event: 81.236 Thread 0x000002354be77b20 nmethod 4774 0x00000235402bbb10 code [0x00000235402bbca0, 0x00000235402bbd78]
Event: 81.246 Thread 0x000002354be77b20 4776       3       jdk.internal.misc.CDS::isDumpingClassList (4 bytes)
Event: 81.247 Thread 0x000002354be77b20 nmethod 4776 0x0000023538724010 code [0x00000235387241a0, 0x0000023538724298]
Event: 81.264 Thread 0x000002354be77b20 4779       3       java.lang.invoke.DirectMethodHandle$Special::<init> (16 bytes)
Event: 81.264 Thread 0x000002354be77b20 nmethod 4779 0x0000023538bbeb90 code [0x0000023538bbed40, 0x0000023538bbeee8]
Event: 81.276 Thread 0x000002354be77b20 4782       3       java.lang.invoke.InvokerBytecodeGenerator::emitIconstInsn (75 bytes)
Event: 81.277 Thread 0x000002354be77b20 nmethod 4782 0x0000023538a03990 code [0x0000023538a03bc0, 0x0000023538a04478]
Event: 81.328 Thread 0x000002354be77b20 4785       1       java.lang.management.DefaultPlatformMBeanProvider$7::mbeanInterfaceNames (5 bytes)
Event: 81.328 Thread 0x000002354be77b20 nmethod 4785 0x00000235401f9110 code [0x00000235401f92a0, 0x00000235401f9378]
Event: 81.328 Thread 0x000002354be77b20 4786       1       com.sun.management.internal.PlatformMBeanProviderImpl$2::mbeanInterfaceNames (5 bytes)
Event: 81.329 Thread 0x000002354be77b20 nmethod 4786 0x00000235401f8b90 code [0x00000235401f8d20, 0x00000235401f8df8]
Event: 81.329 Thread 0x000002354be77b20 4787       1       com.sun.management.internal.PlatformMBeanProviderImpl$3::mbeanInterfaceNames (5 bytes)
Event: 81.329 Thread 0x000002354be77b20 nmethod 4787 0x00000235403c7510 code [0x00000235403c76a0, 0x00000235403c7778]
Event: 81.329 Thread 0x000002354be77b20 4788       1       java.lang.management.DefaultPlatformMBeanProvider$5::mbeanInterfaceNames (5 bytes)
Event: 81.329 Thread 0x000002354be77b20 nmethod 4788 0x00000235403c7210 code [0x00000235403c73a0, 0x00000235403c7478]
Event: 81.329 Thread 0x000002354be77b20 4789       1       java.lang.management.DefaultPlatformMBeanProvider$6::mbeanInterfaceNames (5 bytes)
Event: 81.329 Thread 0x000002354be77b20 nmethod 4789 0x00000235403c6c90 code [0x00000235403c6e20, 0x00000235403c6ef8]

GC Heap History (14 events):
Event: 4.848 GC heap before
{Heap before GC invocations=0 (full 0):
 garbage-first heap   total 262144K, used 22528K [0x00000000e0000000, 0x0000000100000000)
  region size 1024K, 23 young (23552K), 0 survivors (0K)
 Metaspace       used 1069K, committed 1216K, reserved 393216K
  class space    used 72K, committed 128K, reserved 327680K
}
Event: 4.860 GC heap after
{Heap after GC invocations=1 (full 0):
 garbage-first heap   total 262144K, used 2261K [0x00000000e0000000, 0x0000000100000000)
  region size 1024K, 3 young (3072K), 3 survivors (3072K)
 Metaspace       used 1069K, committed 1216K, reserved 393216K
  class space    used 72K, committed 128K, reserved 327680K
}
Event: 12.648 GC heap before
{Heap before GC invocations=1 (full 0):
 garbage-first heap   total 262144K, used 40149K [0x00000000e0000000, 0x0000000100000000)
  region size 1024K, 38 young (38912K), 3 survivors (3072K)
 Metaspace       used 4387K, committed 4544K, reserved 393216K
  class space    used 547K, committed 640K, reserved 327680K
}
Event: 12.660 GC heap after
{Heap after GC invocations=2 (full 0):
 garbage-first heap   total 262144K, used 11028K [0x00000000e0000000, 0x0000000100000000)
  region size 1024K, 5 young (5120K), 5 survivors (5120K)
 Metaspace       used 4387K, committed 4544K, reserved 393216K
  class space    used 547K, committed 640K, reserved 327680K
}
Event: 17.432 GC heap before
{Heap before GC invocations=2 (full 0):
 garbage-first heap   total 262144K, used 57108K [0x00000000e0000000, 0x0000000100000000)
  region size 1024K, 48 young (49152K), 5 survivors (5120K)
 Metaspace       used 4599K, committed 4800K, reserved 393216K
  class space    used 570K, committed 640K, reserved 327680K
}
Event: 17.446 GC heap after
{Heap after GC invocations=3 (full 0):
 garbage-first heap   total 262144K, used 16299K [0x00000000e0000000, 0x0000000100000000)
  region size 1024K, 4 young (4096K), 4 survivors (4096K)
 Metaspace       used 4599K, committed 4800K, reserved 393216K
  class space    used 570K, committed 640K, reserved 327680K
}
Event: 39.798 GC heap before
{Heap before GC invocations=3 (full 0):
 garbage-first heap   total 262144K, used 125867K [0x00000000e0000000, 0x0000000100000000)
  region size 1024K, 112 young (114688K), 4 survivors (4096K)
 Metaspace       used 21171K, committed 21504K, reserved 393216K
  class space    used 3060K, committed 3264K, reserved 327680K
}
Event: 39.855 GC heap after
{Heap after GC invocations=4 (full 0):
 garbage-first heap   total 262144K, used 24077K [0x00000000e0000000, 0x0000000100000000)
  region size 1024K, 12 young (12288K), 12 survivors (12288K)
 Metaspace       used 21171K, committed 21504K, reserved 393216K
  class space    used 3060K, committed 3264K, reserved 327680K
}
Event: 70.291 GC heap before
{Heap before GC invocations=5 (full 0):
 garbage-first heap   total 262144K, used 142861K [0x00000000e0000000, 0x0000000100000000)
  region size 1024K, 125 young (128000K), 12 survivors (12288K)
 Metaspace       used 35520K, committed 35968K, reserved 393216K
  class space    used 4917K, committed 5120K, reserved 327680K
}
Event: 70.340 GC heap after
{Heap after GC invocations=6 (full 0):
 garbage-first heap   total 262144K, used 32101K [0x00000000e0000000, 0x0000000100000000)
  region size 1024K, 16 young (16384K), 16 survivors (16384K)
 Metaspace       used 35520K, committed 35968K, reserved 393216K
  class space    used 4917K, committed 5120K, reserved 327680K
}
Event: 70.462 GC heap before
{Heap before GC invocations=6 (full 0):
 garbage-first heap   total 262144K, used 33125K [0x00000000e0000000, 0x0000000100000000)
  region size 1024K, 17 young (17408K), 16 survivors (16384K)
 Metaspace       used 35665K, committed 36096K, reserved 393216K
  class space    used 4940K, committed 5120K, reserved 327680K
}
Event: 70.493 GC heap after
{Heap after GC invocations=7 (full 0):
 garbage-first heap   total 262144K, used 32404K [0x00000000e0000000, 0x0000000100000000)
  region size 1024K, 2 young (2048K), 2 survivors (2048K)
 Metaspace       used 35665K, committed 36096K, reserved 393216K
  class space    used 4940K, committed 5120K, reserved 327680K
}
Event: 70.767 GC heap before
{Heap before GC invocations=7 (full 0):
 garbage-first heap   total 262144K, used 33428K [0x00000000e0000000, 0x0000000100000000)
  region size 1024K, 4 young (4096K), 2 survivors (2048K)
 Metaspace       used 35857K, committed 36288K, reserved 393216K
  class space    used 4976K, committed 5184K, reserved 327680K
}
Event: 70.773 GC heap after
{Heap after GC invocations=8 (full 0):
 garbage-first heap   total 262144K, used 30672K [0x00000000e0000000, 0x0000000100000000)
  region size 1024K, 1 young (1024K), 1 survivors (1024K)
 Metaspace       used 35857K, committed 36288K, reserved 393216K
  class space    used 4976K, committed 5184K, reserved 327680K
}

Deoptimization events (20 events):
Event: 76.112 Thread 0x0000023565f408c0 DEOPT PACKING pc=0x0000023540317f58 sp=0x0000005739ef7a50
Event: 76.112 Thread 0x0000023565f408c0 DEOPT UNPACKING pc=0x000002353fc223a3 sp=0x0000005739ef79f8 mode 2
Event: 76.121 Thread 0x0000023565f408c0 Uncommon trap: trap_request=0xffffffc6 fr.pc=0x0000023540317f58 relative=0x0000000000000218
Event: 76.121 Thread 0x0000023565f408c0 Uncommon trap: reason=bimorphic_or_optimized_type_check action=maybe_recompile pc=0x0000023540317f58 method=com.google.common.base.CharMatcher.indexIn(Ljava/lang/CharSequence;I)I @ 31 c2
Event: 76.121 Thread 0x0000023565f408c0 DEOPT PACKING pc=0x0000023540317f58 sp=0x0000005739ef7a40
Event: 76.121 Thread 0x0000023565f408c0 DEOPT UNPACKING pc=0x000002353fc223a3 sp=0x0000005739ef79e8 mode 2
Event: 76.233 Thread 0x0000023565f408c0 Uncommon trap: trap_request=0xffffffc6 fr.pc=0x0000023540317f58 relative=0x0000000000000218
Event: 76.233 Thread 0x0000023565f408c0 Uncommon trap: reason=bimorphic_or_optimized_type_check action=maybe_recompile pc=0x0000023540317f58 method=com.google.common.base.CharMatcher.indexIn(Ljava/lang/CharSequence;I)I @ 31 c2
Event: 76.233 Thread 0x0000023565f408c0 DEOPT PACKING pc=0x0000023540317f58 sp=0x0000005739ef7a40
Event: 76.233 Thread 0x0000023565f408c0 DEOPT UNPACKING pc=0x000002353fc223a3 sp=0x0000005739ef79e8 mode 2
Event: 77.415 Thread 0x0000023565f408c0 DEOPT PACKING pc=0x0000023538e4e295 sp=0x0000005739ef8350
Event: 77.415 Thread 0x0000023565f408c0 DEOPT UNPACKING pc=0x000002353fc22b43 sp=0x0000005739ef77d8 mode 0
Event: 77.579 Thread 0x0000023565f408c0 Uncommon trap: trap_request=0xffffffc6 fr.pc=0x0000023540317f58 relative=0x0000000000000218
Event: 77.579 Thread 0x0000023565f408c0 Uncommon trap: reason=bimorphic_or_optimized_type_check action=maybe_recompile pc=0x0000023540317f58 method=com.google.common.base.CharMatcher.indexIn(Ljava/lang/CharSequence;I)I @ 31 c2
Event: 77.580 Thread 0x0000023565f408c0 DEOPT PACKING pc=0x0000023540317f58 sp=0x0000005739ef93e0
Event: 77.580 Thread 0x0000023565f408c0 DEOPT UNPACKING pc=0x000002353fc223a3 sp=0x0000005739ef9388 mode 2
Event: 77.672 Thread 0x0000023565f408c0 DEOPT PACKING pc=0x0000023538b07ca3 sp=0x0000005739ef85f0
Event: 77.672 Thread 0x0000023565f408c0 DEOPT UNPACKING pc=0x000002353fc22b43 sp=0x0000005739ef7a60 mode 0
Event: 81.150 Thread 0x0000023565f408c0 DEOPT PACKING pc=0x0000023538a2f0fd sp=0x0000005739ef7080
Event: 81.150 Thread 0x0000023565f408c0 DEOPT UNPACKING pc=0x000002353fc22b43 sp=0x0000005739ef6508 mode 0

Classes unloaded (0 events):
No events

Classes redefined (0 events):
No events

Internal exceptions (20 events):
Event: 75.754 Thread 0x0000023565f408c0 Exception <a 'java/lang/ClassNotFoundException'{0x00000000edb1e7d8}: org/gradle/internal/metaobject/ConfigureDelegateCustomizer> (0x00000000edb1e7d8) 
thrown [s\open\src\hotspot\share\classfile\systemDictionary.cpp, line 256]
Event: 76.038 Thread 0x0000023565f408c0 Exception <a 'java/lang/ClassNotFoundException'{0x00000000edbca018}: org/gradle/plugin/use/internal/PluginRequestCollector$PluginDependenciesSpecImplBeanInfo> (0x00000000edbca018) 
thrown [s\open\src\hotspot\share\classfile\systemDictionary.cpp, line 256]
Event: 76.070 Thread 0x0000023565f408c0 Exception <a 'java/lang/ClassNotFoundException'{0x00000000edbdb948}: org/gradle/plugin/use/internal/PluginRequestCollector$PluginDependenciesSpecImplCustomizer> (0x00000000edbdb948) 
thrown [s\open\src\hotspot\share\classfile\systemDictionary.cpp, line 256]
Event: 76.168 Thread 0x0000023565f408c0 Exception <a 'java/lang/ClassNotFoundException'{0x00000000eda2be18}: org/gradle/plugin/use/internal/PluginRequestCollector$PluginDependencySpecImplBeanInfo> (0x00000000eda2be18) 
thrown [s\open\src\hotspot\share\classfile\systemDictionary.cpp, line 256]
Event: 76.175 Thread 0x0000023565f408c0 Exception <a 'java/lang/ClassNotFoundException'{0x00000000eda3d658}: org/gradle/plugin/use/internal/PluginRequestCollector$PluginDependencySpecImplCustomizer> (0x00000000eda3d658) 
thrown [s\open\src\hotspot\share\classfile\systemDictionary.cpp, line 256]
Event: 78.633 Thread 0x0000023565f408c0 Exception <a 'java/lang/NoSuchMethodError'{0x00000000ed026930}: 'java.lang.Object java.lang.invoke.DirectMethodHandle$Holder.newInvokeSpecial(java.lang.Object, java.lang.Object, java.lang.Object, int, java.lang.Object)'> (0x00000000ed026930) 
thrown [s\open\src\hotspot\share\interpreter\linkResolver.cpp, line 759]
Event: 78.635 Thread 0x0000023565f408c0 Exception <a 'java/lang/NoSuchMethodError'{0x00000000ed02eda0}: 'java.lang.Object java.lang.invoke.Invokers$Holder.linkToTargetMethod(java.lang.Object, java.lang.Object, int, java.lang.Object, java.lang.Object)'> (0x00000000ed02eda0) 
thrown [s\open\src\hotspot\share\interpreter\linkResolver.cpp, line 759]
Event: 78.992 Thread 0x0000023565f408c0 Exception <a 'java/lang/NoSuchMethodError'{0x00000000ecd5b2a8}: 'java.lang.Object java.lang.invoke.DirectMethodHandle$Holder.newInvokeSpecial(java.lang.Object, int, java.lang.Object)'> (0x00000000ecd5b2a8) 
thrown [s\open\src\hotspot\share\interpreter\linkResolver.cpp, line 759]
Event: 79.715 Thread 0x0000023565f408c0 Exception <a 'java/lang/NoSuchMethodError'{0x00000000ec60e3c0}: 'java.lang.Object java.lang.invoke.DirectMethodHandle$Holder.newInvokeSpecial(java.lang.Object, java.lang.Object, java.lang.Object, int)'> (0x00000000ec60e3c0) 
thrown [s\open\src\hotspot\share\interpreter\linkResolver.cpp, line 759]
Event: 79.717 Thread 0x0000023565f408c0 Exception <a 'java/lang/NoSuchMethodError'{0x00000000ec6134e8}: 'java.lang.Object java.lang.invoke.DirectMethodHandle$Holder.invokeSpecial(java.lang.Object, java.lang.Object, java.lang.Object, java.lang.Object, int)'> (0x00000000ec6134e8) 
thrown [s\open\src\hotspot\share\interpreter\linkResolver.cpp, line 759]
Event: 79.718 Thread 0x0000023565f408c0 Exception <a 'java/lang/NoSuchMethodError'{0x00000000ec617df8}: 'java.lang.Object java.lang.invoke.Invokers$Holder.linkToTargetMethod(java.lang.Object, java.lang.Object, int, java.lang.Object)'> (0x00000000ec617df8) 
thrown [s\open\src\hotspot\share\interpreter\linkResolver.cpp, line 759]
Event: 79.928 Thread 0x0000023565f408c0 Exception <a 'java/lang/NoSuchMethodError'{0x00000000ec49bd20}: 'int java.lang.invoke.DirectMethodHandle$Holder.invokeSpecialIFC(java.lang.Object, java.lang.Object, java.lang.Object)'> (0x00000000ec49bd20) 
thrown [s\open\src\hotspot\share\interpreter\linkResolver.cpp, line 759]
Event: 81.246 Thread 0x0000023565f408c0 Exception <a 'java/lang/NoSuchMethodError'{0x00000000ec0ec2e8}: 'java.lang.Object java.lang.invoke.DirectMethodHandle$Holder.newInvokeSpecial(java.lang.Object, java.lang.Object, java.lang.Object, java.lang.Object, int)'> (0x00000000ec0ec2e8) 
thrown [s\open\src\hotspot\share\interpreter\linkResolver.cpp, line 759]
Event: 81.247 Thread 0x0000023565f408c0 Exception <a 'java/lang/NoSuchMethodError'{0x00000000ec0f1610}: 'java.lang.Object java.lang.invoke.DirectMethodHandle$Holder.invokeSpecial(java.lang.Object, java.lang.Object, java.lang.Object, java.lang.Object, java.lang.Object, int)'> (0x00000000ec0f1610) 
thrown [s\open\src\hotspot\share\interpreter\linkResolver.cpp, line 759]
Event: 81.249 Thread 0x0000023565f408c0 Exception <a 'java/lang/NoSuchMethodError'{0x00000000ec0f62e8}: 'java.lang.Object java.lang.invoke.Invokers$Holder.linkToTargetMethod(java.lang.Object, java.lang.Object, java.lang.Object, int, java.lang.Object)'> (0x00000000ec0f62e8) 
thrown [s\open\src\hotspot\share\interpreter\linkResolver.cpp, line 759]
Event: 81.266 Thread 0x0000023565f408c0 Exception <a 'java/lang/NoSuchMethodError'{0x00000000ebf260d0}: 'void java.lang.invoke.DirectMethodHandle$Holder.invokeSpecial(java.lang.Object, java.lang.Object, java.lang.Object, java.lang.Object, java.lang.Object, java.lang.Object)'> (0x00000000ebf260d0) 
thrown [s\open\src\hotspot\share\interpreter\linkResolver.cpp, line 759]
Event: 81.276 Thread 0x0000023565f408c0 Exception <a 'java/lang/NoSuchMethodError'{0x00000000ebf4c980}: 'java.lang.Object java.lang.invoke.DirectMethodHandle$Holder.newInvokeSpecial(java.lang.Object, java.lang.Object, long, java.lang.Object)'> (0x00000000ebf4c980) 
thrown [s\open\src\hotspot\share\interpreter\linkResolver.cpp, line 759]
Event: 81.277 Thread 0x0000023565f408c0 Exception <a 'java/lang/NoSuchMethodError'{0x00000000ebf517e0}: 'java.lang.Object java.lang.invoke.DirectMethodHandle$Holder.invokeSpecial(java.lang.Object, java.lang.Object, java.lang.Object, long, java.lang.Object)'> (0x00000000ebf517e0) 
thrown [s\open\src\hotspot\share\interpreter\linkResolver.cpp, line 759]
Event: 81.278 Thread 0x0000023565f408c0 Exception <a 'java/lang/NoSuchMethodError'{0x00000000ebf560f8}: 'java.lang.Object java.lang.invoke.Invokers$Holder.linkToTargetMethod(java.lang.Object, long, java.lang.Object, java.lang.Object)'> (0x00000000ebf560f8) 
thrown [s\open\src\hotspot\share\interpreter\linkResolver.cpp, line 759]
Event: 81.289 Thread 0x0000023565f408c0 Exception <a 'java/lang/NoSuchMethodError'{0x00000000ebf7ef18}: 'void java.lang.invoke.DirectMethodHandle$Holder.invokeStatic(java.lang.Object, java.lang.Object, java.lang.Object, int, java.lang.Object)'> (0x00000000ebf7ef18) 
thrown [s\open\src\hotspot\share\interpreter\linkResolver.cpp, line 759]

VM Operations (20 events):
Event: 74.392 Executing VM operation: Cleanup
Event: 74.393 Executing VM operation: Cleanup done
Event: 75.225 Executing VM operation: HandshakeAllThreads
Event: 75.225 Executing VM operation: HandshakeAllThreads done
Event: 75.283 Executing VM operation: HandshakeAllThreads
Event: 75.291 Executing VM operation: HandshakeAllThreads done
Event: 75.875 Executing VM operation: HandshakeAllThreads
Event: 75.893 Executing VM operation: HandshakeAllThreads done
Event: 75.893 Executing VM operation: Cleanup
Event: 75.900 Executing VM operation: Cleanup done
Event: 76.901 Executing VM operation: Cleanup
Event: 76.905 Executing VM operation: Cleanup done
Event: 77.906 Executing VM operation: Cleanup
Event: 77.927 Executing VM operation: Cleanup done
Event: 78.927 Executing VM operation: Cleanup
Event: 78.928 Executing VM operation: Cleanup done
Event: 79.929 Executing VM operation: Cleanup
Event: 79.929 Executing VM operation: Cleanup done
Event: 81.929 Executing VM operation: Cleanup
Event: 81.929 Executing VM operation: Cleanup done

Events (20 events):
Event: 75.912 Thread 0x000002354be78430 flushing nmethod 0x0000023538ecf390
Event: 75.913 Thread 0x000002354be78430 flushing nmethod 0x0000023538f10810
Event: 75.914 Thread 0x000002354be78430 flushing nmethod 0x0000023538f6aa10
Event: 75.914 Thread 0x000002354be78430 flushing nmethod 0x0000023538f94d90
Event: 75.914 Thread 0x000002354be78430 flushing nmethod 0x0000023538fb2690
Event: 75.914 Thread 0x000002354be78430 flushing nmethod 0x0000023538fb2a90
Event: 75.914 Thread 0x000002354be78430 flushing nmethod 0x0000023538fb3390
Event: 75.914 Thread 0x000002354be78430 flushing nmethod 0x0000023538fb3890
Event: 75.914 Thread 0x000002354be78430 flushing nmethod 0x0000023538fb4510
Event: 75.914 Thread 0x000002354be78430 flushing nmethod 0x0000023538fb4990
Event: 75.976 loading class java/util/function/IntBinaryOperator
Event: 75.976 loading class java/util/function/IntBinaryOperator done
Event: 77.416 Thread 0x0000023568a704c0 Thread exited: 0x0000023568a704c0
Event: 78.053 Thread 0x0000023565a9b5a0 Thread added: 0x0000023565a9b5a0
Event: 78.346 Thread 0x0000023565a9b5a0 Thread exited: 0x0000023565a9b5a0
Event: 78.736 Thread 0x0000023565a9b5a0 Thread added: 0x0000023565a9b5a0
Event: 79.196 loading class java/io/DeleteOnExitHook
Event: 79.197 loading class java/io/DeleteOnExitHook done
Event: 79.197 loading class java/io/DeleteOnExitHook$1
Event: 79.197 loading class java/io/DeleteOnExitHook$1 done


Dynamic libraries:
0x00007ff782610000 - 0x00007ff782620000 	C:\Program Files\Java\jdk-17\bin\java.exe
0x00007fff4ae60000 - 0x00007fff4b0c8000 	C:\WINDOWS\SYSTEM32\ntdll.dll
0x00007fff49960000 - 0x00007fff49a29000 	C:\WINDOWS\System32\KERNEL32.DLL
0x00007fff485e0000 - 0x00007fff489d2000 	C:\WINDOWS\System32\KERNELBASE.dll
0x00007fff482d0000 - 0x00007fff4841b000 	C:\WINDOWS\System32\ucrtbase.dll
0x00007fff30bf0000 - 0x00007fff30c0b000 	C:\Program Files\Java\jdk-17\bin\VCRUNTIME140.dll
0x00007fff30d90000 - 0x00007fff30da9000 	C:\Program Files\Java\jdk-17\bin\jli.dll
0x00007fff496a0000 - 0x00007fff49754000 	C:\WINDOWS\System32\ADVAPI32.dll
0x00007fff498b0000 - 0x00007fff49959000 	C:\WINDOWS\System32\msvcrt.dll
0x00007fff49ab0000 - 0x00007fff49b56000 	C:\WINDOWS\System32\sechost.dll
0x00007fff491b0000 - 0x00007fff492c8000 	C:\WINDOWS\System32\RPCRT4.dll
0x00007fff48d30000 - 0x00007fff48ef5000 	C:\WINDOWS\System32\USER32.dll
0x00007fff36990000 - 0x00007fff36c23000 	C:\WINDOWS\WinSxS\amd64_microsoft.windows.common-controls_6595b64144ccf1df_6.0.26100.6899_none_3e0efeeae32e88c1\COMCTL32.dll
0x00007fff48a80000 - 0x00007fff48aa7000 	C:\WINDOWS\System32\win32u.dll
0x00007fff492f0000 - 0x00007fff4931b000 	C:\WINDOWS\System32\GDI32.dll
0x00007fff484b0000 - 0x00007fff485dd000 	C:\WINDOWS\System32\gdi32full.dll
0x00007fff48160000 - 0x00007fff48203000 	C:\WINDOWS\System32\msvcp_win.dll
0x00007fff40c20000 - 0x00007fff40c2b000 	C:\WINDOWS\SYSTEM32\VERSION.dll
0x00007fff48f00000 - 0x00007fff48f2f000 	C:\WINDOWS\System32\IMM32.DLL
0x00007fff30be0000 - 0x00007fff30bec000 	C:\Program Files\Java\jdk-17\bin\vcruntime140_1.dll
0x00007fff25340000 - 0x00007fff253ce000 	C:\Program Files\Java\jdk-17\bin\msvcp140.dll
0x00007ffe6c750000 - 0x00007ffe6d330000 	C:\Program Files\Java\jdk-17\bin\server\jvm.dll
0x00007fff4ad50000 - 0x00007fff4ad58000 	C:\WINDOWS\System32\PSAPI.DLL
0x00007fff402a0000 - 0x00007fff402aa000 	C:\WINDOWS\SYSTEM32\WSOCK32.dll
0x00007fff48f40000 - 0x00007fff48fb4000 	C:\WINDOWS\System32\WS2_32.dll
0x00007fff40be0000 - 0x00007fff40c15000 	C:\WINDOWS\SYSTEM32\WINMM.dll
0x00007fff46d80000 - 0x00007fff46d9b000 	C:\WINDOWS\SYSTEM32\kernel.appcore.dll
0x00007fff30bd0000 - 0x00007fff30bda000 	C:\Program Files\Java\jdk-17\bin\jimage.dll
0x00007fff3ba10000 - 0x00007fff3bc52000 	C:\WINDOWS\SYSTEM32\DBGHELP.DLL
0x00007fff4a9c0000 - 0x00007fff4ad3b000 	C:\WINDOWS\System32\combase.dll
0x00007fff49ff0000 - 0x00007fff4a0c7000 	C:\WINDOWS\System32\OLEAUT32.dll
0x00007fff362b0000 - 0x00007fff362ec000 	C:\WINDOWS\SYSTEM32\dbgcore.DLL
0x00007fff489e0000 - 0x00007fff48a78000 	C:\WINDOWS\System32\bcryptPrimitives.dll
0x00007fff32310000 - 0x00007fff3231e000 	C:\Program Files\Java\jdk-17\bin\instrument.dll
0x00007fff25f60000 - 0x00007fff25f85000 	C:\Program Files\Java\jdk-17\bin\java.dll
0x00007fff1dde0000 - 0x00007fff1deb7000 	C:\Program Files\Java\jdk-17\bin\jsvml.dll
0x00007fff4a270000 - 0x00007fff4a9bd000 	C:\WINDOWS\System32\SHELL32.dll
0x00007fff47ff0000 - 0x00007fff4815b000 	C:\WINDOWS\System32\wintypes.dll
0x00007fff45c20000 - 0x00007fff4647d000 	C:\WINDOWS\SYSTEM32\windows.storage.dll
0x00007fff48c30000 - 0x00007fff48d22000 	C:\WINDOWS\System32\SHCORE.dll
0x00007fff493e0000 - 0x00007fff49442000 	C:\WINDOWS\System32\shlwapi.dll
0x00007fff47f10000 - 0x00007fff47f39000 	C:\WINDOWS\SYSTEM32\profapi.dll
0x00007fff25320000 - 0x00007fff25338000 	C:\Program Files\Java\jdk-17\bin\zip.dll
0x00007fff2a7d0000 - 0x00007fff2a7e9000 	C:\Program Files\Java\jdk-17\bin\net.dll
0x00007fff3d620000 - 0x00007fff3d73f000 	C:\WINDOWS\SYSTEM32\WINHTTP.dll
0x00007fff472d0000 - 0x00007fff4733b000 	C:\WINDOWS\system32\mswsock.dll
0x00007fff25f40000 - 0x00007fff25f56000 	C:\Program Files\Java\jdk-17\bin\nio.dll
0x00007fff365b0000 - 0x00007fff365c0000 	C:\Program Files\Java\jdk-17\bin\verify.dll
0x00007fff2e7a0000 - 0x00007fff2e7c7000 	C:\Users\juane\.gradle\native\1def1411415f61bf3af743bc5b6707747c0891f09f0c88961ee8f79bc544acac\windows-amd64\native-platform.dll
0x00007fff2a4e0000 - 0x00007fff2a558000 	C:\Users\juane\.gradle\native\0.2.7\x86_64-windows-gnu\gradle-fileevents.dll
0x00007fff365a0000 - 0x00007fff365aa000 	C:\Program Files\Java\jdk-17\bin\management.dll
0x00007fff33530000 - 0x00007fff3353b000 	C:\Program Files\Java\jdk-17\bin\management_ext.dll
0x00007fff46780000 - 0x00007fff467b4000 	C:\WINDOWS\SYSTEM32\IPHLPAPI.DLL
0x00007fff49690000 - 0x00007fff4969a000 	C:\WINDOWS\System32\NSI.dll
0x00007fff3d810000 - 0x00007fff3d82e000 	C:\WINDOWS\SYSTEM32\dhcpcsvc6.DLL
0x00007fff3d790000 - 0x00007fff3d7b3000 	C:\WINDOWS\SYSTEM32\dhcpcsvc.DLL
0x00007fff46870000 - 0x00007fff46996000 	C:\WINDOWS\SYSTEM32\DNSAPI.dll
0x00007fff476b0000 - 0x00007fff476cb000 	C:\WINDOWS\SYSTEM32\CRYPTSP.dll
0x00007fff46ce0000 - 0x00007fff46d1b000 	C:\WINDOWS\system32\rsaenh.dll
0x00007fff47370000 - 0x00007fff4739b000 	C:\WINDOWS\SYSTEM32\USERENV.dll
0x00007fff47ee0000 - 0x00007fff47f06000 	C:\WINDOWS\SYSTEM32\bcrypt.dll
0x00007fff47510000 - 0x00007fff4751c000 	C:\WINDOWS\SYSTEM32\CRYPTBASE.dll
0x00007fff30f10000 - 0x00007fff30f1e000 	C:\Program Files\Java\jdk-17\bin\sunmscapi.dll
0x00007fff48ab0000 - 0x00007fff48c27000 	C:\WINDOWS\System32\CRYPT32.dll
0x00007fff47800000 - 0x00007fff47830000 	C:\WINDOWS\SYSTEM32\ncrypt.dll
0x00007fff477b0000 - 0x00007fff477ef000 	C:\WINDOWS\SYSTEM32\NTASN1.dll
0x00007ffebde40000 - 0x00007ffebde48000 	C:\WINDOWS\system32\wshunix.dll

dbghelp: loaded successfully - version: 4.0.5 - missing functions: none
symbol engine: initialized successfully - sym options: 0x614 - pdb path: .;C:\Program Files\Java\jdk-17\bin;C:\WINDOWS\SYSTEM32;C:\WINDOWS\WinSxS\amd64_microsoft.windows.common-controls_6595b64144ccf1df_6.0.26100.6899_none_3e0efeeae32e88c1;C:\Program Files\Java\jdk-17\bin\server;C:\Users\juane\.gradle\native\1def1411415f61bf3af743bc5b6707747c0891f09f0c88961ee8f79bc544acac\windows-amd64;C:\Users\juane\.gradle\native\0.2.7\x86_64-windows-gnu

VM Arguments:
jvm_args: --add-opens=java.base/java.lang=ALL-UNNAMED --add-opens=java.base/java.lang.invoke=ALL-UNNAMED --add-opens=java.base/java.util=ALL-UNNAMED --add-opens=java.prefs/java.util.prefs=ALL-UNNAMED --add-exports=jdk.compiler/com.sun.tools.javac.api=ALL-UNNAMED --add-exports=jdk.compiler/com.sun.tools.javac.util=ALL-UNNAMED --add-opens=java.base/java.util=ALL-UNNAMED --add-opens=java.prefs/java.util.prefs=ALL-UNNAMED --add-opens=java.base/java.nio.charset=ALL-UNNAMED --add-opens=java.base/java.net=ALL-UNNAMED --add-opens=java.base/java.util.concurrent.atomic=ALL-UNNAMED --add-opens=java.xml/javax.xml.namespace=ALL-UNNAMED -XX:MaxMetaspaceSize=384m -XX:+HeapDumpOnOutOfMemoryError -Xms256m -Xmx512m -Dfile.encoding=windows-1252 -Duser.country=CO -Duser.language=es -Duser.variant -javaagent:C:\Users\juane\.gradle\wrapper\dists\gradle-8.14-bin\38aieal9i53h9rfe7vjup95b9\gradle-8.14\lib\agents\gradle-instrumentation-agent-8.14.jar 
java_command: org.gradle.launcher.daemon.bootstrap.GradleDaemon 8.14
java_class_path (initial): C:\Users\juane\.gradle\wrapper\dists\gradle-8.14-bin\38aieal9i53h9rfe7vjup95b9\gradle-8.14\lib\gradle-daemon-main-8.14.jar
Launcher Type: SUN_STANDARD

[Global flags]
     intx CICompilerCount                          = 4                                         {product} {ergonomic}
   size_t CompressedClassSpaceSize                 = 335544320                                 {product} {ergonomic}
     uint ConcGCThreads                            = 2                                         {product} {ergonomic}
     uint G1ConcRefinementThreads                  = 8                                         {product} {ergonomic}
   size_t G1HeapRegionSize                         = 1048576                                   {product} {ergonomic}
    uintx GCDrainStackTargetSize                   = 64                                        {product} {ergonomic}
     bool HeapDumpOnOutOfMemoryError               = true                                   {manageable} {command line}
   size_t InitialHeapSize                          = 268435456                                 {product} {command line}
   size_t MarkStackSize                            = 4194304                                   {product} {ergonomic}
   size_t MaxHeapSize                              = 536870912                                 {product} {command line}
   size_t MaxMetaspaceSize                         = 402653184                                 {product} {command line}
   size_t MaxNewSize                               = 321912832                                 {product} {ergonomic}
   size_t MinHeapDeltaBytes                        = 1048576                                   {product} {ergonomic}
   size_t MinHeapSize                              = 268435456                                 {product} {command line}
    uintx NonNMethodCodeHeapSize                   = 5839372                                {pd product} {ergonomic}
    uintx NonProfiledCodeHeapSize                  = 122909434                              {pd product} {ergonomic}
    uintx ProfiledCodeHeapSize                     = 122909434                              {pd product} {ergonomic}
    uintx ReservedCodeCacheSize                    = 251658240                              {pd product} {ergonomic}
     bool SegmentedCodeCache                       = true                                      {product} {ergonomic}
   size_t SoftMaxHeapSize                          = 536870912                              {manageable} {ergonomic}
     bool UseCompressedClassPointers               = true                           {product lp64_product} {ergonomic}
     bool UseCompressedOops                        = true                           {product lp64_product} {ergonomic}
     bool UseG1GC                                  = true                                      {product} {ergonomic}
     bool UseLargePagesIndividualAllocation        = false                                  {pd product} {ergonomic}

Logging:
Log output configuration:
 #0: stdout all=warning uptime,level,tags
 #1: stderr all=off uptime,level,tags

Environment Variables:
JAVA_HOME=C:\Program Files\Java\jdk-17
CLASSPATH=J:\GEMS\gems-lms-api\\gradle\wrapper\gradle-wrapper.jar
PATH=C:\Program Files\Java\jdk-17\bin;C:\Program Files\Common Files\Oracle\Java\javapath;C:\ProgramData\Oracle\Java\javapath;C:\WINDOWS\system32;C:\WINDOWS;C:\WINDOWS\System32\Wbem;C:\WINDOWS\System32\WindowsPowerShell\v1.0\;C:\WINDOWS\System32\OpenSSH\;C:\Program Files\Azure Data Studio\bin;C:\Program Files\Git\cmd;C:\Program Files\dotnet\;C:\Program Files (x86)\Microsoft SQL Server\160\Tools\Binn\;C:\Program Files\Microsoft SQL Server\160\Tools\Binn\;C:\Program Files\Microsoft SQL Server\Client SDK\ODBC\170\Tools\Binn\;C:\Program Files\Microsoft SQL Server\160\DTS\Binn\;C:\Program Files\Microsoft SQL Server\150\Tools\Binn\;C:\Program Files\nodejs\;C:\Users\juane\AppData\Local\Microsoft\WindowsApps;C:\Program Files\Java\jdk-19\bin;;C:\Program Files\JetBrains\IntelliJ IDEA 2022.3.2\bin;;C:\Program Files\Azure Data Studio\bin;C:\Users\juane\.dotnet\tools;C:\Users\juane\AppData\Local\Programs\Microsoft VS Code\bin;C:\Users\juane\AppData\Roaming\npm
USERNAME=juane
OS=Windows_NT
PROCESSOR_IDENTIFIER=AMD64 Family 23 Model 24 Stepping 1, AuthenticAMD



---------------  S Y S T E M  ---------------

OS:
 Windows 11 , 64 bit Build 26100 (10.0.26100.6725)
OS uptime: 4 days 2:33 hours
Hyper-V role detected

CPU: total 8 (initial active 8) (8 cores per cpu, 2 threads per core) family 23 model 24 stepping 1 microcode 0x810810e, cx8, cmov, fxsr, ht, mmx, 3dnowpref, sse, sse2, sse3, ssse3, sse4a, sse4.1, sse4.2, popcnt, lzcnt, tsc, tscinvbit, avx, avx2, aes, clmul, bmi1, bmi2, adx, sha, fma, vzeroupper, clflush, clflushopt, hv

Memory: 4k page, system-wide physical 6030M (480M free)
TotalPageFile size 24462M (AvailPageFile size 3M)
current process WorkingSet (physical memory assigned to process): 327M, peak: 332M
current process commit charge ("private bytes"): 487M, peak: 494M

vm_info: Java HotSpot(TM) 64-Bit Server VM (17.0.12+8-LTS-286) for windows-amd64 JRE (17.0.12+8-LTS-286), built on Jun  5 2024 06:46:59 by "mach5one" with MS VC++ 17.6 (VS2022)

END.
