#
# There is insufficient memory for the Java Runtime Environment to continue.
# Native memory allocation (malloc) failed to allocate 32744 bytes for ChunkPool::allocate
# Possible reasons:
#   The system is out of physical RAM or swap space
#   The process is running with CompressedOops enabled, and the Java Heap may be blocking the growth of the native heap
# Possible solutions:
#   Reduce memory load on the system
#   Increase physical memory or swap space
#   Check if swap backing store is full
#   Decrease Java heap size (-Xmx/-Xms)
#   Decrease number of Java threads
#   Decrease Java thread stack sizes (-Xss)
#   Set larger code cache with -XX:ReservedCodeCacheSize=
#   JVM is running with Unscaled Compressed Oops mode in which the Java heap is
#     placed in the first 4GB address space. The Java Heap base address is the
#     maximum limit for the native heap growth. Please use -XX:HeapBaseMinAddress
#     to set the Java Heap base and to place the Java Heap above 4GB virtual address.
# This output file may be truncated or incomplete.
#
#  Out of Memory Error (arena.cpp:78), pid=5768, tid=25216
#
# JRE version: Java(TM) SE Runtime Environment (17.0.12+8) (build 17.0.12+8-LTS-286)
# Java VM: Java HotSpot(TM) 64-Bit Server VM (17.0.12+8-LTS-286, mixed mode, sharing, tiered, compressed oops, compressed class ptrs, g1 gc, windows-amd64)
# No core dump will be written. Minidumps are not enabled by default on client versions of Windows
#

---------------  S U M M A R Y ------------

Command Line: -Xmx64m -Xms64m -Dorg.gradle.appname=gradlew org.gradle.wrapper.GradleWrapperMain :ms-auth:bootRun

Host: AMD Ryzen 5 3450U with Radeon Vega Mobile Gfx  , 8 cores, 5G,  Windows 11 , 64 bit Build 26100 (10.0.26100.6725)
Time: Sat Nov  8 16:00:45 2025 Hora est. Pacífico, Sudamérica elapsed time: 446.242869 seconds (0d 0h 7m 26s)

---------------  T H R E A D  ---------------

Current thread (0x0000026f58b22c10):  JavaThread "C2 CompilerThread0" daemon [_thread_in_native, id=25216, stack(0x000000cd84b00000,0x000000cd84c00000)]


Current CompileTask:
C2: 446243 2171       4       org.gradle.internal.logging.sink.GroupingProgressLogEventGenerator::onUpdateNow (54 bytes)

Stack: [0x000000cd84b00000,0x000000cd84c00000]
Native frames: (J=compiled Java code, j=interpreted, Vv=VM code, C=native code)
V  [jvm.dll+0x67a04a]
V  [jvm.dll+0x7da4ed]
V  [jvm.dll+0x7dbe33]
V  [jvm.dll+0x7dc4a3]
V  [jvm.dll+0x24508f]
V  [jvm.dll+0xab9a4]
V  [jvm.dll+0xabd3c]
V  [jvm.dll+0x581e8e]
V  [jvm.dll+0x21f422]
V  [jvm.dll+0x21837b]
V  [jvm.dll+0x215b65]
V  [jvm.dll+0x1a2960]
V  [jvm.dll+0x22610b]
V  [jvm.dll+0x2242ab]
V  [jvm.dll+0x79075c]
V  [jvm.dll+0x78abea]
V  [jvm.dll+0x678f35]
C  [ucrtbase.dll+0x37b0]
C  [KERNEL32.DLL+0x2e8d7]
C  [ntdll.dll+0x8c53c]


---------------  P R O C E S S  ---------------

Threads class SMR info:
_java_thread_list=0x0000026f9e23da40, length=13, elements={
0x0000026f3eb62740, 0x0000026f3ec16d90, 0x0000026f3ec17950, 0x0000026f3ec2c190,
0x0000026f58b1ff80, 0x0000026f58b20550, 0x0000026f58b20f10, 0x0000026f58b22c10,
0x0000026f58b24620, 0x0000026f58b25020, 0x0000026f9e06f030, 0x0000026f9e0757d0,
0x0000026f9f099710
}

Java Threads: ( => current thread )
  0x0000026f3eb62740 JavaThread "main" [_thread_in_native, id=23504, stack(0x000000cd83e00000,0x000000cd83f00000)]
  0x0000026f3ec16d90 JavaThread "Reference Handler" daemon [_thread_blocked, id=23060, stack(0x000000cd84500000,0x000000cd84600000)]
  0x0000026f3ec17950 JavaThread "Finalizer" daemon [_thread_blocked, id=12012, stack(0x000000cd84600000,0x000000cd84700000)]
  0x0000026f3ec2c190 JavaThread "Signal Dispatcher" daemon [_thread_blocked, id=13524, stack(0x000000cd84700000,0x000000cd84800000)]
  0x0000026f58b1ff80 JavaThread "Attach Listener" daemon [_thread_blocked, id=18424, stack(0x000000cd84800000,0x000000cd84900000)]
  0x0000026f58b20550 JavaThread "Service Thread" daemon [_thread_blocked, id=7128, stack(0x000000cd84900000,0x000000cd84a00000)]
  0x0000026f58b20f10 JavaThread "Monitor Deflation Thread" daemon [_thread_blocked, id=13044, stack(0x000000cd84a00000,0x000000cd84b00000)]
=>0x0000026f58b22c10 JavaThread "C2 CompilerThread0" daemon [_thread_in_native, id=25216, stack(0x000000cd84b00000,0x000000cd84c00000)]
  0x0000026f58b24620 JavaThread "C1 CompilerThread0" daemon [_thread_blocked, id=16348, stack(0x000000cd84c00000,0x000000cd84d00000)]
  0x0000026f58b25020 JavaThread "Sweeper thread" daemon [_thread_blocked, id=21004, stack(0x000000cd84d00000,0x000000cd84e00000)]
  0x0000026f9e06f030 JavaThread "Notification Thread" daemon [_thread_blocked, id=12592, stack(0x000000cd84e00000,0x000000cd84f00000)]
  0x0000026f9e0757d0 JavaThread "Common-Cleaner" daemon [_thread_blocked, id=6288, stack(0x000000cd85000000,0x000000cd85100000)]
  0x0000026f9f099710 JavaThread "pool-1-thread-1" [_thread_blocked, id=23268, stack(0x000000cd85400000,0x000000cd85500000)]

Other Threads:
  0x0000026f3ec102d0 VMThread "VM Thread" [stack: 0x000000cd84400000,0x000000cd84500000] [id=15932]
  0x0000026f9e075540 WatcherThread [stack: 0x000000cd84f00000,0x000000cd85000000] [id=25444]
  0x0000026f3eb81d20 GCTaskThread "GC Thread#0" [stack: 0x000000cd83f00000,0x000000cd84000000] [id=23956]
  0x0000026f9e453b00 GCTaskThread "GC Thread#1" [stack: 0x000000cd85100000,0x000000cd85200000] [id=16960]
  0x0000026f9e30c830 GCTaskThread "GC Thread#2" [stack: 0x000000cd85200000,0x000000cd85300000] [id=3892]
  0x0000026f9e312490 GCTaskThread "GC Thread#3" [stack: 0x000000cd85300000,0x000000cd85400000] [id=20488]
  0x0000026f9f38f750 GCTaskThread "GC Thread#4" [stack: 0x000000cd85500000,0x000000cd85600000] [id=22348]
  0x0000026f9ebb9c90 GCTaskThread "GC Thread#5" [stack: 0x000000cd85600000,0x000000cd85700000] [id=880]
  0x0000026f9f1ac360 GCTaskThread "GC Thread#6" [stack: 0x000000cd85700000,0x000000cd85800000] [id=24560]
  0x0000026f3eb83470 ConcurrentGCThread "G1 Main Marker" [stack: 0x000000cd84000000,0x000000cd84100000] [id=16128]
  0x0000026f3eb83e80 ConcurrentGCThread "G1 Conc#0" [stack: 0x000000cd84100000,0x000000cd84200000] [id=6404]
  0x0000026f3ebef7a0 ConcurrentGCThread "G1 Refine#0" [stack: 0x000000cd84200000,0x000000cd84300000] [id=20608]
  0x0000026f9f2cd680 ConcurrentGCThread "G1 Refine#1" [stack: 0x000000cd85800000,0x000000cd85900000] [id=6116]
  0x0000026f3ebf91f0 ConcurrentGCThread "G1 Service" [stack: 0x000000cd84300000,0x000000cd84400000] [id=20236]

Threads with active compile tasks:
C2 CompilerThread0   446319 2171       4       org.gradle.internal.logging.sink.GroupingProgressLogEventGenerator::onUpdateNow (54 bytes)

VM state: not at safepoint (normal execution)

VM Mutex/Monitor currently owned by a thread: None

Heap address: 0x00000000fc000000, size: 64 MB, Compressed Oops mode: 32-bit

CDS archive(s) mapped at: [0x0000026f59000000-0x0000026f59bd0000-0x0000026f59bd0000), size 12386304, SharedBaseAddress: 0x0000026f59000000, ArchiveRelocationMode: 1.
Compressed class space mapped at: 0x0000026f5a000000-0x0000026f9a000000, reserved size: 1073741824
Narrow klass base: 0x0000026f59000000, Narrow klass shift: 0, Narrow klass range: 0x100000000

GC Precious Log:
 CPUs: 8 total, 8 available
 Memory: 6030M
 Large Page Support: Disabled
 NUMA Support: Disabled
 Compressed Oops: Enabled (32-bit)
 Heap Region Size: 1M
 Heap Min Capacity: 64M
 Heap Initial Capacity: 64M
 Heap Max Capacity: 64M
 Pre-touch: Disabled
 Parallel Workers: 8
 Concurrent Workers: 2
 Concurrent Refinement Workers: 8
 Periodic GC: Disabled

Heap:
 garbage-first heap   total 65536K, used 28698K [0x00000000fc000000, 0x0000000100000000)
  region size 1024K, 22 young (22528K), 4 survivors (4096K)
 Metaspace       used 10273K, committed 10496K, reserved 1114112K
  class space    used 1327K, committed 1408K, reserved 1048576K

Heap Regions: E=young(eden), S=young(survivor), O=old, HS=humongous(starts), HC=humongous(continues), CS=collection set, F=free, OA=open archive, CA=closed archive, TAMS=top-at-mark-start (previous, next)
|   0|0x00000000fc000000, 0x00000000fc100000, 0x00000000fc100000|100%|HS|  |TAMS 0x00000000fc000000, 0x00000000fc000000| Complete 
|   1|0x00000000fc100000, 0x00000000fc200000, 0x00000000fc200000|100%|HC|  |TAMS 0x00000000fc100000, 0x00000000fc100000| Complete 
|   2|0x00000000fc200000, 0x00000000fc300000, 0x00000000fc300000|100%|HC|  |TAMS 0x00000000fc200000, 0x00000000fc200000| Complete 
|   3|0x00000000fc300000, 0x00000000fc400000, 0x00000000fc400000|100%| O|  |TAMS 0x00000000fc300000, 0x00000000fc300000| Untracked 
|   4|0x00000000fc400000, 0x00000000fc500000, 0x00000000fc500000|100%| O|  |TAMS 0x00000000fc400000, 0x00000000fc400000| Untracked 
|   5|0x00000000fc500000, 0x00000000fc600000, 0x00000000fc600000|100%| O|  |TAMS 0x00000000fc500000, 0x00000000fc500000| Untracked 
|   6|0x00000000fc600000, 0x00000000fc700000, 0x00000000fc700000|100%| O|  |TAMS 0x00000000fc600000, 0x00000000fc600000| Untracked 
|   7|0x00000000fc700000, 0x00000000fc706a00, 0x00000000fc800000|  2%| O|  |TAMS 0x00000000fc700000, 0x00000000fc700000| Untracked 
|   8|0x00000000fc800000, 0x00000000fc800000, 0x00000000fc900000|  0%| F|  |TAMS 0x00000000fc800000, 0x00000000fc800000| Untracked 
|   9|0x00000000fc900000, 0x00000000fc900000, 0x00000000fca00000|  0%| F|  |TAMS 0x00000000fc900000, 0x00000000fc900000| Untracked 
|  10|0x00000000fca00000, 0x00000000fca00000, 0x00000000fcb00000|  0%| F|  |TAMS 0x00000000fca00000, 0x00000000fca00000| Untracked 
|  11|0x00000000fcb00000, 0x00000000fcb00000, 0x00000000fcc00000|  0%| F|  |TAMS 0x00000000fcb00000, 0x00000000fcb00000| Untracked 
|  12|0x00000000fcc00000, 0x00000000fcc00000, 0x00000000fcd00000|  0%| F|  |TAMS 0x00000000fcc00000, 0x00000000fcc00000| Untracked 
|  13|0x00000000fcd00000, 0x00000000fcd00000, 0x00000000fce00000|  0%| F|  |TAMS 0x00000000fcd00000, 0x00000000fcd00000| Untracked 
|  14|0x00000000fce00000, 0x00000000fce00000, 0x00000000fcf00000|  0%| F|  |TAMS 0x00000000fce00000, 0x00000000fce00000| Untracked 
|  15|0x00000000fcf00000, 0x00000000fcf00000, 0x00000000fd000000|  0%| F|  |TAMS 0x00000000fcf00000, 0x00000000fcf00000| Untracked 
|  16|0x00000000fd000000, 0x00000000fd000000, 0x00000000fd100000|  0%| F|  |TAMS 0x00000000fd000000, 0x00000000fd000000| Untracked 
|  17|0x00000000fd100000, 0x00000000fd100000, 0x00000000fd200000|  0%| F|  |TAMS 0x00000000fd100000, 0x00000000fd100000| Untracked 
|  18|0x00000000fd200000, 0x00000000fd200000, 0x00000000fd300000|  0%| F|  |TAMS 0x00000000fd200000, 0x00000000fd200000| Untracked 
|  19|0x00000000fd300000, 0x00000000fd300000, 0x00000000fd400000|  0%| F|  |TAMS 0x00000000fd300000, 0x00000000fd300000| Untracked 
|  20|0x00000000fd400000, 0x00000000fd400000, 0x00000000fd500000|  0%| F|  |TAMS 0x00000000fd400000, 0x00000000fd400000| Untracked 
|  21|0x00000000fd500000, 0x00000000fd500000, 0x00000000fd600000|  0%| F|  |TAMS 0x00000000fd500000, 0x00000000fd500000| Untracked 
|  22|0x00000000fd600000, 0x00000000fd600000, 0x00000000fd700000|  0%| F|  |TAMS 0x00000000fd600000, 0x00000000fd600000| Untracked 
|  23|0x00000000fd700000, 0x00000000fd700000, 0x00000000fd800000|  0%| F|  |TAMS 0x00000000fd700000, 0x00000000fd700000| Untracked 
|  24|0x00000000fd800000, 0x00000000fd800000, 0x00000000fd900000|  0%| F|  |TAMS 0x00000000fd800000, 0x00000000fd800000| Untracked 
|  25|0x00000000fd900000, 0x00000000fd900000, 0x00000000fda00000|  0%| F|  |TAMS 0x00000000fd900000, 0x00000000fd900000| Untracked 
|  26|0x00000000fda00000, 0x00000000fda00000, 0x00000000fdb00000|  0%| F|  |TAMS 0x00000000fda00000, 0x00000000fda00000| Untracked 
|  27|0x00000000fdb00000, 0x00000000fdb00000, 0x00000000fdc00000|  0%| F|  |TAMS 0x00000000fdb00000, 0x00000000fdb00000| Untracked 
|  28|0x00000000fdc00000, 0x00000000fdd00000, 0x00000000fdd00000|100%| S|CS|TAMS 0x00000000fdc00000, 0x00000000fdc00000| Complete 
|  29|0x00000000fdd00000, 0x00000000fde00000, 0x00000000fde00000|100%| S|CS|TAMS 0x00000000fdd00000, 0x00000000fdd00000| Complete 
|  30|0x00000000fde00000, 0x00000000fdf00000, 0x00000000fdf00000|100%| S|CS|TAMS 0x00000000fde00000, 0x00000000fde00000| Complete 
|  31|0x00000000fdf00000, 0x00000000fe000000, 0x00000000fe000000|100%| S|CS|TAMS 0x00000000fdf00000, 0x00000000fdf00000| Complete 
|  32|0x00000000fe000000, 0x00000000fe000000, 0x00000000fe100000|  0%| F|  |TAMS 0x00000000fe000000, 0x00000000fe000000| Untracked 
|  33|0x00000000fe100000, 0x00000000fe100000, 0x00000000fe200000|  0%| F|  |TAMS 0x00000000fe100000, 0x00000000fe100000| Untracked 
|  34|0x00000000fe200000, 0x00000000fe200000, 0x00000000fe300000|  0%| F|  |TAMS 0x00000000fe200000, 0x00000000fe200000| Untracked 
|  35|0x00000000fe300000, 0x00000000fe300000, 0x00000000fe400000|  0%| F|  |TAMS 0x00000000fe300000, 0x00000000fe300000| Untracked 
|  36|0x00000000fe400000, 0x00000000fe400000, 0x00000000fe500000|  0%| F|  |TAMS 0x00000000fe400000, 0x00000000fe400000| Untracked 
|  37|0x00000000fe500000, 0x00000000fe500000, 0x00000000fe600000|  0%| F|  |TAMS 0x00000000fe500000, 0x00000000fe500000| Untracked 
|  38|0x00000000fe600000, 0x00000000fe600000, 0x00000000fe700000|  0%| F|  |TAMS 0x00000000fe600000, 0x00000000fe600000| Untracked 
|  39|0x00000000fe700000, 0x00000000fe700000, 0x00000000fe800000|  0%| F|  |TAMS 0x00000000fe700000, 0x00000000fe700000| Untracked 
|  40|0x00000000fe800000, 0x00000000fe800000, 0x00000000fe900000|  0%| F|  |TAMS 0x00000000fe800000, 0x00000000fe800000| Untracked 
|  41|0x00000000fe900000, 0x00000000fe900000, 0x00000000fea00000|  0%| F|  |TAMS 0x00000000fe900000, 0x00000000fe900000| Untracked 
|  42|0x00000000fea00000, 0x00000000fea00000, 0x00000000feb00000|  0%| F|  |TAMS 0x00000000fea00000, 0x00000000fea00000| Untracked 
|  43|0x00000000feb00000, 0x00000000feb00000, 0x00000000fec00000|  0%| F|  |TAMS 0x00000000feb00000, 0x00000000feb00000| Untracked 
|  44|0x00000000fec00000, 0x00000000fec00000, 0x00000000fed00000|  0%| F|  |TAMS 0x00000000fec00000, 0x00000000fec00000| Untracked 
|  45|0x00000000fed00000, 0x00000000fed00000, 0x00000000fee00000|  0%| F|  |TAMS 0x00000000fed00000, 0x00000000fed00000| Untracked 
|  46|0x00000000fee00000, 0x00000000fee238e8, 0x00000000fef00000| 13%| E|  |TAMS 0x00000000fee00000, 0x00000000fee00000| Complete 
|  47|0x00000000fef00000, 0x00000000ff000000, 0x00000000ff000000|100%| E|CS|TAMS 0x00000000fef00000, 0x00000000fef00000| Complete 
|  48|0x00000000ff000000, 0x00000000ff100000, 0x00000000ff100000|100%| E|CS|TAMS 0x00000000ff000000, 0x00000000ff000000| Complete 
|  49|0x00000000ff100000, 0x00000000ff200000, 0x00000000ff200000|100%| E|CS|TAMS 0x00000000ff100000, 0x00000000ff100000| Complete 
|  50|0x00000000ff200000, 0x00000000ff300000, 0x00000000ff300000|100%| E|CS|TAMS 0x00000000ff200000, 0x00000000ff200000| Complete 
|  51|0x00000000ff300000, 0x00000000ff400000, 0x00000000ff400000|100%| E|CS|TAMS 0x00000000ff300000, 0x00000000ff300000| Complete 
|  52|0x00000000ff400000, 0x00000000ff500000, 0x00000000ff500000|100%| E|CS|TAMS 0x00000000ff400000, 0x00000000ff400000| Complete 
|  53|0x00000000ff500000, 0x00000000ff600000, 0x00000000ff600000|100%| E|CS|TAMS 0x00000000ff500000, 0x00000000ff500000| Complete 
|  54|0x00000000ff600000, 0x00000000ff700000, 0x00000000ff700000|100%| E|CS|TAMS 0x00000000ff600000, 0x00000000ff600000| Complete 
|  55|0x00000000ff700000, 0x00000000ff800000, 0x00000000ff800000|100%| E|CS|TAMS 0x00000000ff700000, 0x00000000ff700000| Complete 
|  56|0x00000000ff800000, 0x00000000ff900000, 0x00000000ff900000|100%| E|CS|TAMS 0x00000000ff800000, 0x00000000ff800000| Complete 
|  57|0x00000000ff900000, 0x00000000ffa00000, 0x00000000ffa00000|100%| E|CS|TAMS 0x00000000ff900000, 0x00000000ff900000| Complete 
|  58|0x00000000ffa00000, 0x00000000ffb00000, 0x00000000ffb00000|100%| E|CS|TAMS 0x00000000ffa00000, 0x00000000ffa00000| Complete 
|  59|0x00000000ffb00000, 0x00000000ffc00000, 0x00000000ffc00000|100%| E|CS|TAMS 0x00000000ffb00000, 0x00000000ffb00000| Complete 
|  60|0x00000000ffc00000, 0x00000000ffd00000, 0x00000000ffd00000|100%| E|CS|TAMS 0x00000000ffc00000, 0x00000000ffc00000| Complete 
|  61|0x00000000ffd00000, 0x00000000ffe00000, 0x00000000ffe00000|100%| E|CS|TAMS 0x00000000ffd00000, 0x00000000ffd00000| Complete 
|  62|0x00000000ffe00000, 0x00000000fff00000, 0x00000000fff00000|100%| E|CS|TAMS 0x00000000ffe00000, 0x00000000ffe00000| Complete 
|  63|0x00000000fff00000, 0x0000000100000000, 0x0000000100000000|100%| E|CS|TAMS 0x00000000fff00000, 0x00000000fff00000| Complete 

Card table byte_map: [0x0000026f3d320000,0x0000026f3d340000] _byte_map_base: 0x0000026f3cb40000

Marking Bits (Prev, Next): (CMBitMap*) 0x0000026f3eb82340, (CMBitMap*) 0x0000026f3eb82380
 Prev Bits: [0x0000026f55f60000, 0x0000026f56060000)
 Next Bits: [0x0000026f56060000, 0x0000026f56160000)

Polling page: 0x0000026f3d2d0000

Metaspace:

Usage:
  Non-class:      8.74 MB used.
      Class:      1.30 MB used.
       Both:     10.03 MB used.

Virtual space:
  Non-class space:       64.00 MB reserved,       8.88 MB ( 14%) committed,  1 nodes.
      Class space:        1.00 GB reserved,       1.38 MB ( <1%) committed,  1 nodes.
             Both:        1.06 GB reserved,      10.25 MB ( <1%) committed. 

Chunk freelists:
   Non-Class:  6.22 MB
       Class:  14.44 MB
        Both:  20.66 MB

MaxMetaspaceSize: unlimited
CompressedClassSpaceSize: 1.00 GB
Initial GC threshold: 21.00 MB
Current GC threshold: 21.00 MB
CDS: on
MetaspaceReclaimPolicy: balanced
 - commit_granule_bytes: 65536.
 - commit_granule_words: 8192.
 - virtual_space_node_default_size: 8388608.
 - enlarge_chunks_in_place: 1.
 - new_chunks_are_fully_committed: 0.
 - uncommit_free_chunks: 1.
 - use_allocation_guard: 0.
 - handle_deallocations: 1.


Internal statistics:

num_allocs_failed_limit: 0.
num_arena_births: 90.
num_arena_deaths: 0.
num_vsnodes_births: 2.
num_vsnodes_deaths: 0.
num_space_committed: 164.
num_space_uncommitted: 0.
num_chunks_returned_to_freelist: 0.
num_chunks_taken_from_freelist: 376.
num_chunk_merges: 0.
num_chunk_splits: 252.
num_chunks_enlarged: 201.
num_inconsistent_stats: 0.

CodeHeap 'non-profiled nmethods': size=120000Kb used=934Kb max_used=934Kb free=119065Kb
 bounds [0x0000026f4dfd0000, 0x0000026f4e240000, 0x0000026f55500000]
CodeHeap 'profiled nmethods': size=120000Kb used=4180Kb max_used=4180Kb free=115819Kb
 bounds [0x0000026f46500000, 0x0000026f46920000, 0x0000026f4da30000]
CodeHeap 'non-nmethods': size=5760Kb used=1185Kb max_used=1207Kb free=4574Kb
 bounds [0x0000026f4da30000, 0x0000026f4dca0000, 0x0000026f4dfd0000]
 total_blobs=2638 nmethods=2151 adapters=400
 compilation: enabled
              stopped_count=0, restarted_count=0
 full_count=0

Compilation events (20 events):
Event: 413.105 Thread 0x0000026f58b22c10 nmethod 2161 0x0000026f4e0b6890 code [0x0000026f4e0b6ac0, 0x0000026f4e0b7410]
Event: 414.276 Thread 0x0000026f58b22c10 2162   !   4       net.rubygrapefruit.platform.internal.WindowsTerminal::getTerminalSize (84 bytes)
Event: 414.288 Thread 0x0000026f58b22c10 nmethod 2162 0x0000026f4e0b7e10 code [0x0000026f4e0b7fc0, 0x0000026f4e0b83e8]
Event: 419.369 Thread 0x0000026f58b22c10 2163       4       java.util.ArrayList::clear (43 bytes)
Event: 419.376 Thread 0x0000026f58b22c10 nmethod 2163 0x0000026f4e0b8610 code [0x0000026f4e0b8780, 0x0000026f4e0b88d8]
Event: 423.175 Thread 0x0000026f58b24620 2164       3       java.util.ArrayList::rangeCheckForAdd (26 bytes)
Event: 423.178 Thread 0x0000026f58b24620 nmethod 2164 0x0000026f46912810 code [0x0000026f46912a40, 0x0000026f469130e8]
Event: 424.871 Thread 0x0000026f58b22c10 2165       4       java.util.ArrayList::<init> (61 bytes)
Event: 424.885 Thread 0x0000026f58b22c10 nmethod 2165 0x0000026f4e0b8990 code [0x0000026f4e0b8b20, 0x0000026f4e0b8e58]
Event: 426.180 Thread 0x0000026f58b22c10 2166       4       java.lang.Integer::getChars (131 bytes)
Event: 426.191 Thread 0x0000026f58b22c10 nmethod 2166 0x0000026f4e0b8f10 code [0x0000026f4e0b90a0, 0x0000026f4e0b9358]
Event: 428.173 Thread 0x0000026f58b24620 2167       3       org.gradle.internal.logging.console.DefaultColorMap$CompositeColor::on (40 bytes)
Event: 428.174 Thread 0x0000026f58b24620 nmethod 2167 0x0000026f46913390 code [0x0000026f46913580, 0x0000026f46913b78]
Event: 428.174 Thread 0x0000026f58b24620 2169       3       org.gradle.internal.logging.console.DefaultColorMap$CompositeColor::off (43 bytes)
Event: 428.176 Thread 0x0000026f58b24620 nmethod 2169 0x0000026f46913d10 code [0x0000026f46913f00, 0x0000026f46914528]
Event: 428.176 Thread 0x0000026f58b24620 2168       3       org.gradle.internal.logging.console.DefaultColorMap$ForegroundColor::on (10 bytes)
Event: 428.181 Thread 0x0000026f58b24620 nmethod 2168 0x0000026f46914710 code [0x0000026f46914900, 0x0000026f46914f58]
Event: 434.674 Thread 0x0000026f58b22c10 2170       4       java.util.concurrent.TimeUnit::toMillis (69 bytes)
Event: 434.676 Thread 0x0000026f58b22c10 nmethod 2170 0x0000026f4e0b9590 code [0x0000026f4e0b9700, 0x0000026f4e0b97f8]
Event: 443.103 Thread 0x0000026f58b22c10 2171       4       org.gradle.internal.logging.sink.GroupingProgressLogEventGenerator::onUpdateNow (54 bytes)

GC Heap History (4 events):
Event: 3.586 GC heap before
{Heap before GC invocations=0 (full 0):
 garbage-first heap   total 65536K, used 22528K [0x00000000fc000000, 0x0000000100000000)
  region size 1024K, 23 young (23552K), 0 survivors (0K)
 Metaspace       used 1780K, committed 1920K, reserved 1114112K
  class space    used 160K, committed 192K, reserved 1048576K
}
Event: 3.599 GC heap after
{Heap after GC invocations=1 (full 0):
 garbage-first heap   total 65536K, used 1920K [0x00000000fc000000, 0x0000000100000000)
  region size 1024K, 2 young (2048K), 2 survivors (2048K)
 Metaspace       used 1780K, committed 1920K, reserved 1114112K
  class space    used 160K, committed 192K, reserved 1048576K
}
Event: 10.221 GC heap before
{Heap before GC invocations=1 (full 0):
 garbage-first heap   total 65536K, used 34688K [0x00000000fc000000, 0x0000000100000000)
  region size 1024K, 32 young (32768K), 2 survivors (2048K)
 Metaspace       used 7799K, committed 8000K, reserved 1114112K
  class space    used 1066K, committed 1152K, reserved 1048576K
}
Event: 10.238 GC heap after
{Heap after GC invocations=2 (full 0):
 garbage-first heap   total 65536K, used 11290K [0x00000000fc000000, 0x0000000100000000)
  region size 1024K, 4 young (4096K), 4 survivors (4096K)
 Metaspace       used 7799K, committed 8000K, reserved 1114112K
  class space    used 1066K, committed 1152K, reserved 1048576K
}

Deoptimization events (20 events):
Event: 46.511 Thread 0x0000026f3eb62740 DEOPT PACKING pc=0x0000026f4e07e8bc sp=0x000000cd83efbe30
Event: 46.512 Thread 0x0000026f3eb62740 DEOPT UNPACKING pc=0x0000026f4da823a3 sp=0x000000cd83efbdb0 mode 2
Event: 46.880 Thread 0x0000026f3eb62740 Uncommon trap: trap_request=0xffffffde fr.pc=0x0000026f4e078a28 relative=0x0000000000000828
Event: 46.880 Thread 0x0000026f3eb62740 Uncommon trap: reason=class_check action=maybe_recompile pc=0x0000026f4e078a28 method=java.util.HashMap.putVal(ILjava/lang/Object;Ljava/lang/Object;ZZ)Ljava/lang/Object; @ 203 c2
Event: 46.880 Thread 0x0000026f3eb62740 DEOPT PACKING pc=0x0000026f4e078a28 sp=0x000000cd83efa390
Event: 46.880 Thread 0x0000026f3eb62740 DEOPT UNPACKING pc=0x0000026f4da823a3 sp=0x000000cd83efa2b8 mode 2
Event: 46.883 Thread 0x0000026f3eb62740 Uncommon trap: trap_request=0xffffffde fr.pc=0x0000026f4e078a28 relative=0x0000000000000828
Event: 46.883 Thread 0x0000026f3eb62740 Uncommon trap: reason=class_check action=maybe_recompile pc=0x0000026f4e078a28 method=java.util.HashMap.putVal(ILjava/lang/Object;Ljava/lang/Object;ZZ)Ljava/lang/Object; @ 203 c2
Event: 46.883 Thread 0x0000026f3eb62740 DEOPT PACKING pc=0x0000026f4e078a28 sp=0x000000cd83efa390
Event: 46.883 Thread 0x0000026f3eb62740 DEOPT UNPACKING pc=0x0000026f4da823a3 sp=0x000000cd83efa2b8 mode 2
Event: 47.194 Thread 0x0000026f3eb62740 Uncommon trap: trap_request=0xffffff45 fr.pc=0x0000026f4dffe45c relative=0x000000000000017c
Event: 47.194 Thread 0x0000026f3eb62740 Uncommon trap: reason=unstable_if action=reinterpret pc=0x0000026f4dffe45c method=java.util.HashMap.putVal(ILjava/lang/Object;Ljava/lang/Object;ZZ)Ljava/lang/Object; @ 162 c2
Event: 47.194 Thread 0x0000026f3eb62740 DEOPT PACKING pc=0x0000026f4dffe45c sp=0x000000cd83efaf60
Event: 47.194 Thread 0x0000026f3eb62740 DEOPT UNPACKING pc=0x0000026f4da823a3 sp=0x000000cd83efaef0 mode 2
Event: 47.699 Thread 0x0000026f3eb62740 DEOPT PACKING pc=0x0000026f4679e608 sp=0x000000cd83efd130
Event: 47.699 Thread 0x0000026f3eb62740 DEOPT UNPACKING pc=0x0000026f4da82b43 sp=0x000000cd83efc638 mode 0
Event: 240.192 Thread 0x0000026f9f099710 Uncommon trap: trap_request=0xffffff45 fr.pc=0x0000026f4e0a5be4 relative=0x00000000000001a4
Event: 240.192 Thread 0x0000026f9f099710 Uncommon trap: reason=unstable_if action=reinterpret pc=0x0000026f4e0a5be4 method=org.gradle.internal.logging.console.DefaultRedrawableLabel.redraw(Lorg/gradle/internal/logging/console/AnsiContext;)V @ 95 c2
Event: 240.193 Thread 0x0000026f9f099710 DEOPT PACKING pc=0x0000026f4e0a5be4 sp=0x000000cd854fe990
Event: 240.194 Thread 0x0000026f9f099710 DEOPT UNPACKING pc=0x0000026f4da823a3 sp=0x000000cd854fe940 mode 2

Classes unloaded (0 events):
No events

Classes redefined (0 events):
No events

Internal exceptions (20 events):
Event: 7.187 Thread 0x0000026f3eb62740 Implicit null exception at 0x0000026f4e014306 to 0x0000026f4e0147e8
Event: 7.187 Thread 0x0000026f3eb62740 Implicit null exception at 0x0000026f4e00058f to 0x0000026f4e000609
Event: 7.268 Thread 0x0000026f3eb62740 Exception <a 'java/lang/NoClassDefFoundError'{0x00000000ff01a218}: org/slf4j/impl/StaticMarkerBinder> (0x00000000ff01a218) 
thrown [s\open\src\hotspot\share\classfile\systemDictionary.cpp, line 245]
Event: 7.496 Thread 0x0000026f3eb62740 Exception <a 'java/lang/NoSuchMethodError'{0x00000000fef3cfd0}: 'java.lang.Object java.lang.invoke.Invokers$Holder.invoker(java.lang.Object, java.lang.Object, java.lang.Object)'> (0x00000000fef3cfd0) 
thrown [s\open\src\hotspot\share\interpreter\linkResolver.cpp, line 759]
Event: 7.509 Thread 0x0000026f3eb62740 Exception <a 'java/lang/NoSuchMethodError'{0x00000000fef46128}: 'java.lang.Object java.lang.invoke.DirectMethodHandle$Holder.invokeStatic(java.lang.Object, java.lang.Object, int)'> (0x00000000fef46128) 
thrown [s\open\src\hotspot\share\interpreter\linkResolver.cpp, line 759]
Event: 7.523 Thread 0x0000026f3eb62740 Exception <a 'java/lang/NoSuchMethodError'{0x00000000fef51e18}: 'void java.lang.invoke.DelegatingMethodHandle$Holder.delegate(java.lang.Object, java.lang.Object, int, java.lang.Object)'> (0x00000000fef51e18) 
thrown [s\open\src\hotspot\share\interpreter\linkResolver.cpp, line 759]
Event: 7.537 Thread 0x0000026f3eb62740 Exception <a 'java/lang/NoSuchMethodError'{0x00000000fef65460}: 'java.lang.Object java.lang.invoke.Invokers$Holder.invokeExact_MT(java.lang.Object, java.lang.Object, java.lang.Object, java.lang.Object)'> (0x00000000fef65460) 
thrown [s\open\src\hotspot\share\interpreter\linkResolver.cpp, line 759]
Event: 7.549 Thread 0x0000026f3eb62740 Exception <a 'java/lang/NoSuchMethodError'{0x00000000fef87cc8}: 'java.lang.Object java.lang.invoke.DirectMethodHandle$Holder.invokeVirtual(java.lang.Object, java.lang.Object, java.lang.Object)'> (0x00000000fef87cc8) 
thrown [s\open\src\hotspot\share\interpreter\linkResolver.cpp, line 759]
Event: 8.066 Thread 0x0000026f3eb62740 Exception <a 'java/lang/NoSuchMethodError'{0x00000000febb2838}: 'java.lang.Object java.lang.invoke.DirectMethodHandle$Holder.newInvokeSpecial(java.lang.Object, java.lang.Object, java.lang.Object, java.lang.Object, java.lang.Object)'> (0x00000000febb2838) 
thrown [s\open\src\hotspot\share\interpreter\linkResolver.cpp, line 759]
Event: 8.168 Thread 0x0000026f3eb62740 Exception <a 'java/lang/NoSuchMethodError'{0x00000000fe955b70}: 'void java.lang.invoke.DirectMethodHandle$Holder.invokeSpecial(java.lang.Object, java.lang.Object, java.lang.Object)'> (0x00000000fe955b70) 
thrown [s\open\src\hotspot\share\interpreter\linkResolver.cpp, line 759]
Event: 9.190 Thread 0x0000026f3eb62740 Exception <a 'java/lang/NoSuchMethodError'{0x00000000fe568780}: 'void java.lang.invoke.DirectMethodHandle$Holder.invokeStatic(java.lang.Object, java.lang.Object, java.lang.Object)'> (0x00000000fe568780) 
thrown [s\open\src\hotspot\share\interpreter\linkResolver.cpp, line 759]
Event: 9.458 Thread 0x0000026f3eb62740 Exception <a 'java/lang/NoSuchMethodError'{0x00000000fe204618}: 'java.lang.Object java.lang.invoke.DirectMethodHandle$Holder.newInvokeSpecial(java.lang.Object, java.lang.Object, java.lang.Object, java.lang.Object, java.lang.Object, java.lang.Object, java.lang.Object, java.lang.Object, java.lang.Object, java.lang.Object, java.lang.Object, java.lang.Object, java.lang.Object, java.lang.Object, java.lang.Object, java.lang.Object, java.lang.Object, java.lang.Object, java.lang.Object, java.lang.Object, java.lang
Event: 9.467 Thread 0x0000026f3eb62740 Exception <a 'java/lang/NoSuchMethodError'{0x00000000fe210c20}: 'java.lang.Object java.lang.invoke.Invokers$Holder.linkToTargetMethod(java.lang.Object, java.lang.Object, java.lang.Object, java.lang.Object, java.lang.Object, java.lang.Object, java.lang.Object, java.lang.Object, java.lang.Object, java.lang.Object, java.lang.Object, java.lang.Object, java.lang.Object, java.lang.Object, java.lang.Object, java.lang.Object, java.lang.Object, java.lang.Object, java.lang.Object, java.lang.Object, java.lang.Object,
Event: 9.751 Thread 0x0000026f3eb62740 Exception <a 'java/lang/NoSuchMethodError'{0x00000000fe077978}: 'java.lang.Object java.lang.invoke.DirectMethodHandle$Holder.invokeStaticInit(java.lang.Object, int, int, int, int)'> (0x00000000fe077978) 
thrown [s\open\src\hotspot\share\interpreter\linkResolver.cpp, line 759]
Event: 10.119 Thread 0x0000026f3eb62740 Exception <a 'java/lang/NoSuchMethodError'{0x00000000fe0a4568}: 'java.lang.Object java.lang.invoke.DirectMethodHandle$Holder.invokeStaticInit(java.lang.Object, java.lang.Object, int, int, int, int)'> (0x00000000fe0a4568) 
thrown [s\open\src\hotspot\share\interpreter\linkResolver.cpp, line 759]
Event: 13.384 Thread 0x0000026f9eca5c20 Exception <a 'java/lang/NoSuchMethodError'{0x00000000ff70e058}: 'void java.lang.invoke.DirectMethodHandle$Holder.invokeStatic(java.lang.Object, long)'> (0x00000000ff70e058) 
thrown [s\open\src\hotspot\share\interpreter\linkResolver.cpp, line 759]
Event: 13.387 Thread 0x0000026f9eca5c20 Exception <a 'java/lang/NoSuchMethodError'{0x00000000ff7139b0}: 'java.lang.Object java.lang.invoke.DirectMethodHandle$Holder.newInvokeSpecial(java.lang.Object, long)'> (0x00000000ff7139b0) 
thrown [s\open\src\hotspot\share\interpreter\linkResolver.cpp, line 759]
Event: 13.399 Thread 0x0000026f9eca5c20 Exception <a 'java/lang/NoSuchMethodError'{0x00000000ff71e5d8}: 'java.lang.Object java.lang.invoke.DirectMethodHandle$Holder.invokeStaticInit(java.lang.Object, java.lang.Object, long, java.lang.Object)'> (0x00000000ff71e5d8) 
thrown [s\open\src\hotspot\share\interpreter\linkResolver.cpp, line 759]
Event: 13.412 Thread 0x0000026f9eca5c20 Exception <a 'java/lang/NoSuchMethodError'{0x00000000ff724c60}: 'java.lang.Object java.lang.invoke.DirectMethodHandle$Holder.newInvokeSpecial(java.lang.Object, java.lang.Object, long)'> (0x00000000ff724c60) 
thrown [s\open\src\hotspot\share\interpreter\linkResolver.cpp, line 759]
Event: 13.414 Thread 0x0000026f9eca5c20 Exception <a 'java/lang/NoSuchMethodError'{0x00000000ff728f50}: 'java.lang.Object java.lang.invoke.Invokers$Holder.linkToTargetMethod(java.lang.Object, long, java.lang.Object)'> (0x00000000ff728f50) 
thrown [s\open\src\hotspot\share\interpreter\linkResolver.cpp, line 759]

VM Operations (20 events):
Event: 249.705 Executing VM operation: Cleanup
Event: 249.705 Executing VM operation: Cleanup done
Event: 256.789 Executing VM operation: Cleanup
Event: 256.789 Executing VM operation: Cleanup done
Event: 293.180 Executing VM operation: Cleanup
Event: 293.180 Executing VM operation: Cleanup done
Event: 298.237 Executing VM operation: Cleanup
Event: 298.238 Executing VM operation: Cleanup done
Event: 300.262 Executing VM operation: Cleanup
Event: 300.262 Executing VM operation: Cleanup done
Event: 303.288 Executing VM operation: Cleanup
Event: 303.288 Executing VM operation: Cleanup done
Event: 399.212 Executing VM operation: Cleanup
Event: 399.213 Executing VM operation: Cleanup done
Event: 413.336 Executing VM operation: Cleanup
Event: 413.339 Executing VM operation: Cleanup done
Event: 420.390 Executing VM operation: Cleanup
Event: 420.390 Executing VM operation: Cleanup done
Event: 429.495 Executing VM operation: Cleanup
Event: 429.495 Executing VM operation: Cleanup done

Events (20 events):
Event: 47.334 loading class java/nio/channels/Pipe$SourceChannel done
Event: 47.334 loading class sun/nio/ch/SourceChannelImpl done
Event: 47.334 loading class sun/nio/ch/SinkChannelImpl
Event: 47.334 loading class java/nio/channels/Pipe$SinkChannel
Event: 47.335 loading class java/nio/channels/Pipe$SinkChannel done
Event: 47.335 loading class sun/nio/ch/SinkChannelImpl done
Event: 47.341 loading class sun/nio/ch/SelectionKeyImpl
Event: 47.342 loading class java/nio/channels/spi/AbstractSelectionKey
Event: 47.342 loading class java/nio/channels/SelectionKey
Event: 47.342 loading class java/nio/channels/SelectionKey done
Event: 47.342 loading class java/nio/channels/spi/AbstractSelectionKey done
Event: 47.342 loading class sun/nio/ch/SelectionKeyImpl done
Event: 47.342 loading class java/lang/invoke/ConstantBootstraps
Event: 47.343 loading class java/lang/invoke/ConstantBootstraps done
Event: 47.487 loading class java/nio/channels/spi/AbstractSelector$1
Event: 47.487 loading class java/nio/channels/spi/AbstractSelector$1 done
Event: 47.705 loading class java/util/concurrent/Executors$FinalizableDelegatedExecutorService
Event: 47.706 loading class java/util/concurrent/Executors$FinalizableDelegatedExecutorService done
Event: 172.952 loading class java/util/ArrayList$ListItr
Event: 172.955 loading class java/util/ArrayList$ListItr done


Dynamic libraries:
0x00007ff6c9720000 - 0x00007ff6c9730000 	C:\Program Files\Java\jdk-17\bin\java.exe
0x00007fff4ae60000 - 0x00007fff4b0c8000 	C:\WINDOWS\SYSTEM32\ntdll.dll
0x00007fff49960000 - 0x00007fff49a29000 	C:\WINDOWS\System32\KERNEL32.DLL
0x00007fff485e0000 - 0x00007fff489d2000 	C:\WINDOWS\System32\KERNELBASE.dll
0x00007fff482d0000 - 0x00007fff4841b000 	C:\WINDOWS\System32\ucrtbase.dll
0x00007fff1dcf0000 - 0x00007fff1dd0b000 	C:\Program Files\Java\jdk-17\bin\VCRUNTIME140.dll
0x00007fff23cf0000 - 0x00007fff23d09000 	C:\Program Files\Java\jdk-17\bin\jli.dll
0x00007fff496a0000 - 0x00007fff49754000 	C:\WINDOWS\System32\ADVAPI32.dll
0x00007fff498b0000 - 0x00007fff49959000 	C:\WINDOWS\System32\msvcrt.dll
0x00007fff49ab0000 - 0x00007fff49b56000 	C:\WINDOWS\System32\sechost.dll
0x00007fff491b0000 - 0x00007fff492c8000 	C:\WINDOWS\System32\RPCRT4.dll
0x00007fff48d30000 - 0x00007fff48ef5000 	C:\WINDOWS\System32\USER32.dll
0x00007fff48a80000 - 0x00007fff48aa7000 	C:\WINDOWS\System32\win32u.dll
0x00007fff492f0000 - 0x00007fff4931b000 	C:\WINDOWS\System32\GDI32.dll
0x00007fff36990000 - 0x00007fff36c23000 	C:\WINDOWS\WinSxS\amd64_microsoft.windows.common-controls_6595b64144ccf1df_6.0.26100.6899_none_3e0efeeae32e88c1\COMCTL32.dll
0x00007fff484b0000 - 0x00007fff485dd000 	C:\WINDOWS\System32\gdi32full.dll
0x00007fff48160000 - 0x00007fff48203000 	C:\WINDOWS\System32\msvcp_win.dll
0x00007fff40c20000 - 0x00007fff40c2b000 	C:\WINDOWS\SYSTEM32\VERSION.dll
0x00007fff48f00000 - 0x00007fff48f2f000 	C:\WINDOWS\System32\IMM32.DLL
0x00007fff251e0000 - 0x00007fff251ec000 	C:\Program Files\Java\jdk-17\bin\vcruntime140_1.dll
0x00007ffee40a0000 - 0x00007ffee412e000 	C:\Program Files\Java\jdk-17\bin\msvcp140.dll
0x00007ffe6db20000 - 0x00007ffe6e700000 	C:\Program Files\Java\jdk-17\bin\server\jvm.dll
0x00007fff4ad50000 - 0x00007fff4ad58000 	C:\WINDOWS\System32\PSAPI.DLL
0x00007fff402a0000 - 0x00007fff402aa000 	C:\WINDOWS\SYSTEM32\WSOCK32.dll
0x00007fff40be0000 - 0x00007fff40c15000 	C:\WINDOWS\SYSTEM32\WINMM.dll
0x00007fff48f40000 - 0x00007fff48fb4000 	C:\WINDOWS\System32\WS2_32.dll
0x00007fff46d80000 - 0x00007fff46d9b000 	C:\WINDOWS\SYSTEM32\kernel.appcore.dll
0x00007fff24e10000 - 0x00007fff24e1a000 	C:\Program Files\Java\jdk-17\bin\jimage.dll
0x00007fff3ba10000 - 0x00007fff3bc52000 	C:\WINDOWS\SYSTEM32\DBGHELP.DLL
0x00007fff4a9c0000 - 0x00007fff4ad3b000 	C:\WINDOWS\System32\combase.dll
0x00007fff49ff0000 - 0x00007fff4a0c7000 	C:\WINDOWS\System32\OLEAUT32.dll
0x00007fff362b0000 - 0x00007fff362ec000 	C:\WINDOWS\SYSTEM32\dbgcore.DLL
0x00007fff489e0000 - 0x00007fff48a78000 	C:\WINDOWS\System32\bcryptPrimitives.dll
0x00007fff1cdd0000 - 0x00007fff1cdf5000 	C:\Program Files\Java\jdk-17\bin\java.dll
0x00007ffee3980000 - 0x00007ffee3a57000 	C:\Program Files\Java\jdk-17\bin\jsvml.dll
0x00007fff4a270000 - 0x00007fff4a9bd000 	C:\WINDOWS\System32\SHELL32.dll
0x00007fff47ff0000 - 0x00007fff4815b000 	C:\WINDOWS\System32\wintypes.dll
0x00007fff45c20000 - 0x00007fff4647d000 	C:\WINDOWS\SYSTEM32\windows.storage.dll
0x00007fff48c30000 - 0x00007fff48d22000 	C:\WINDOWS\System32\SHCORE.dll
0x00007fff493e0000 - 0x00007fff49442000 	C:\WINDOWS\System32\shlwapi.dll
0x00007fff47f10000 - 0x00007fff47f39000 	C:\WINDOWS\SYSTEM32\profapi.dll
0x00007fff1ce40000 - 0x00007fff1ce59000 	C:\Program Files\Java\jdk-17\bin\net.dll
0x00007fff3d620000 - 0x00007fff3d73f000 	C:\WINDOWS\SYSTEM32\WINHTTP.dll
0x00007fff472d0000 - 0x00007fff4733b000 	C:\WINDOWS\system32\mswsock.dll
0x00007fff1c660000 - 0x00007fff1c676000 	C:\Program Files\Java\jdk-17\bin\nio.dll
0x00007fff19780000 - 0x00007fff19798000 	C:\Program Files\Java\jdk-17\bin\zip.dll
0x00007fff24900000 - 0x00007fff24910000 	C:\Program Files\Java\jdk-17\bin\verify.dll
0x00007fff23ce0000 - 0x00007fff23cea000 	C:\Program Files\Java\jdk-17\bin\management.dll
0x00007fff23aa0000 - 0x00007fff23aab000 	C:\Program Files\Java\jdk-17\bin\management_ext.dll
0x00007fff18440000 - 0x00007fff18467000 	C:\Users\juane\.gradle\native\1def1411415f61bf3af743bc5b6707747c0891f09f0c88961ee8f79bc544acac\windows-amd64\native-platform.dll
0x00007fff22d30000 - 0x00007fff22d3a000 	C:\Users\juane\.gradle\native\jansi\1.18\windows64\jansi.dll
0x00007fff46780000 - 0x00007fff467b4000 	C:\WINDOWS\SYSTEM32\IPHLPAPI.DLL
0x00007fff49690000 - 0x00007fff4969a000 	C:\WINDOWS\System32\NSI.dll
0x00007fff3d810000 - 0x00007fff3d82e000 	C:\WINDOWS\SYSTEM32\dhcpcsvc6.DLL
0x00007fff3d790000 - 0x00007fff3d7b3000 	C:\WINDOWS\SYSTEM32\dhcpcsvc.DLL
0x00007fff46870000 - 0x00007fff46996000 	C:\WINDOWS\SYSTEM32\DNSAPI.dll
0x00007fff476b0000 - 0x00007fff476cb000 	C:\WINDOWS\SYSTEM32\CRYPTSP.dll
0x00007fff46ce0000 - 0x00007fff46d1b000 	C:\WINDOWS\system32\rsaenh.dll
0x00007fff47370000 - 0x00007fff4739b000 	C:\WINDOWS\SYSTEM32\USERENV.dll
0x00007fff47ee0000 - 0x00007fff47f06000 	C:\WINDOWS\SYSTEM32\bcrypt.dll
0x00007fff47510000 - 0x00007fff4751c000 	C:\WINDOWS\SYSTEM32\CRYPTBASE.dll
0x00007fff406a0000 - 0x00007fff406ae000 	C:\Program Files\Java\jdk-17\bin\sunmscapi.dll
0x00007fff48ab0000 - 0x00007fff48c27000 	C:\WINDOWS\System32\CRYPT32.dll
0x00007fff47800000 - 0x00007fff47830000 	C:\WINDOWS\SYSTEM32\ncrypt.dll
0x00007fff477b0000 - 0x00007fff477ef000 	C:\WINDOWS\SYSTEM32\NTASN1.dll
0x00007ffebde40000 - 0x00007ffebde48000 	C:\WINDOWS\system32\wshunix.dll

dbghelp: loaded successfully - version: 4.0.5 - missing functions: none
symbol engine: initialized successfully - sym options: 0x614 - pdb path: .;C:\Program Files\Java\jdk-17\bin;C:\WINDOWS\SYSTEM32;C:\WINDOWS\WinSxS\amd64_microsoft.windows.common-controls_6595b64144ccf1df_6.0.26100.6899_none_3e0efeeae32e88c1;C:\Program Files\Java\jdk-17\bin\server;C:\Users\juane\.gradle\native\1def1411415f61bf3af743bc5b6707747c0891f09f0c88961ee8f79bc544acac\windows-amd64;C:\Users\juane\.gradle\native\jansi\1.18\windows64

VM Arguments:
jvm_args: -Xmx64m -Xms64m -Dorg.gradle.appname=gradlew 
java_command: org.gradle.wrapper.GradleWrapperMain :ms-auth:bootRun
java_class_path (initial): J:\GEMS\gems-lms-api\\gradle\wrapper\gradle-wrapper.jar
Launcher Type: SUN_STANDARD

[Global flags]
     intx CICompilerCount                          = 4                                         {product} {ergonomic}
     uint ConcGCThreads                            = 2                                         {product} {ergonomic}
     uint G1ConcRefinementThreads                  = 8                                         {product} {ergonomic}
   size_t G1HeapRegionSize                         = 1048576                                   {product} {ergonomic}
    uintx GCDrainStackTargetSize                   = 64                                        {product} {ergonomic}
   size_t InitialHeapSize                          = 67108864                                  {product} {command line}
   size_t MarkStackSize                            = 4194304                                   {product} {ergonomic}
   size_t MaxHeapSize                              = 67108864                                  {product} {command line}
   size_t MaxNewSize                               = 39845888                                  {product} {ergonomic}
   size_t MinHeapDeltaBytes                        = 1048576                                   {product} {ergonomic}
   size_t MinHeapSize                              = 67108864                                  {product} {command line}
    uintx NonNMethodCodeHeapSize                   = 5839372                                {pd product} {ergonomic}
    uintx NonProfiledCodeHeapSize                  = 122909434                              {pd product} {ergonomic}
    uintx ProfiledCodeHeapSize                     = 122909434                              {pd product} {ergonomic}
    uintx ReservedCodeCacheSize                    = 251658240                              {pd product} {ergonomic}
     bool SegmentedCodeCache                       = true                                      {product} {ergonomic}
   size_t SoftMaxHeapSize                          = 67108864                               {manageable} {ergonomic}
     bool UseCompressedClassPointers               = true                           {product lp64_product} {ergonomic}
     bool UseCompressedOops                        = true                           {product lp64_product} {ergonomic}
     bool UseG1GC                                  = true                                      {product} {ergonomic}
     bool UseLargePagesIndividualAllocation        = false                                  {pd product} {ergonomic}

Logging:
Log output configuration:
 #0: stdout all=warning uptime,level,tags
 #1: stderr all=off uptime,level,tags

Environment Variables:
JAVA_HOME=C:\Program Files\Java\jdk-17
CLASSPATH=J:\GEMS\gems-lms-api\\gradle\wrapper\gradle-wrapper.jar
PATH=C:\Program Files\Java\jdk-17\bin;C:\Program Files\Common Files\Oracle\Java\javapath;C:\ProgramData\Oracle\Java\javapath;C:\WINDOWS\system32;C:\WINDOWS;C:\WINDOWS\System32\Wbem;C:\WINDOWS\System32\WindowsPowerShell\v1.0\;C:\WINDOWS\System32\OpenSSH\;C:\Program Files\Azure Data Studio\bin;C:\Program Files\Git\cmd;C:\Program Files\dotnet\;C:\Program Files (x86)\Microsoft SQL Server\160\Tools\Binn\;C:\Program Files\Microsoft SQL Server\160\Tools\Binn\;C:\Program Files\Microsoft SQL Server\Client SDK\ODBC\170\Tools\Binn\;C:\Program Files\Microsoft SQL Server\160\DTS\Binn\;C:\Program Files\Microsoft SQL Server\150\Tools\Binn\;C:\Program Files\nodejs\;C:\Users\juane\AppData\Local\Microsoft\WindowsApps;C:\Program Files\Java\jdk-19\bin;;C:\Program Files\JetBrains\IntelliJ IDEA 2022.3.2\bin;;C:\Program Files\Azure Data Studio\bin;C:\Users\juane\.dotnet\tools;C:\Users\juane\AppData\Local\Programs\Microsoft VS Code\bin;C:\Users\juane\AppData\Roaming\npm
USERNAME=juane
OS=Windows_NT
PROCESSOR_IDENTIFIER=AMD64 Family 23 Model 24 Stepping 1, AuthenticAMD



---------------  S Y S T E M  ---------------

OS:
 Windows 11 , 64 bit Build 26100 (10.0.26100.6725)
OS uptime: 2 days 20:20 hours
Hyper-V role detected

CPU: total 8 (initial active 8) (8 cores per cpu, 2 threads per core) family 23 model 24 stepping 1 microcode 0x810810e, cx8, cmov, fxsr, ht, mmx, 3dnowpref, sse, sse2, sse3, ssse3, sse4a, sse4.1, sse4.2, popcnt, lzcnt, tsc, tscinvbit, avx, avx2, aes, clmul, bmi1, bmi2, adx, sha, fma, vzeroupper, clflush, clflushopt, hv

Memory: 4k page, system-wide physical 6030M (555M free)
TotalPageFile size 24462M (AvailPageFile size 0M)
current process WorkingSet (physical memory assigned to process): 18M, peak: 108M
current process commit charge ("private bytes"): 168M, peak: 171M

vm_info: Java HotSpot(TM) 64-Bit Server VM (17.0.12+8-LTS-286) for windows-amd64 JRE (17.0.12+8-LTS-286), built on Jun  5 2024 06:46:59 by "mach5one" with MS VC++ 17.6 (VS2022)

END.
