#
# There is insufficient memory for the Java Runtime Environment to continue.
# Native memory allocation (malloc) failed to allocate 44928 bytes for Chunk::new
# Possible reasons:
#   The system is out of physical RAM or swap space
#   The process is running with CompressedOops enabled, and the Java Heap may be blocking the growth of the native heap
# Possible solutions:
#   Reduce memory load on the system
#   Increase physical memory or swap space
#   Check if swap backing store is full
#   Decrease Java heap size (-Xmx/-Xms)
#   Decrease number of Java threads
#   Decrease Java thread stack sizes (-Xss)
#   Set larger code cache with -XX:ReservedCodeCacheSize=
#   JVM is running with Unscaled Compressed Oops mode in which the Java heap is
#     placed in the first 4GB address space. The Java Heap base address is the
#     maximum limit for the native heap growth. Please use -XX:HeapBaseMinAddress
#     to set the Java Heap base and to place the Java Heap above 4GB virtual address.
# This output file may be truncated or incomplete.
#
#  Out of Memory Error (arena.cpp:189), pid=8872, tid=23640
#
# JRE version: Java(TM) SE Runtime Environment (17.0.12+8) (build 17.0.12+8-LTS-286)
# Java VM: Java HotSpot(TM) 64-Bit Server VM (17.0.12+8-LTS-286, mixed mode, sharing, tiered, compressed oops, compressed class ptrs, g1 gc, windows-amd64)
# No core dump will be written. Minidumps are not enabled by default on client versions of Windows
#

---------------  S U M M A R Y ------------

Command Line: -Xmx64m -Xms64m -Dorg.gradle.appname=gradlew org.gradle.wrapper.GradleWrapperMain :ms-education:bootRun

Host: AMD Ryzen 5 3450U with Radeon Vega Mobile Gfx  , 8 cores, 5G,  Windows 11 , 64 bit Build 26100 (10.0.26100.7019)
Time: Wed Nov 26 20:54:22 2025 Hora est. Pacífico, Sudamérica elapsed time: 576.096715 seconds (0d 0h 9m 36s)

---------------  T H R E A D  ---------------

Current thread (0x000001d17228cb50):  JavaThread "C2 CompilerThread0" daemon [_thread_in_native, id=23640, stack(0x0000003417900000,0x0000003417a00000)]


Current CompileTask:
C2: 576097 2186       4       org.gradle.internal.logging.console.BuildStatusRenderer::onOutput (350 bytes)

Stack: [0x0000003417900000,0x0000003417a00000]
Native frames: (J=compiled Java code, j=interpreted, Vv=VM code, C=native code)
V  [jvm.dll+0x67a04a]
V  [jvm.dll+0x7da4ed]
V  [jvm.dll+0x7dbe33]
V  [jvm.dll+0x7dc4a3]
V  [jvm.dll+0x24508f]
V  [jvm.dll+0xab773]
V  [jvm.dll+0xabd3c]
V  [jvm.dll+0x2aaa5c]
V  [jvm.dll+0x581eb9]
V  [jvm.dll+0x21f422]
V  [jvm.dll+0x21f81f]
V  [jvm.dll+0x218aa0]
V  [jvm.dll+0x215b65]
V  [jvm.dll+0x1a2960]
V  [jvm.dll+0x22610b]
V  [jvm.dll+0x2242ab]
V  [jvm.dll+0x79075c]
V  [jvm.dll+0x78abea]
V  [jvm.dll+0x678f35]
C  [ucrtbase.dll+0x37b0]
C  [KERNEL32.DLL+0x2e8d7]
C  [ntdll.dll+0x8c53c]


---------------  P R O C E S S  ---------------

Threads class SMR info:
_java_thread_list=0x000001d15410f680, length=13, elements={
0x000001d1721bf3f0, 0x000001d17226b8d0, 0x000001d17226d000, 0x000001d172282570,
0x000001d172287f60, 0x000001d172289490, 0x000001d172289e50, 0x000001d17228cb50,
0x000001d17e928c20, 0x000001d17228d550, 0x000001d17e9866d0, 0x000001d17eb507e0,
0x000001d1540e4ac0
}

Java Threads: ( => current thread )
  0x000001d1721bf3f0 JavaThread "main" [_thread_in_native, id=22668, stack(0x0000003416c00000,0x0000003416d00000)]
  0x000001d17226b8d0 JavaThread "Reference Handler" daemon [_thread_blocked, id=18184, stack(0x0000003417300000,0x0000003417400000)]
  0x000001d17226d000 JavaThread "Finalizer" daemon [_thread_blocked, id=18688, stack(0x0000003417400000,0x0000003417500000)]
  0x000001d172282570 JavaThread "Signal Dispatcher" daemon [_thread_blocked, id=10840, stack(0x0000003417500000,0x0000003417600000)]
  0x000001d172287f60 JavaThread "Attach Listener" daemon [_thread_blocked, id=16904, stack(0x0000003417600000,0x0000003417700000)]
  0x000001d172289490 JavaThread "Service Thread" daemon [_thread_blocked, id=22856, stack(0x0000003417700000,0x0000003417800000)]
  0x000001d172289e50 JavaThread "Monitor Deflation Thread" daemon [_thread_blocked, id=21732, stack(0x0000003417800000,0x0000003417900000)]
=>0x000001d17228cb50 JavaThread "C2 CompilerThread0" daemon [_thread_in_native, id=23640, stack(0x0000003417900000,0x0000003417a00000)]
  0x000001d17e928c20 JavaThread "C1 CompilerThread0" daemon [_thread_blocked, id=21704, stack(0x0000003417a00000,0x0000003417b00000)]
  0x000001d17228d550 JavaThread "Sweeper thread" daemon [_thread_blocked, id=1252, stack(0x0000003417b00000,0x0000003417c00000)]
  0x000001d17e9866d0 JavaThread "Notification Thread" daemon [_thread_blocked, id=17468, stack(0x0000003417c00000,0x0000003417d00000)]
  0x000001d17eb507e0 JavaThread "Common-Cleaner" daemon [_thread_blocked, id=24352, stack(0x0000003417e00000,0x0000003417f00000)]
  0x000001d1540e4ac0 JavaThread "pool-1-thread-1" [_thread_blocked, id=23184, stack(0x0000003418300000,0x0000003418400000)]

Other Threads:
  0x000001d172264b10 VMThread "VM Thread" [stack: 0x0000003417200000,0x0000003417300000] [id=22152]
  0x000001d17e9877b0 WatcherThread [stack: 0x0000003417d00000,0x0000003417e00000] [id=22636]
  0x000001d1721e0e40 GCTaskThread "GC Thread#0" [stack: 0x0000003416d00000,0x0000003416e00000] [id=13440]
  0x000001d17ed86020 GCTaskThread "GC Thread#1" [stack: 0x0000003417f00000,0x0000003418000000] [id=17588]
  0x000001d17eec8440 GCTaskThread "GC Thread#2" [stack: 0x0000003418000000,0x0000003418100000] [id=22576]
  0x000001d17eec8700 GCTaskThread "GC Thread#3" [stack: 0x0000003418100000,0x0000003418200000] [id=24688]
  0x000001d1541d68b0 GCTaskThread "GC Thread#4" [stack: 0x0000003418200000,0x0000003418300000] [id=25924]
  0x000001d1541de9a0 GCTaskThread "GC Thread#5" [stack: 0x0000003418400000,0x0000003418500000] [id=4384]
  0x000001d1543a9850 GCTaskThread "GC Thread#6" [stack: 0x0000003418500000,0x0000003418600000] [id=15064]
  0x000001d1721e2590 ConcurrentGCThread "G1 Main Marker" [stack: 0x0000003416e00000,0x0000003416f00000] [id=17460]
  0x000001d1721e4940 ConcurrentGCThread "G1 Conc#0" [stack: 0x0000003416f00000,0x0000003417000000] [id=25092]
  0x000001d172244a40 ConcurrentGCThread "G1 Refine#0" [stack: 0x0000003417000000,0x0000003417100000] [id=21880]
  0x000001d17f727960 ConcurrentGCThread "G1 Refine#1" [stack: 0x0000003418600000,0x0000003418700000] [id=14976]
  0x000001d172246480 ConcurrentGCThread "G1 Service" [stack: 0x0000003417100000,0x0000003417200000] [id=5772]

Threads with active compile tasks:
C2 CompilerThread0   576171 2186       4       org.gradle.internal.logging.console.BuildStatusRenderer::onOutput (350 bytes)

VM state: not at safepoint (normal execution)

VM Mutex/Monitor currently owned by a thread: None

Heap address: 0x00000000fc000000, size: 64 MB, Compressed Oops mode: 32-bit

CDS archive(s) mapped at: [0x000001d10f000000-0x000001d10fbd0000-0x000001d10fbd0000), size 12386304, SharedBaseAddress: 0x000001d10f000000, ArchiveRelocationMode: 1.
Compressed class space mapped at: 0x000001d110000000-0x000001d150000000, reserved size: 1073741824
Narrow klass base: 0x000001d10f000000, Narrow klass shift: 0, Narrow klass range: 0x100000000

GC Precious Log:
 CPUs: 8 total, 8 available
 Memory: 6030M
 Large Page Support: Disabled
 NUMA Support: Disabled
 Compressed Oops: Enabled (32-bit)
 Heap Region Size: 1M
 Heap Min Capacity: 64M
 Heap Initial Capacity: 64M
 Heap Max Capacity: 64M
 Pre-touch: Disabled
 Parallel Workers: 8
 Concurrent Workers: 2
 Concurrent Refinement Workers: 8
 Periodic GC: Disabled

Heap:
 garbage-first heap   total 65536K, used 31677K [0x00000000fc000000, 0x0000000100000000)
  region size 1024K, 25 young (25600K), 4 survivors (4096K)
 Metaspace       used 10479K, committed 10688K, reserved 1114112K
  class space    used 1344K, committed 1408K, reserved 1048576K

Heap Regions: E=young(eden), S=young(survivor), O=old, HS=humongous(starts), HC=humongous(continues), CS=collection set, F=free, OA=open archive, CA=closed archive, TAMS=top-at-mark-start (previous, next)
|   0|0x00000000fc000000, 0x00000000fc100000, 0x00000000fc100000|100%|HS|  |TAMS 0x00000000fc000000, 0x00000000fc000000| Complete 
|   1|0x00000000fc100000, 0x00000000fc200000, 0x00000000fc200000|100%|HC|  |TAMS 0x00000000fc100000, 0x00000000fc100000| Complete 
|   2|0x00000000fc200000, 0x00000000fc300000, 0x00000000fc300000|100%|HC|  |TAMS 0x00000000fc200000, 0x00000000fc200000| Complete 
|   3|0x00000000fc300000, 0x00000000fc400000, 0x00000000fc400000|100%| O|  |TAMS 0x00000000fc300000, 0x00000000fc300000| Untracked 
|   4|0x00000000fc400000, 0x00000000fc500000, 0x00000000fc500000|100%| O|  |TAMS 0x00000000fc400000, 0x00000000fc400000| Untracked 
|   5|0x00000000fc500000, 0x00000000fc600000, 0x00000000fc600000|100%| O|  |TAMS 0x00000000fc500000, 0x00000000fc500000| Untracked 
|   6|0x00000000fc600000, 0x00000000fc6ef400, 0x00000000fc700000| 93%| O|  |TAMS 0x00000000fc600000, 0x00000000fc600000| Untracked 
|   7|0x00000000fc700000, 0x00000000fc700000, 0x00000000fc800000|  0%| F|  |TAMS 0x00000000fc700000, 0x00000000fc700000| Untracked 
|   8|0x00000000fc800000, 0x00000000fc800000, 0x00000000fc900000|  0%| F|  |TAMS 0x00000000fc800000, 0x00000000fc800000| Untracked 
|   9|0x00000000fc900000, 0x00000000fc900000, 0x00000000fca00000|  0%| F|  |TAMS 0x00000000fc900000, 0x00000000fc900000| Untracked 
|  10|0x00000000fca00000, 0x00000000fca00000, 0x00000000fcb00000|  0%| F|  |TAMS 0x00000000fca00000, 0x00000000fca00000| Untracked 
|  11|0x00000000fcb00000, 0x00000000fcb00000, 0x00000000fcc00000|  0%| F|  |TAMS 0x00000000fcb00000, 0x00000000fcb00000| Untracked 
|  12|0x00000000fcc00000, 0x00000000fcc00000, 0x00000000fcd00000|  0%| F|  |TAMS 0x00000000fcc00000, 0x00000000fcc00000| Untracked 
|  13|0x00000000fcd00000, 0x00000000fcd00000, 0x00000000fce00000|  0%| F|  |TAMS 0x00000000fcd00000, 0x00000000fcd00000| Untracked 
|  14|0x00000000fce00000, 0x00000000fce00000, 0x00000000fcf00000|  0%| F|  |TAMS 0x00000000fce00000, 0x00000000fce00000| Untracked 
|  15|0x00000000fcf00000, 0x00000000fcf00000, 0x00000000fd000000|  0%| F|  |TAMS 0x00000000fcf00000, 0x00000000fcf00000| Untracked 
|  16|0x00000000fd000000, 0x00000000fd000000, 0x00000000fd100000|  0%| F|  |TAMS 0x00000000fd000000, 0x00000000fd000000| Untracked 
|  17|0x00000000fd100000, 0x00000000fd100000, 0x00000000fd200000|  0%| F|  |TAMS 0x00000000fd100000, 0x00000000fd100000| Untracked 
|  18|0x00000000fd200000, 0x00000000fd200000, 0x00000000fd300000|  0%| F|  |TAMS 0x00000000fd200000, 0x00000000fd200000| Untracked 
|  19|0x00000000fd300000, 0x00000000fd300000, 0x00000000fd400000|  0%| F|  |TAMS 0x00000000fd300000, 0x00000000fd300000| Untracked 
|  20|0x00000000fd400000, 0x00000000fd400000, 0x00000000fd500000|  0%| F|  |TAMS 0x00000000fd400000, 0x00000000fd400000| Untracked 
|  21|0x00000000fd500000, 0x00000000fd500000, 0x00000000fd600000|  0%| F|  |TAMS 0x00000000fd500000, 0x00000000fd500000| Untracked 
|  22|0x00000000fd600000, 0x00000000fd600000, 0x00000000fd700000|  0%| F|  |TAMS 0x00000000fd600000, 0x00000000fd600000| Untracked 
|  23|0x00000000fd700000, 0x00000000fd700000, 0x00000000fd800000|  0%| F|  |TAMS 0x00000000fd700000, 0x00000000fd700000| Untracked 
|  24|0x00000000fd800000, 0x00000000fd800000, 0x00000000fd900000|  0%| F|  |TAMS 0x00000000fd800000, 0x00000000fd800000| Untracked 
|  25|0x00000000fd900000, 0x00000000fd900000, 0x00000000fda00000|  0%| F|  |TAMS 0x00000000fd900000, 0x00000000fd900000| Untracked 
|  26|0x00000000fda00000, 0x00000000fda00000, 0x00000000fdb00000|  0%| F|  |TAMS 0x00000000fda00000, 0x00000000fda00000| Untracked 
|  27|0x00000000fdb00000, 0x00000000fdb00000, 0x00000000fdc00000|  0%| F|  |TAMS 0x00000000fdb00000, 0x00000000fdb00000| Untracked 
|  28|0x00000000fdc00000, 0x00000000fdd00000, 0x00000000fdd00000|100%| S|CS|TAMS 0x00000000fdc00000, 0x00000000fdc00000| Complete 
|  29|0x00000000fdd00000, 0x00000000fde00000, 0x00000000fde00000|100%| S|CS|TAMS 0x00000000fdd00000, 0x00000000fdd00000| Complete 
|  30|0x00000000fde00000, 0x00000000fdf00000, 0x00000000fdf00000|100%| S|CS|TAMS 0x00000000fde00000, 0x00000000fde00000| Complete 
|  31|0x00000000fdf00000, 0x00000000fe000000, 0x00000000fe000000|100%| S|CS|TAMS 0x00000000fdf00000, 0x00000000fdf00000| Complete 
|  32|0x00000000fe000000, 0x00000000fe000000, 0x00000000fe100000|  0%| F|  |TAMS 0x00000000fe000000, 0x00000000fe000000| Untracked 
|  33|0x00000000fe100000, 0x00000000fe100000, 0x00000000fe200000|  0%| F|  |TAMS 0x00000000fe100000, 0x00000000fe100000| Untracked 
|  34|0x00000000fe200000, 0x00000000fe200000, 0x00000000fe300000|  0%| F|  |TAMS 0x00000000fe200000, 0x00000000fe200000| Untracked 
|  35|0x00000000fe300000, 0x00000000fe300000, 0x00000000fe400000|  0%| F|  |TAMS 0x00000000fe300000, 0x00000000fe300000| Untracked 
|  36|0x00000000fe400000, 0x00000000fe400000, 0x00000000fe500000|  0%| F|  |TAMS 0x00000000fe400000, 0x00000000fe400000| Untracked 
|  37|0x00000000fe500000, 0x00000000fe500000, 0x00000000fe600000|  0%| F|  |TAMS 0x00000000fe500000, 0x00000000fe500000| Untracked 
|  38|0x00000000fe600000, 0x00000000fe600000, 0x00000000fe700000|  0%| F|  |TAMS 0x00000000fe600000, 0x00000000fe600000| Untracked 
|  39|0x00000000fe700000, 0x00000000fe700000, 0x00000000fe800000|  0%| F|  |TAMS 0x00000000fe700000, 0x00000000fe700000| Untracked 
|  40|0x00000000fe800000, 0x00000000fe800000, 0x00000000fe900000|  0%| F|  |TAMS 0x00000000fe800000, 0x00000000fe800000| Untracked 
|  41|0x00000000fe900000, 0x00000000fe900000, 0x00000000fea00000|  0%| F|  |TAMS 0x00000000fe900000, 0x00000000fe900000| Untracked 
|  42|0x00000000fea00000, 0x00000000fea00000, 0x00000000feb00000|  0%| F|  |TAMS 0x00000000fea00000, 0x00000000fea00000| Untracked 
|  43|0x00000000feb00000, 0x00000000feb931c8, 0x00000000fec00000| 57%| E|  |TAMS 0x00000000feb00000, 0x00000000feb00000| Complete 
|  44|0x00000000fec00000, 0x00000000fed00000, 0x00000000fed00000|100%| E|CS|TAMS 0x00000000fec00000, 0x00000000fec00000| Complete 
|  45|0x00000000fed00000, 0x00000000fee00000, 0x00000000fee00000|100%| E|CS|TAMS 0x00000000fed00000, 0x00000000fed00000| Complete 
|  46|0x00000000fee00000, 0x00000000fef00000, 0x00000000fef00000|100%| E|CS|TAMS 0x00000000fee00000, 0x00000000fee00000| Complete 
|  47|0x00000000fef00000, 0x00000000ff000000, 0x00000000ff000000|100%| E|CS|TAMS 0x00000000fef00000, 0x00000000fef00000| Complete 
|  48|0x00000000ff000000, 0x00000000ff100000, 0x00000000ff100000|100%| E|CS|TAMS 0x00000000ff000000, 0x00000000ff000000| Complete 
|  49|0x00000000ff100000, 0x00000000ff200000, 0x00000000ff200000|100%| E|CS|TAMS 0x00000000ff100000, 0x00000000ff100000| Complete 
|  50|0x00000000ff200000, 0x00000000ff300000, 0x00000000ff300000|100%| E|CS|TAMS 0x00000000ff200000, 0x00000000ff200000| Complete 
|  51|0x00000000ff300000, 0x00000000ff400000, 0x00000000ff400000|100%| E|CS|TAMS 0x00000000ff300000, 0x00000000ff300000| Complete 
|  52|0x00000000ff400000, 0x00000000ff500000, 0x00000000ff500000|100%| E|CS|TAMS 0x00000000ff400000, 0x00000000ff400000| Complete 
|  53|0x00000000ff500000, 0x00000000ff600000, 0x00000000ff600000|100%| E|CS|TAMS 0x00000000ff500000, 0x00000000ff500000| Complete 
|  54|0x00000000ff600000, 0x00000000ff700000, 0x00000000ff700000|100%| E|CS|TAMS 0x00000000ff600000, 0x00000000ff600000| Complete 
|  55|0x00000000ff700000, 0x00000000ff800000, 0x00000000ff800000|100%| E|CS|TAMS 0x00000000ff700000, 0x00000000ff700000| Complete 
|  56|0x00000000ff800000, 0x00000000ff900000, 0x00000000ff900000|100%| E|CS|TAMS 0x00000000ff800000, 0x00000000ff800000| Complete 
|  57|0x00000000ff900000, 0x00000000ffa00000, 0x00000000ffa00000|100%| E|CS|TAMS 0x00000000ff900000, 0x00000000ff900000| Complete 
|  58|0x00000000ffa00000, 0x00000000ffb00000, 0x00000000ffb00000|100%| E|CS|TAMS 0x00000000ffa00000, 0x00000000ffa00000| Complete 
|  59|0x00000000ffb00000, 0x00000000ffc00000, 0x00000000ffc00000|100%| E|CS|TAMS 0x00000000ffb00000, 0x00000000ffb00000| Complete 
|  60|0x00000000ffc00000, 0x00000000ffd00000, 0x00000000ffd00000|100%| E|CS|TAMS 0x00000000ffc00000, 0x00000000ffc00000| Complete 
|  61|0x00000000ffd00000, 0x00000000ffe00000, 0x00000000ffe00000|100%| E|CS|TAMS 0x00000000ffd00000, 0x00000000ffd00000| Complete 
|  62|0x00000000ffe00000, 0x00000000fff00000, 0x00000000fff00000|100%| E|CS|TAMS 0x00000000ffe00000, 0x00000000ffe00000| Complete 
|  63|0x00000000fff00000, 0x0000000100000000, 0x0000000100000000|100%| E|CS|TAMS 0x00000000fff00000, 0x00000000fff00000| Complete 

Card table byte_map: [0x000001d17bd00000,0x000001d17bd20000] _byte_map_base: 0x000001d17b520000

Marking Bits (Prev, Next): (CMBitMap*) 0x000001d1721e1460, (CMBitMap*) 0x000001d1721e14a0
 Prev Bits: [0x000001d17bd40000, 0x000001d17be40000)
 Next Bits: [0x000001d17be40000, 0x000001d17bf40000)

Polling page: 0x000001d172290000

Metaspace:

Usage:
  Non-class:      8.92 MB used.
      Class:      1.31 MB used.
       Both:     10.23 MB used.

Virtual space:
  Non-class space:       64.00 MB reserved,       9.06 MB ( 14%) committed,  1 nodes.
      Class space:        1.00 GB reserved,       1.38 MB ( <1%) committed,  1 nodes.
             Both:        1.06 GB reserved,      10.44 MB ( <1%) committed. 

Chunk freelists:
   Non-Class:  6.22 MB
       Class:  14.45 MB
        Both:  20.67 MB

MaxMetaspaceSize: unlimited
CompressedClassSpaceSize: 1.00 GB
Initial GC threshold: 21.00 MB
Current GC threshold: 21.00 MB
CDS: on
MetaspaceReclaimPolicy: balanced
 - commit_granule_bytes: 65536.
 - commit_granule_words: 8192.
 - virtual_space_node_default_size: 8388608.
 - enlarge_chunks_in_place: 1.
 - new_chunks_are_fully_committed: 0.
 - uncommit_free_chunks: 1.
 - use_allocation_guard: 0.
 - handle_deallocations: 1.


Internal statistics:

num_allocs_failed_limit: 0.
num_arena_births: 90.
num_arena_deaths: 0.
num_vsnodes_births: 2.
num_vsnodes_deaths: 0.
num_space_committed: 167.
num_space_uncommitted: 0.
num_chunks_returned_to_freelist: 0.
num_chunks_taken_from_freelist: 376.
num_chunk_merges: 0.
num_chunk_splits: 252.
num_chunks_enlarged: 200.
num_inconsistent_stats: 0.

CodeHeap 'non-profiled nmethods': size=120000Kb used=1066Kb max_used=1066Kb free=118933Kb
 bounds [0x000001d107ad0000, 0x000001d107d40000, 0x000001d10f000000]
CodeHeap 'profiled nmethods': size=120000Kb used=4135Kb max_used=4135Kb free=115864Kb
 bounds [0x000001d100000000, 0x000001d100410000, 0x000001d107530000]
CodeHeap 'non-nmethods': size=5760Kb used=1191Kb max_used=1234Kb free=4569Kb
 bounds [0x000001d107530000, 0x000001d1077a0000, 0x000001d107ad0000]
 total_blobs=2663 nmethods=2172 adapters=404
 compilation: enabled
              stopped_count=0, restarted_count=0
 full_count=0

Compilation events (20 events):
Event: 542.593 Thread 0x000001d17228cb50 nmethod 2175 0x000001d107bc8290 code [0x000001d107bc8540, 0x000001d107bc9f60]
Event: 544.055 Thread 0x000001d17228cb50 2176   !   4       java.util.concurrent.locks.AbstractQueuedSynchronizer::acquire (407 bytes)
Event: 544.060 Thread 0x000001d17228cb50 nmethod 2176 0x000001d107bcb210 code [0x000001d107bcb3a0, 0x000001d107bcb618]
Event: 544.759 Thread 0x000001d17228cb50 2177       4       java.util.AbstractList::equals (117 bytes)
Event: 544.785 Thread 0x000001d17228cb50 nmethod 2177 0x000001d107bcb890 code [0x000001d107bcbae0, 0x000001d107bcc5b8]
Event: 554.159 Thread 0x000001d17228cb50 2179       4       org.gradle.internal.logging.console.WorkInProgressRenderer::renderNow (351 bytes)
Event: 555.596 Thread 0x000001d17228cb50 nmethod 2179 0x000001d107bcd410 code [0x000001d107bcda80, 0x000001d107bd3c88]
Event: 555.597 Thread 0x000001d17228cb50 2180       4       org.gradle.internal.time.MonotonicClock::getCurrentTime (70 bytes)
Event: 555.617 Thread 0x000001d17228cb50 nmethod 2180 0x000001d107bd8310 code [0x000001d107bd84a0, 0x000001d107bd8728]
Event: 559.462 Thread 0x000001d17228cb50 2181       4       java.util.HashMap$ValueIterator::next (8 bytes)
Event: 559.472 Thread 0x000001d17228cb50 nmethod 2181 0x000001d107bd8990 code [0x000001d107bd8b20, 0x000001d107bd8ef8]
Event: 560.959 Thread 0x000001d17228cb50 2182       4       java.nio.Buffer::position (52 bytes)
Event: 560.962 Thread 0x000001d17228cb50 nmethod 2182 0x000001d107bd9090 code [0x000001d107bd9200, 0x000001d107bd92d8]
Event: 563.275 Thread 0x000001d17e928c20 2183       3       org.gradle.internal.logging.console.WorkInProgressRenderer$AssociationLabel::renderNow (24 bytes)
Event: 563.350 Thread 0x000001d17e928c20 nmethod 2183 0x000001d100409790 code [0x000001d100409940, 0x000001d100409b68]
Event: 570.455 Thread 0x000001d17228cb50 2184       4       com.google.common.collect.ImmutableList::equals (6 bytes)
Event: 570.467 Thread 0x000001d17228cb50 nmethod 2184 0x000001d107bd9390 code [0x000001d107bd9540, 0x000001d107bd9ad8]
Event: 570.467 Thread 0x000001d17228cb50 2185       4       com.google.common.collect.Lists::equalsImpl (114 bytes)
Event: 570.474 Thread 0x000001d17228cb50 nmethod 2185 0x000001d107bd9f10 code [0x000001d107bda0c0, 0x000001d107bda658]
Event: 573.269 Thread 0x000001d17228cb50 2186       4       org.gradle.internal.logging.console.BuildStatusRenderer::onOutput (350 bytes)

GC Heap History (4 events):
Event: 2.104 GC heap before
{Heap before GC invocations=0 (full 0):
 garbage-first heap   total 65536K, used 23552K [0x00000000fc000000, 0x0000000100000000)
  region size 1024K, 23 young (23552K), 0 survivors (0K)
 Metaspace       used 1752K, committed 1856K, reserved 1114112K
  class space    used 160K, committed 192K, reserved 1048576K
}
Event: 2.115 GC heap after
{Heap after GC invocations=1 (full 0):
 garbage-first heap   total 65536K, used 1792K [0x00000000fc000000, 0x0000000100000000)
  region size 1024K, 2 young (2048K), 2 survivors (2048K)
 Metaspace       used 1752K, committed 1856K, reserved 1114112K
  class space    used 160K, committed 192K, reserved 1048576K
}
Event: 5.635 GC heap before
{Heap before GC invocations=1 (full 0):
 garbage-first heap   total 65536K, used 35584K [0x00000000fc000000, 0x0000000100000000)
  region size 1024K, 32 young (32768K), 2 survivors (2048K)
 Metaspace       used 7477K, committed 7680K, reserved 1114112K
  class space    used 1024K, committed 1088K, reserved 1048576K
}
Event: 5.647 GC heap after
{Heap after GC invocations=2 (full 0):
 garbage-first heap   total 65536K, used 11197K [0x00000000fc000000, 0x0000000100000000)
  region size 1024K, 4 young (4096K), 4 survivors (4096K)
 Metaspace       used 7477K, committed 7680K, reserved 1114112K
  class space    used 1024K, committed 1088K, reserved 1048576K
}

Deoptimization events (20 events):
Event: 6.914 Thread 0x000001d17eccafa0 Uncommon trap: trap_request=0xffffff45 fr.pc=0x000001d107b2f9bc relative=0x000000000000049c
Event: 6.914 Thread 0x000001d17eccafa0 Uncommon trap: reason=unstable_if action=reinterpret pc=0x000001d107b2f9bc method=java.lang.AbstractStringBuilder.putStringAt(ILjava/lang/String;II)V @ 8 c2
Event: 6.914 Thread 0x000001d17eccafa0 DEOPT PACKING pc=0x000001d107b2f9bc sp=0x00000034187fec60
Event: 6.914 Thread 0x000001d17eccafa0 DEOPT UNPACKING pc=0x000001d1075823a3 sp=0x00000034187feaf8 mode 2
Event: 6.914 Thread 0x000001d17eccafa0 Uncommon trap: trap_request=0xffffff45 fr.pc=0x000001d107b19134 relative=0x0000000000000494
Event: 6.914 Thread 0x000001d17eccafa0 Uncommon trap: reason=unstable_if action=reinterpret pc=0x000001d107b19134 method=java.lang.AbstractStringBuilder.putStringAt(ILjava/lang/String;II)V @ 8 c2
Event: 6.914 Thread 0x000001d17eccafa0 DEOPT PACKING pc=0x000001d107b19134 sp=0x00000034187fec00
Event: 6.914 Thread 0x000001d17eccafa0 DEOPT UNPACKING pc=0x000001d1075823a3 sp=0x00000034187feaf0 mode 2
Event: 6.914 Thread 0x000001d17eccafa0 Uncommon trap: trap_request=0xffffff45 fr.pc=0x000001d107b633ec relative=0x00000000000003cc
Event: 6.914 Thread 0x000001d17eccafa0 Uncommon trap: reason=unstable_if action=reinterpret pc=0x000001d107b633ec method=java.lang.AbstractStringBuilder.isLatin1()Z @ 10 c2
Event: 6.914 Thread 0x000001d17eccafa0 DEOPT PACKING pc=0x000001d107b633ec sp=0x00000034187fec80
Event: 6.914 Thread 0x000001d17eccafa0 DEOPT UNPACKING pc=0x000001d1075823a3 sp=0x00000034187fec00 mode 2
Event: 19.581 Thread 0x000001d17eccafa0 Uncommon trap: trap_request=0xffffff45 fr.pc=0x000001d107add980 relative=0x0000000000000080
Event: 19.581 Thread 0x000001d17eccafa0 Uncommon trap: reason=unstable_if action=reinterpret pc=0x000001d107add980 method=java.lang.String.codePointAt(I)I @ 4 c2
Event: 19.581 Thread 0x000001d17eccafa0 DEOPT PACKING pc=0x000001d107add980 sp=0x00000034187febf0
Event: 19.581 Thread 0x000001d17eccafa0 DEOPT UNPACKING pc=0x000001d1075823a3 sp=0x00000034187feb88 mode 2
Event: 19.915 Thread 0x000001d1721bf3f0 Uncommon trap: trap_request=0xffffff45 fr.pc=0x000001d107b4e470 relative=0x0000000000000a50
Event: 19.915 Thread 0x000001d1721bf3f0 Uncommon trap: reason=unstable_if action=reinterpret pc=0x000001d107b4e470 method=java.util.HashMap.putVal(ILjava/lang/Object;Ljava/lang/Object;ZZ)Ljava/lang/Object; @ 162 c2
Event: 19.915 Thread 0x000001d1721bf3f0 DEOPT PACKING pc=0x000001d107b4e470 sp=0x0000003416cfadd0
Event: 19.915 Thread 0x000001d1721bf3f0 DEOPT UNPACKING pc=0x000001d1075823a3 sp=0x0000003416cfacf8 mode 2

Classes unloaded (0 events):
No events

Classes redefined (0 events):
No events

Internal exceptions (20 events):
Event: 4.006 Thread 0x000001d1721bf3f0 Implicit null exception at 0x000001d107b17e8a to 0x000001d107b18378
Event: 4.006 Thread 0x000001d1721bf3f0 Implicit null exception at 0x000001d107b0090f to 0x000001d107b00989
Event: 4.058 Thread 0x000001d1721bf3f0 Exception <a 'java/lang/NoClassDefFoundError'{0x00000000ff0d4720}: org/slf4j/impl/StaticMarkerBinder> (0x00000000ff0d4720) 
thrown [s\open\src\hotspot\share\classfile\systemDictionary.cpp, line 245]
Event: 4.190 Thread 0x000001d1721bf3f0 Exception <a 'java/lang/NoSuchMethodError'{0x00000000feff7a10}: 'java.lang.Object java.lang.invoke.Invokers$Holder.invoker(java.lang.Object, java.lang.Object, java.lang.Object)'> (0x00000000feff7a10) 
thrown [s\open\src\hotspot\share\interpreter\linkResolver.cpp, line 759]
Event: 4.195 Thread 0x000001d1721bf3f0 Exception <a 'java/lang/NoSuchMethodError'{0x00000000fee01008}: 'java.lang.Object java.lang.invoke.DirectMethodHandle$Holder.invokeStatic(java.lang.Object, java.lang.Object, int)'> (0x00000000fee01008) 
thrown [s\open\src\hotspot\share\interpreter\linkResolver.cpp, line 759]
Event: 4.200 Thread 0x000001d1721bf3f0 Exception <a 'java/lang/NoSuchMethodError'{0x00000000fee0ccf8}: 'void java.lang.invoke.DelegatingMethodHandle$Holder.delegate(java.lang.Object, java.lang.Object, int, java.lang.Object)'> (0x00000000fee0ccf8) 
thrown [s\open\src\hotspot\share\interpreter\linkResolver.cpp, line 759]
Event: 4.210 Thread 0x000001d1721bf3f0 Exception <a 'java/lang/NoSuchMethodError'{0x00000000fee20340}: 'java.lang.Object java.lang.invoke.Invokers$Holder.invokeExact_MT(java.lang.Object, java.lang.Object, java.lang.Object, java.lang.Object)'> (0x00000000fee20340) 
thrown [s\open\src\hotspot\share\interpreter\linkResolver.cpp, line 759]
Event: 4.230 Thread 0x000001d1721bf3f0 Exception <a 'java/lang/NoSuchMethodError'{0x00000000fee4ba38}: 'java.lang.Object java.lang.invoke.DirectMethodHandle$Holder.invokeVirtual(java.lang.Object, java.lang.Object, java.lang.Object)'> (0x00000000fee4ba38) 
thrown [s\open\src\hotspot\share\interpreter\linkResolver.cpp, line 759]
Event: 4.607 Thread 0x000001d1721bf3f0 Exception <a 'java/lang/NoSuchMethodError'{0x00000000feab1a60}: 'java.lang.Object java.lang.invoke.DirectMethodHandle$Holder.newInvokeSpecial(java.lang.Object, java.lang.Object, java.lang.Object, java.lang.Object, java.lang.Object)'> (0x00000000feab1a60) 
thrown [s\open\src\hotspot\share\interpreter\linkResolver.cpp, line 759]
Event: 4.680 Thread 0x000001d1721bf3f0 Exception <a 'java/lang/NoSuchMethodError'{0x00000000fe630920}: 'void java.lang.invoke.DirectMethodHandle$Holder.invokeSpecial(java.lang.Object, java.lang.Object, java.lang.Object)'> (0x00000000fe630920) 
thrown [s\open\src\hotspot\share\interpreter\linkResolver.cpp, line 759]
Event: 5.310 Thread 0x000001d1721bf3f0 Exception <a 'java/lang/NoSuchMethodError'{0x00000000fe444fd8}: 'void java.lang.invoke.DirectMethodHandle$Holder.invokeStatic(java.lang.Object, java.lang.Object, java.lang.Object)'> (0x00000000fe444fd8) 
thrown [s\open\src\hotspot\share\interpreter\linkResolver.cpp, line 759]
Event: 5.505 Thread 0x000001d1721bf3f0 Exception <a 'java/lang/NoSuchMethodError'{0x00000000fe2e1680}: 'java.lang.Object java.lang.invoke.DirectMethodHandle$Holder.newInvokeSpecial(java.lang.Object, java.lang.Object, java.lang.Object, java.lang.Object, java.lang.Object, java.lang.Object, java.lang.Object, java.lang.Object, java.lang.Object, java.lang.Object, java.lang.Object, java.lang.Object, java.lang.Object, java.lang.Object, java.lang.Object, java.lang.Object, java.lang.Object, java.lang.Object, java.lang.Object, java.lang.Object, java.lang
Event: 5.508 Thread 0x000001d1721bf3f0 Exception <a 'java/lang/NoSuchMethodError'{0x00000000fe2edc88}: 'java.lang.Object java.lang.invoke.Invokers$Holder.linkToTargetMethod(java.lang.Object, java.lang.Object, java.lang.Object, java.lang.Object, java.lang.Object, java.lang.Object, java.lang.Object, java.lang.Object, java.lang.Object, java.lang.Object, java.lang.Object, java.lang.Object, java.lang.Object, java.lang.Object, java.lang.Object, java.lang.Object, java.lang.Object, java.lang.Object, java.lang.Object, java.lang.Object, java.lang.Object,
Event: 5.681 Thread 0x000001d1721bf3f0 Exception <a 'java/lang/NoSuchMethodError'{0x00000000fff78db8}: 'java.lang.Object java.lang.invoke.DirectMethodHandle$Holder.invokeStaticInit(java.lang.Object, int, int, int, int)'> (0x00000000fff78db8) 
thrown [s\open\src\hotspot\share\interpreter\linkResolver.cpp, line 759]
Event: 5.912 Thread 0x000001d1721bf3f0 Exception <a 'java/lang/NoSuchMethodError'{0x00000000fffd6420}: 'java.lang.Object java.lang.invoke.DirectMethodHandle$Holder.invokeStaticInit(java.lang.Object, java.lang.Object, int, int, int, int)'> (0x00000000fffd6420) 
thrown [s\open\src\hotspot\share\interpreter\linkResolver.cpp, line 759]
Event: 6.846 Thread 0x000001d17eccafa0 Exception <a 'java/lang/NoSuchMethodError'{0x00000000ff68e338}: 'void java.lang.invoke.DirectMethodHandle$Holder.invokeStatic(java.lang.Object, long)'> (0x00000000ff68e338) 
thrown [s\open\src\hotspot\share\interpreter\linkResolver.cpp, line 759]
Event: 6.847 Thread 0x000001d17eccafa0 Exception <a 'java/lang/NoSuchMethodError'{0x00000000ff693c90}: 'java.lang.Object java.lang.invoke.DirectMethodHandle$Holder.newInvokeSpecial(java.lang.Object, long)'> (0x00000000ff693c90) 
thrown [s\open\src\hotspot\share\interpreter\linkResolver.cpp, line 759]
Event: 6.860 Thread 0x000001d17eccafa0 Exception <a 'java/lang/NoSuchMethodError'{0x00000000ff69e838}: 'java.lang.Object java.lang.invoke.DirectMethodHandle$Holder.invokeStaticInit(java.lang.Object, java.lang.Object, long, java.lang.Object)'> (0x00000000ff69e838) 
thrown [s\open\src\hotspot\share\interpreter\linkResolver.cpp, line 759]
Event: 6.863 Thread 0x000001d17eccafa0 Exception <a 'java/lang/NoSuchMethodError'{0x00000000ff6a4ec0}: 'java.lang.Object java.lang.invoke.DirectMethodHandle$Holder.newInvokeSpecial(java.lang.Object, java.lang.Object, long)'> (0x00000000ff6a4ec0) 
thrown [s\open\src\hotspot\share\interpreter\linkResolver.cpp, line 759]
Event: 6.864 Thread 0x000001d17eccafa0 Exception <a 'java/lang/NoSuchMethodError'{0x00000000ff6a91b0}: 'java.lang.Object java.lang.invoke.Invokers$Holder.linkToTargetMethod(java.lang.Object, long, java.lang.Object)'> (0x00000000ff6a91b0) 
thrown [s\open\src\hotspot\share\interpreter\linkResolver.cpp, line 759]

VM Operations (20 events):
Event: 448.684 Executing VM operation: Cleanup
Event: 448.685 Executing VM operation: Cleanup done
Event: 449.699 Executing VM operation: Cleanup
Event: 449.699 Executing VM operation: Cleanup done
Event: 469.861 Executing VM operation: Cleanup
Event: 469.861 Executing VM operation: Cleanup done
Event: 475.916 Executing VM operation: Cleanup
Event: 475.917 Executing VM operation: Cleanup done
Event: 483.986 Executing VM operation: Cleanup
Event: 483.986 Executing VM operation: Cleanup done
Event: 486.013 Executing VM operation: Cleanup
Event: 486.014 Executing VM operation: Cleanup done
Event: 489.030 Executing VM operation: Cleanup
Event: 489.030 Executing VM operation: Cleanup done
Event: 508.203 Executing VM operation: Cleanup
Event: 508.203 Executing VM operation: Cleanup done
Event: 522.313 Executing VM operation: Cleanup
Event: 522.313 Executing VM operation: Cleanup done
Event: 541.472 Executing VM operation: Cleanup
Event: 541.480 Executing VM operation: Cleanup done

Events (20 events):
Event: 19.963 loading class java/nio/channels/Pipe$SourceChannel done
Event: 19.964 loading class sun/nio/ch/SourceChannelImpl done
Event: 19.964 loading class sun/nio/ch/SinkChannelImpl
Event: 19.964 loading class java/nio/channels/Pipe$SinkChannel
Event: 19.964 loading class java/nio/channels/Pipe$SinkChannel done
Event: 19.964 loading class sun/nio/ch/SinkChannelImpl done
Event: 19.968 loading class sun/nio/ch/SelectionKeyImpl
Event: 19.968 loading class java/nio/channels/spi/AbstractSelectionKey
Event: 19.969 loading class java/nio/channels/SelectionKey
Event: 19.969 loading class java/nio/channels/SelectionKey done
Event: 19.969 loading class java/nio/channels/spi/AbstractSelectionKey done
Event: 19.969 loading class sun/nio/ch/SelectionKeyImpl done
Event: 19.969 loading class java/lang/invoke/ConstantBootstraps
Event: 19.969 loading class java/lang/invoke/ConstantBootstraps done
Event: 20.031 loading class java/nio/channels/spi/AbstractSelector$1
Event: 20.031 loading class java/nio/channels/spi/AbstractSelector$1 done
Event: 20.838 loading class java/util/concurrent/Executors$FinalizableDelegatedExecutorService
Event: 20.838 loading class java/util/concurrent/Executors$FinalizableDelegatedExecutorService done
Event: 91.571 loading class java/util/ArrayList$ListItr
Event: 91.571 loading class java/util/ArrayList$ListItr done


Dynamic libraries:
0x00007ff6bdb30000 - 0x00007ff6bdb40000 	C:\Program Files\Java\jdk-17\bin\java.exe
0x00007ff863fc0000 - 0x00007ff864228000 	C:\WINDOWS\SYSTEM32\ntdll.dll
0x00007ff862560000 - 0x00007ff862629000 	C:\WINDOWS\System32\KERNEL32.DLL
0x00007ff861310000 - 0x00007ff861708000 	C:\WINDOWS\System32\KERNELBASE.dll
0x00007ff861110000 - 0x00007ff86125b000 	C:\WINDOWS\System32\ucrtbase.dll
0x00007ff843ae0000 - 0x00007ff843af9000 	C:\Program Files\Java\jdk-17\bin\jli.dll
0x00007ff863340000 - 0x00007ff8633f4000 	C:\WINDOWS\System32\ADVAPI32.dll
0x00007ff8621f0000 - 0x00007ff862299000 	C:\WINDOWS\System32\msvcrt.dll
0x00007ff863530000 - 0x00007ff8635d6000 	C:\WINDOWS\System32\sechost.dll
0x00007ff863220000 - 0x00007ff863338000 	C:\WINDOWS\System32\RPCRT4.dll
0x00007ff8637b0000 - 0x00007ff863977000 	C:\WINDOWS\System32\USER32.dll
0x00007ff8619b0000 - 0x00007ff8619d7000 	C:\WINDOWS\System32\win32u.dll
0x00007ff8634e0000 - 0x00007ff86350b000 	C:\WINDOWS\System32\GDI32.dll
0x00007ff8415f0000 - 0x00007ff84160b000 	C:\Program Files\Java\jdk-17\bin\VCRUNTIME140.dll
0x00007ff861880000 - 0x00007ff8619ac000 	C:\WINDOWS\System32\gdi32full.dll
0x00007ff861260000 - 0x00007ff861303000 	C:\WINDOWS\System32\msvcp_win.dll
0x00007ff84de80000 - 0x00007ff84e114000 	C:\WINDOWS\WinSxS\amd64_microsoft.windows.common-controls_6595b64144ccf1df_6.0.26100.7019_none_3e06ffa0e335b8a8\COMCTL32.dll
0x00007ff85a120000 - 0x00007ff85a12b000 	C:\WINDOWS\SYSTEM32\VERSION.dll
0x00007ff863040000 - 0x00007ff863071000 	C:\WINDOWS\System32\IMM32.DLL
0x00007ff846710000 - 0x00007ff84671c000 	C:\Program Files\Java\jdk-17\bin\vcruntime140_1.dll
0x00007ff827600000 - 0x00007ff82768e000 	C:\Program Files\Java\jdk-17\bin\msvcp140.dll
0x00007fff93090000 - 0x00007fff93c70000 	C:\Program Files\Java\jdk-17\bin\server\jvm.dll
0x00007ff863510000 - 0x00007ff863518000 	C:\WINDOWS\System32\PSAPI.DLL
0x00007ff836790000 - 0x00007ff83679a000 	C:\WINDOWS\SYSTEM32\WSOCK32.dll
0x00007ff863e00000 - 0x00007ff863e74000 	C:\WINDOWS\System32\WS2_32.dll
0x00007ff85a0e0000 - 0x00007ff85a115000 	C:\WINDOWS\SYSTEM32\WINMM.dll
0x00007ff85fe90000 - 0x00007ff85feab000 	C:\WINDOWS\SYSTEM32\kernel.appcore.dll
0x00007ff8463b0000 - 0x00007ff8463ba000 	C:\Program Files\Java\jdk-17\bin\jimage.dll
0x00007ff854940000 - 0x00007ff854b82000 	C:\WINDOWS\SYSTEM32\DBGHELP.DLL
0x00007ff863a70000 - 0x00007ff863dfb000 	C:\WINDOWS\System32\combase.dll
0x00007ff863400000 - 0x00007ff8634d7000 	C:\WINDOWS\System32\OLEAUT32.dll
0x00007ff84d850000 - 0x00007ff84d88c000 	C:\WINDOWS\SYSTEM32\dbgcore.DLL
0x00007ff8619e0000 - 0x00007ff861a85000 	C:\WINDOWS\System32\bcryptPrimitives.dll
0x00007ff834b60000 - 0x00007ff834b85000 	C:\Program Files\Java\jdk-17\bin\java.dll
0x00007ff8012d0000 - 0x00007ff8013a7000 	C:\Program Files\Java\jdk-17\bin\jsvml.dll
0x00007ff862710000 - 0x00007ff862e5f000 	C:\WINDOWS\System32\SHELL32.dll
0x00007ff861710000 - 0x00007ff86187b000 	C:\WINDOWS\System32\wintypes.dll
0x00007ff85ed10000 - 0x00007ff85f56d000 	C:\WINDOWS\SYSTEM32\windows.storage.dll
0x00007ff8636b0000 - 0x00007ff8637a2000 	C:\WINDOWS\System32\SHCORE.dll
0x00007ff863a00000 - 0x00007ff863a67000 	C:\WINDOWS\System32\shlwapi.dll
0x00007ff861030000 - 0x00007ff861059000 	C:\WINDOWS\SYSTEM32\profapi.dll
0x00007ff836a80000 - 0x00007ff836a99000 	C:\Program Files\Java\jdk-17\bin\net.dll
0x00007ff856dc0000 - 0x00007ff856ee8000 	C:\WINDOWS\SYSTEM32\WINHTTP.dll
0x00007ff8603e0000 - 0x00007ff86044b000 	C:\WINDOWS\system32\mswsock.dll
0x00007ff834c70000 - 0x00007ff834c86000 	C:\Program Files\Java\jdk-17\bin\nio.dll
0x00007ff834b00000 - 0x00007ff834b18000 	C:\Program Files\Java\jdk-17\bin\zip.dll
0x00007ff844bd0000 - 0x00007ff844be0000 	C:\Program Files\Java\jdk-17\bin\verify.dll
0x00007ff8447b0000 - 0x00007ff8447ba000 	C:\Program Files\Java\jdk-17\bin\management.dll
0x00007ff844590000 - 0x00007ff84459b000 	C:\Program Files\Java\jdk-17\bin\management_ext.dll
0x00007ff833c20000 - 0x00007ff833c47000 	C:\Users\juane\.gradle\native\1def1411415f61bf3af743bc5b6707747c0891f09f0c88961ee8f79bc544acac\windows-amd64\native-platform.dll
0x00007ff8444e0000 - 0x00007ff8444ea000 	C:\Users\juane\.gradle\native\jansi\1.18\windows64\jansi.dll
0x00007ff85f880000 - 0x00007ff85f8b4000 	C:\WINDOWS\SYSTEM32\IPHLPAPI.DLL
0x00007ff862550000 - 0x00007ff86255a000 	C:\WINDOWS\System32\NSI.dll
0x00007ff856d10000 - 0x00007ff856d2e000 	C:\WINDOWS\SYSTEM32\dhcpcsvc6.DLL
0x00007ff856ce0000 - 0x00007ff856d03000 	C:\WINDOWS\SYSTEM32\dhcpcsvc.DLL
0x00007ff85f8c0000 - 0x00007ff85f9ec000 	C:\WINDOWS\SYSTEM32\DNSAPI.dll
0x00007ff8607d0000 - 0x00007ff8607eb000 	C:\WINDOWS\SYSTEM32\CRYPTSP.dll
0x00007ff85fdf0000 - 0x00007ff85fe2a000 	C:\WINDOWS\system32\rsaenh.dll
0x00007ff860490000 - 0x00007ff8604bb000 	C:\WINDOWS\SYSTEM32\USERENV.dll
0x00007ff861000000 - 0x00007ff86102a000 	C:\WINDOWS\SYSTEM32\bcrypt.dll
0x00007ff860630000 - 0x00007ff86063c000 	C:\WINDOWS\SYSTEM32\CRYPTBASE.dll
0x00007ff842370000 - 0x00007ff84237e000 	C:\Program Files\Java\jdk-17\bin\sunmscapi.dll
0x00007ff861a90000 - 0x00007ff861c07000 	C:\WINDOWS\System32\CRYPT32.dll
0x00007ff860920000 - 0x00007ff860950000 	C:\WINDOWS\SYSTEM32\ncrypt.dll
0x00007ff8608d0000 - 0x00007ff86090f000 	C:\WINDOWS\SYSTEM32\NTASN1.dll
0x00007ff800e40000 - 0x00007ff800e48000 	C:\WINDOWS\system32\wshunix.dll

dbghelp: loaded successfully - version: 4.0.5 - missing functions: none
symbol engine: initialized successfully - sym options: 0x614 - pdb path: .;C:\Program Files\Java\jdk-17\bin;C:\WINDOWS\SYSTEM32;C:\WINDOWS\WinSxS\amd64_microsoft.windows.common-controls_6595b64144ccf1df_6.0.26100.7019_none_3e06ffa0e335b8a8;C:\Program Files\Java\jdk-17\bin\server;C:\Users\juane\.gradle\native\1def1411415f61bf3af743bc5b6707747c0891f09f0c88961ee8f79bc544acac\windows-amd64;C:\Users\juane\.gradle\native\jansi\1.18\windows64

VM Arguments:
jvm_args: -Xmx64m -Xms64m -Dorg.gradle.appname=gradlew 
java_command: org.gradle.wrapper.GradleWrapperMain :ms-education:bootRun
java_class_path (initial): J:\GEMS\gems-lms-api\\gradle\wrapper\gradle-wrapper.jar
Launcher Type: SUN_STANDARD

[Global flags]
     intx CICompilerCount                          = 4                                         {product} {ergonomic}
     uint ConcGCThreads                            = 2                                         {product} {ergonomic}
     uint G1ConcRefinementThreads                  = 8                                         {product} {ergonomic}
   size_t G1HeapRegionSize                         = 1048576                                   {product} {ergonomic}
    uintx GCDrainStackTargetSize                   = 64                                        {product} {ergonomic}
   size_t InitialHeapSize                          = 67108864                                  {product} {command line}
   size_t MarkStackSize                            = 4194304                                   {product} {ergonomic}
   size_t MaxHeapSize                              = 67108864                                  {product} {command line}
   size_t MaxNewSize                               = 39845888                                  {product} {ergonomic}
   size_t MinHeapDeltaBytes                        = 1048576                                   {product} {ergonomic}
   size_t MinHeapSize                              = 67108864                                  {product} {command line}
    uintx NonNMethodCodeHeapSize                   = 5839372                                {pd product} {ergonomic}
    uintx NonProfiledCodeHeapSize                  = 122909434                              {pd product} {ergonomic}
    uintx ProfiledCodeHeapSize                     = 122909434                              {pd product} {ergonomic}
    uintx ReservedCodeCacheSize                    = 251658240                              {pd product} {ergonomic}
     bool SegmentedCodeCache                       = true                                      {product} {ergonomic}
   size_t SoftMaxHeapSize                          = 67108864                               {manageable} {ergonomic}
     bool UseCompressedClassPointers               = true                           {product lp64_product} {ergonomic}
     bool UseCompressedOops                        = true                           {product lp64_product} {ergonomic}
     bool UseG1GC                                  = true                                      {product} {ergonomic}
     bool UseLargePagesIndividualAllocation        = false                                  {pd product} {ergonomic}

Logging:
Log output configuration:
 #0: stdout all=warning uptime,level,tags
 #1: stderr all=off uptime,level,tags

Environment Variables:
JAVA_HOME=C:\Program Files\Java\jdk-17
CLASSPATH=J:\GEMS\gems-lms-api\\gradle\wrapper\gradle-wrapper.jar
PATH=C:\Program Files\Java\jdk-17\bin;C:\Program Files\Common Files\Oracle\Java\javapath;C:\ProgramData\Oracle\Java\javapath;C:\WINDOWS\system32;C:\WINDOWS;C:\WINDOWS\System32\Wbem;C:\WINDOWS\System32\WindowsPowerShell\v1.0\;C:\WINDOWS\System32\OpenSSH\;C:\Program Files\Azure Data Studio\bin;C:\Program Files\Git\cmd;C:\Program Files\dotnet\;C:\Program Files (x86)\Microsoft SQL Server\160\Tools\Binn\;C:\Program Files\Microsoft SQL Server\160\Tools\Binn\;C:\Program Files\Microsoft SQL Server\Client SDK\ODBC\170\Tools\Binn\;C:\Program Files\Microsoft SQL Server\160\DTS\Binn\;C:\Program Files\Microsoft SQL Server\150\Tools\Binn\;C:\Program Files\nodejs\;C:\Users\juane\AppData\Local\Microsoft\WindowsApps;C:\Program Files\Java\jdk-19\bin;;C:\Program Files\JetBrains\IntelliJ IDEA 2022.3.2\bin;;C:\Program Files\Azure Data Studio\bin;C:\Users\juane\.dotnet\tools;C:\Users\juane\AppData\Local\Programs\Microsoft VS Code\bin;C:\Users\juane\AppData\Roaming\npm;C:\Users\juane\AppData\Local\Python\bin
USERNAME=juane
OS=Windows_NT
PROCESSOR_IDENTIFIER=AMD64 Family 23 Model 24 Stepping 1, AuthenticAMD



---------------  S Y S T E M  ---------------

OS:
 Windows 11 , 64 bit Build 26100 (10.0.26100.7019)
OS uptime: 8 days 5:33 hours
Hyper-V role detected

CPU: total 8 (initial active 8) (8 cores per cpu, 2 threads per core) family 23 model 24 stepping 1 microcode 0x810810e, cx8, cmov, fxsr, ht, mmx, 3dnowpref, sse, sse2, sse3, ssse3, sse4a, sse4.1, sse4.2, popcnt, lzcnt, tsc, tscinvbit, avx, avx2, aes, clmul, bmi1, bmi2, adx, sha, fma, vzeroupper, clflush, clflushopt, hv

Memory: 4k page, system-wide physical 6030M (713M free)
TotalPageFile size 24462M (AvailPageFile size 0M)
current process WorkingSet (physical memory assigned to process): 20M, peak: 106M
current process commit charge ("private bytes"): 171M, peak: 189M

vm_info: Java HotSpot(TM) 64-Bit Server VM (17.0.12+8-LTS-286) for windows-amd64 JRE (17.0.12+8-LTS-286), built on Jun  5 2024 06:46:59 by "mach5one" with MS VC++ 17.6 (VS2022)

END.
